running egg_info
writing ../build/lab5/lab5.egg-info/PKG-INFO
writing dependency_links to ../build/lab5/lab5.egg-info/dependency_links.txt
writing entry points to ../build/lab5/lab5.egg-info/entry_points.txt
writing requirements to ../build/lab5/lab5.egg-info/requires.txt
writing top-level names to ../build/lab5/lab5.egg-info/top_level.txt
reading manifest file '../build/lab5/lab5.egg-info/SOURCES.txt'
writing manifest file '../build/lab5/lab5.egg-info/SOURCES.txt'
running build
running build_py
running install
running install_lib
running install_data
running install_egg_info
removing '/uolstore/home/users/sc23oy/ros2_ws/src/install/lab5/lib/python3.10/site-packages/lab5-0.0.0-py3.10.egg-info' (and everything under it)
Copying ../build/lab5/lab5.egg-info to /uolstore/home/users/sc23oy/ros2_ws/src/install/lab5/lib/python3.10/site-packages/lab5-0.0.0-py3.10.egg-info
running install_scripts
Installing first_step script to /uolstore/home/users/sc23oy/ros2_ws/src/install/lab5/lib/lab5
Installing fourth_step script to /uolstore/home/users/sc23oy/ros2_ws/src/install/lab5/lib/lab5
Installing second_step script to /uolstore/home/users/sc23oy/ros2_ws/src/install/lab5/lib/lab5
Installing third_step script to /uolstore/home/users/sc23oy/ros2_ws/src/install/lab5/lib/lab5
writing list of installed files to '/uolstore/home/users/sc23oy/ros2_ws/src/build/lab5/install.log'
