[1.761s] DEBUG:colcon:Command line arguments: ['/usr/bin/colcon', 'build']
[1.761s] DEBUG:colcon:Parsed command line arguments: Namespace(log_base=None, log_level=None, verb_name='build', build_base='build', install_base='install', merge_install=False, symlink_install=False, test_result_base=None, continue_on_error=False, executor='parallel', parallel_workers=48, event_handlers=None, ignore_user_meta=False, metas=['./colcon.meta'], base_paths=['.'], packages_ignore=None, packages_ignore_regex=None, paths=None, packages_up_to=None, packages_up_to_regex=None, packages_above=None, packages_above_and_dependencies=None, packages_above_depth=None, packages_select_by_dep=None, packages_skip_by_dep=None, packages_skip_up_to=None, packages_select_build_failed=False, packages_skip_build_finished=False, packages_select_test_failures=False, packages_skip_test_passed=False, packages_select=None, packages_skip=None, packages_select_regex=None, packages_skip_regex=None, packages_start=None, packages_end=None, allow_overriding=[], cmake_args=None, cmake_target=None, cmake_target_skip_unavailable=False, cmake_clean_cache=False, cmake_clean_first=False, cmake_force_configure=False, ament_cmake_args=None, catkin_cmake_args=None, catkin_skip_building_tests=False, verb_parser=<colcon_defaults.argument_parser.defaults.DefaultArgumentsDecorator object at 0x7f77ca831b70>, verb_extension=<colcon_core.verb.build.BuildVerb object at 0x7f77caa8de10>, main=<bound method BuildVerb.main of <colcon_core.verb.build.BuildVerb object at 0x7f77caa8de10>>)
[1.844s] Level 1:colcon.colcon_core.package_discovery:discover_packages(colcon_meta) check parameters
[1.844s] Level 1:colcon.colcon_core.package_discovery:discover_packages(recursive) check parameters
[1.844s] Level 1:colcon.colcon_core.package_discovery:discover_packages(ignore) check parameters
[1.844s] Level 1:colcon.colcon_core.package_discovery:discover_packages(path) check parameters
[1.844s] Level 1:colcon.colcon_core.package_discovery:discover_packages(colcon_meta) discover
[1.844s] Level 1:colcon.colcon_core.package_discovery:discover_packages(recursive) discover
[1.844s] INFO:colcon.colcon_core.package_discovery:Crawling recursively for packages in '/uolstore/home/users/sc23oy/ros2_ws/src'
[1.844s] Level 1:colcon.colcon_core.package_identification:_identify(.) by extensions ['ignore', 'ignore_ament_install']
[1.845s] Level 1:colcon.colcon_core.package_identification:_identify(.) by extension 'ignore'
[1.845s] Level 1:colcon.colcon_core.package_identification:_identify(.) by extension 'ignore_ament_install'
[1.845s] Level 1:colcon.colcon_core.package_identification:_identify(.) by extensions ['colcon_pkg']
[1.845s] Level 1:colcon.colcon_core.package_identification:_identify(.) by extension 'colcon_pkg'
[1.845s] Level 1:colcon.colcon_core.package_identification:_identify(.) by extensions ['colcon_meta']
[1.845s] Level 1:colcon.colcon_core.package_identification:_identify(.) by extension 'colcon_meta'
[1.845s] Level 1:colcon.colcon_core.package_identification:_identify(.) by extensions ['ros']
[1.845s] Level 1:colcon.colcon_core.package_identification:_identify(.) by extension 'ros'
[1.860s] Level 1:colcon.colcon_core.package_identification:_identify(.) by extensions ['cmake', 'python']
[1.860s] Level 1:colcon.colcon_core.package_identification:_identify(.) by extension 'cmake'
[1.860s] Level 1:colcon.colcon_core.package_identification:_identify(.) by extension 'python'
[1.860s] Level 1:colcon.colcon_core.package_identification:_identify(.) by extensions ['python_setup_py']
[1.860s] Level 1:colcon.colcon_core.package_identification:_identify(.) by extension 'python_setup_py'
[1.861s] Level 1:colcon.colcon_core.package_identification:_identify(build) by extensions ['ignore', 'ignore_ament_install']
[1.861s] Level 1:colcon.colcon_core.package_identification:_identify(build) by extension 'ignore'
[1.861s] Level 1:colcon.colcon_core.package_identification:_identify(build) ignored
[1.862s] Level 1:colcon.colcon_core.package_identification:_identify(install) by extensions ['ignore', 'ignore_ament_install']
[1.863s] Level 1:colcon.colcon_core.package_identification:_identify(install) by extension 'ignore'
[1.863s] Level 1:colcon.colcon_core.package_identification:_identify(install) ignored
[1.863s] Level 1:colcon.colcon_core.package_identification:_identify(lab1) by extensions ['ignore', 'ignore_ament_install']
[1.863s] Level 1:colcon.colcon_core.package_identification:_identify(lab1) by extension 'ignore'
[1.863s] Level 1:colcon.colcon_core.package_identification:_identify(lab1) by extension 'ignore_ament_install'
[1.863s] Level 1:colcon.colcon_core.package_identification:_identify(lab1) by extensions ['colcon_pkg']
[1.863s] Level 1:colcon.colcon_core.package_identification:_identify(lab1) by extension 'colcon_pkg'
[1.863s] Level 1:colcon.colcon_core.package_identification:_identify(lab1) by extensions ['colcon_meta']
[1.863s] Level 1:colcon.colcon_core.package_identification:_identify(lab1) by extension 'colcon_meta'
[1.863s] Level 1:colcon.colcon_core.package_identification:_identify(lab1) by extensions ['ros']
[1.863s] Level 1:colcon.colcon_core.package_identification:_identify(lab1) by extension 'ros'
[1.867s] DEBUG:colcon.colcon_core.package_identification:Package 'lab1' with type 'ros.ament_python' and name 'lab1'
[1.868s] Level 1:colcon.colcon_core.package_identification:_identify(lab2) by extensions ['ignore', 'ignore_ament_install']
[1.868s] Level 1:colcon.colcon_core.package_identification:_identify(lab2) by extension 'ignore'
[1.868s] Level 1:colcon.colcon_core.package_identification:_identify(lab2) by extension 'ignore_ament_install'
[1.868s] Level 1:colcon.colcon_core.package_identification:_identify(lab2) by extensions ['colcon_pkg']
[1.868s] Level 1:colcon.colcon_core.package_identification:_identify(lab2) by extension 'colcon_pkg'
[1.868s] Level 1:colcon.colcon_core.package_identification:_identify(lab2) by extensions ['colcon_meta']
[1.868s] Level 1:colcon.colcon_core.package_identification:_identify(lab2) by extension 'colcon_meta'
[1.868s] Level 1:colcon.colcon_core.package_identification:_identify(lab2) by extensions ['ros']
[1.868s] Level 1:colcon.colcon_core.package_identification:_identify(lab2) by extension 'ros'
[1.870s] DEBUG:colcon.colcon_core.package_identification:Package 'lab2' with type 'ros.ament_python' and name 'lab2'
[1.870s] Level 1:colcon.colcon_core.package_identification:_identify(lab3) by extensions ['ignore', 'ignore_ament_install']
[1.870s] Level 1:colcon.colcon_core.package_identification:_identify(lab3) by extension 'ignore'
[1.870s] Level 1:colcon.colcon_core.package_identification:_identify(lab3) by extension 'ignore_ament_install'
[1.870s] Level 1:colcon.colcon_core.package_identification:_identify(lab3) by extensions ['colcon_pkg']
[1.870s] Level 1:colcon.colcon_core.package_identification:_identify(lab3) by extension 'colcon_pkg'
[1.870s] Level 1:colcon.colcon_core.package_identification:_identify(lab3) by extensions ['colcon_meta']
[1.870s] Level 1:colcon.colcon_core.package_identification:_identify(lab3) by extension 'colcon_meta'
[1.870s] Level 1:colcon.colcon_core.package_identification:_identify(lab3) by extensions ['ros']
[1.870s] Level 1:colcon.colcon_core.package_identification:_identify(lab3) by extension 'ros'
[1.872s] DEBUG:colcon.colcon_core.package_identification:Package 'lab3' with type 'ros.ament_python' and name 'lab3'
[1.872s] Level 1:colcon.colcon_core.package_identification:_identify(lab4) by extensions ['ignore', 'ignore_ament_install']
[1.872s] Level 1:colcon.colcon_core.package_identification:_identify(lab4) by extension 'ignore'
[1.872s] Level 1:colcon.colcon_core.package_identification:_identify(lab4) by extension 'ignore_ament_install'
[1.872s] Level 1:colcon.colcon_core.package_identification:_identify(lab4) by extensions ['colcon_pkg']
[1.872s] Level 1:colcon.colcon_core.package_identification:_identify(lab4) by extension 'colcon_pkg'
[1.872s] Level 1:colcon.colcon_core.package_identification:_identify(lab4) by extensions ['colcon_meta']
[1.872s] Level 1:colcon.colcon_core.package_identification:_identify(lab4) by extension 'colcon_meta'
[1.872s] Level 1:colcon.colcon_core.package_identification:_identify(lab4) by extensions ['ros']
[1.872s] Level 1:colcon.colcon_core.package_identification:_identify(lab4) by extension 'ros'
[1.874s] DEBUG:colcon.colcon_core.package_identification:Package 'lab4' with type 'ros.ament_python' and name 'lab4'
[1.874s] Level 1:colcon.colcon_core.package_identification:_identify(lab5) by extensions ['ignore', 'ignore_ament_install']
[1.874s] Level 1:colcon.colcon_core.package_identification:_identify(lab5) by extension 'ignore'
[1.874s] Level 1:colcon.colcon_core.package_identification:_identify(lab5) by extension 'ignore_ament_install'
[1.874s] Level 1:colcon.colcon_core.package_identification:_identify(lab5) by extensions ['colcon_pkg']
[1.874s] Level 1:colcon.colcon_core.package_identification:_identify(lab5) by extension 'colcon_pkg'
[1.874s] Level 1:colcon.colcon_core.package_identification:_identify(lab5) by extensions ['colcon_meta']
[1.874s] Level 1:colcon.colcon_core.package_identification:_identify(lab5) by extension 'colcon_meta'
[1.874s] Level 1:colcon.colcon_core.package_identification:_identify(lab5) by extensions ['ros']
[1.874s] Level 1:colcon.colcon_core.package_identification:_identify(lab5) by extension 'ros'
[1.876s] DEBUG:colcon.colcon_core.package_identification:Package 'lab5' with type 'ros.ament_python' and name 'lab5'
[1.877s] Level 1:colcon.colcon_core.package_identification:_identify(log) by extensions ['ignore', 'ignore_ament_install']
[1.877s] Level 1:colcon.colcon_core.package_identification:_identify(log) by extension 'ignore'
[1.877s] Level 1:colcon.colcon_core.package_identification:_identify(log) ignored
[1.877s] Level 1:colcon.colcon_core.package_identification:_identify(ros2_project_sc23oy) by extensions ['ignore', 'ignore_ament_install']
[1.877s] Level 1:colcon.colcon_core.package_identification:_identify(ros2_project_sc23oy) by extension 'ignore'
[1.877s] Level 1:colcon.colcon_core.package_identification:_identify(ros2_project_sc23oy) by extension 'ignore_ament_install'
[1.877s] Level 1:colcon.colcon_core.package_identification:_identify(ros2_project_sc23oy) by extensions ['colcon_pkg']
[1.877s] Level 1:colcon.colcon_core.package_identification:_identify(ros2_project_sc23oy) by extension 'colcon_pkg'
[1.877s] Level 1:colcon.colcon_core.package_identification:_identify(ros2_project_sc23oy) by extensions ['colcon_meta']
[1.877s] Level 1:colcon.colcon_core.package_identification:_identify(ros2_project_sc23oy) by extension 'colcon_meta'
[1.877s] Level 1:colcon.colcon_core.package_identification:_identify(ros2_project_sc23oy) by extensions ['ros']
[1.877s] Level 1:colcon.colcon_core.package_identification:_identify(ros2_project_sc23oy) by extension 'ros'
[1.879s] DEBUG:colcon.colcon_core.package_identification:Package 'ros2_project_sc23oy' with type 'ros.ament_python' and name 'ros2_project_sc23oy'
[1.879s] Level 1:colcon.colcon_core.package_identification:_identify(turtlebot3_simulations) by extensions ['ignore', 'ignore_ament_install']
[1.879s] Level 1:colcon.colcon_core.package_identification:_identify(turtlebot3_simulations) by extension 'ignore'
[1.879s] Level 1:colcon.colcon_core.package_identification:_identify(turtlebot3_simulations) by extension 'ignore_ament_install'
[1.879s] Level 1:colcon.colcon_core.package_identification:_identify(turtlebot3_simulations) by extensions ['colcon_pkg']
[1.879s] Level 1:colcon.colcon_core.package_identification:_identify(turtlebot3_simulations) by extension 'colcon_pkg'
[1.879s] Level 1:colcon.colcon_core.package_identification:_identify(turtlebot3_simulations) by extensions ['colcon_meta']
[1.879s] Level 1:colcon.colcon_core.package_identification:_identify(turtlebot3_simulations) by extension 'colcon_meta'
[1.879s] Level 1:colcon.colcon_core.package_identification:_identify(turtlebot3_simulations) by extensions ['ros']
[1.879s] Level 1:colcon.colcon_core.package_identification:_identify(turtlebot3_simulations) by extension 'ros'
[1.880s] Level 1:colcon.colcon_core.package_identification:_identify(turtlebot3_simulations) by extensions ['cmake', 'python']
[1.880s] Level 1:colcon.colcon_core.package_identification:_identify(turtlebot3_simulations) by extension 'cmake'
[1.880s] Level 1:colcon.colcon_core.package_identification:_identify(turtlebot3_simulations) by extension 'python'
[1.880s] Level 1:colcon.colcon_core.package_identification:_identify(turtlebot3_simulations) by extensions ['python_setup_py']
[1.880s] Level 1:colcon.colcon_core.package_identification:_identify(turtlebot3_simulations) by extension 'python_setup_py'
[1.880s] Level 1:colcon.colcon_core.package_identification:_identify(turtlebot3_simulations/turtlebot3_fake_node) by extensions ['ignore', 'ignore_ament_install']
[1.880s] Level 1:colcon.colcon_core.package_identification:_identify(turtlebot3_simulations/turtlebot3_fake_node) by extension 'ignore'
[1.880s] Level 1:colcon.colcon_core.package_identification:_identify(turtlebot3_simulations/turtlebot3_fake_node) by extension 'ignore_ament_install'
[1.880s] Level 1:colcon.colcon_core.package_identification:_identify(turtlebot3_simulations/turtlebot3_fake_node) by extensions ['colcon_pkg']
[1.880s] Level 1:colcon.colcon_core.package_identification:_identify(turtlebot3_simulations/turtlebot3_fake_node) by extension 'colcon_pkg'
[1.880s] Level 1:colcon.colcon_core.package_identification:_identify(turtlebot3_simulations/turtlebot3_fake_node) by extensions ['colcon_meta']
[1.880s] Level 1:colcon.colcon_core.package_identification:_identify(turtlebot3_simulations/turtlebot3_fake_node) by extension 'colcon_meta'
[1.880s] Level 1:colcon.colcon_core.package_identification:_identify(turtlebot3_simulations/turtlebot3_fake_node) by extensions ['ros']
[1.880s] Level 1:colcon.colcon_core.package_identification:_identify(turtlebot3_simulations/turtlebot3_fake_node) by extension 'ros'
[1.883s] DEBUG:colcon.colcon_core.package_identification:Package 'turtlebot3_simulations/turtlebot3_fake_node' with type 'ros.ament_cmake' and name 'turtlebot3_fake_node'
[1.883s] Level 1:colcon.colcon_core.package_identification:_identify(turtlebot3_simulations/turtlebot3_gazebo) by extensions ['ignore', 'ignore_ament_install']
[1.883s] Level 1:colcon.colcon_core.package_identification:_identify(turtlebot3_simulations/turtlebot3_gazebo) by extension 'ignore'
[1.883s] Level 1:colcon.colcon_core.package_identification:_identify(turtlebot3_simulations/turtlebot3_gazebo) by extension 'ignore_ament_install'
[1.883s] Level 1:colcon.colcon_core.package_identification:_identify(turtlebot3_simulations/turtlebot3_gazebo) by extensions ['colcon_pkg']
[1.883s] Level 1:colcon.colcon_core.package_identification:_identify(turtlebot3_simulations/turtlebot3_gazebo) by extension 'colcon_pkg'
[1.883s] Level 1:colcon.colcon_core.package_identification:_identify(turtlebot3_simulations/turtlebot3_gazebo) by extensions ['colcon_meta']
[1.883s] Level 1:colcon.colcon_core.package_identification:_identify(turtlebot3_simulations/turtlebot3_gazebo) by extension 'colcon_meta'
[1.883s] Level 1:colcon.colcon_core.package_identification:_identify(turtlebot3_simulations/turtlebot3_gazebo) by extensions ['ros']
[1.883s] Level 1:colcon.colcon_core.package_identification:_identify(turtlebot3_simulations/turtlebot3_gazebo) by extension 'ros'
[1.885s] DEBUG:colcon.colcon_core.package_identification:Package 'turtlebot3_simulations/turtlebot3_gazebo' with type 'ros.ament_cmake' and name 'turtlebot3_gazebo'
[1.886s] Level 1:colcon.colcon_core.package_identification:_identify(turtlebot3_simulations/turtlebot3_simulations) by extensions ['ignore', 'ignore_ament_install']
[1.886s] Level 1:colcon.colcon_core.package_identification:_identify(turtlebot3_simulations/turtlebot3_simulations) by extension 'ignore'
[1.886s] Level 1:colcon.colcon_core.package_identification:_identify(turtlebot3_simulations/turtlebot3_simulations) by extension 'ignore_ament_install'
[1.886s] Level 1:colcon.colcon_core.package_identification:_identify(turtlebot3_simulations/turtlebot3_simulations) by extensions ['colcon_pkg']
[1.886s] Level 1:colcon.colcon_core.package_identification:_identify(turtlebot3_simulations/turtlebot3_simulations) by extension 'colcon_pkg'
[1.886s] Level 1:colcon.colcon_core.package_identification:_identify(turtlebot3_simulations/turtlebot3_simulations) by extensions ['colcon_meta']
[1.886s] Level 1:colcon.colcon_core.package_identification:_identify(turtlebot3_simulations/turtlebot3_simulations) by extension 'colcon_meta'
[1.886s] Level 1:colcon.colcon_core.package_identification:_identify(turtlebot3_simulations/turtlebot3_simulations) by extensions ['ros']
[1.886s] Level 1:colcon.colcon_core.package_identification:_identify(turtlebot3_simulations/turtlebot3_simulations) by extension 'ros'
[1.887s] DEBUG:colcon.colcon_core.package_identification:Package 'turtlebot3_simulations/turtlebot3_simulations' with type 'ros.ament_cmake' and name 'turtlebot3_simulations'
[1.887s] Level 1:colcon.colcon_core.package_discovery:discover_packages(recursive) using defaults
[1.888s] Level 1:colcon.colcon_core.package_discovery:discover_packages(ignore) discover
[1.888s] Level 1:colcon.colcon_core.package_discovery:discover_packages(ignore) using defaults
[1.888s] Level 1:colcon.colcon_core.package_discovery:discover_packages(path) discover
[1.888s] Level 1:colcon.colcon_core.package_discovery:discover_packages(path) using defaults
[2.047s] Level 1:colcon.colcon_core.package_discovery:discover_packages(prefix_path) check parameters
[2.047s] Level 1:colcon.colcon_core.package_discovery:discover_packages(prefix_path) discover
[2.073s] WARNING:colcon.colcon_ros.prefix_path.catkin:The path '/uollinapps/v2/24-25/soc/packages/linux-rhel9-x86_64_v3/gcc-11.4.0/gcc-14.2.0-svuh5yskfnrwh537tvxvt642acswwlju' in the environment variable CMAKE_PREFIX_PATH doesn't exist
[2.107s] DEBUG:colcon.colcon_installed_package_information.package_discovery:Found 2 installed packages in /uolstore/home/users/sc23oy/ros2_ws/install
[2.138s] DEBUG:colcon.colcon_installed_package_information.package_discovery:Found 383 installed packages in /opt/ros/humble
[2.151s] Level 1:colcon.colcon_core.package_discovery:discover_packages(prefix_path) using defaults
[2.327s] Level 5:colcon.colcon_core.verb:set package 'lab1' build argument 'cmake_args' from command line to 'None'
[2.327s] Level 5:colcon.colcon_core.verb:set package 'lab1' build argument 'cmake_target' from command line to 'None'
[2.327s] Level 5:colcon.colcon_core.verb:set package 'lab1' build argument 'cmake_target_skip_unavailable' from command line to 'False'
[2.327s] Level 5:colcon.colcon_core.verb:set package 'lab1' build argument 'cmake_clean_cache' from command line to 'False'
[2.327s] Level 5:colcon.colcon_core.verb:set package 'lab1' build argument 'cmake_clean_first' from command line to 'False'
[2.327s] Level 5:colcon.colcon_core.verb:set package 'lab1' build argument 'cmake_force_configure' from command line to 'False'
[2.327s] Level 5:colcon.colcon_core.verb:set package 'lab1' build argument 'ament_cmake_args' from command line to 'None'
[2.327s] Level 5:colcon.colcon_core.verb:set package 'lab1' build argument 'catkin_cmake_args' from command line to 'None'
[2.327s] Level 5:colcon.colcon_core.verb:set package 'lab1' build argument 'catkin_skip_building_tests' from command line to 'False'
[2.327s] DEBUG:colcon.colcon_core.verb:Building package 'lab1' with the following arguments: {'ament_cmake_args': None, 'build_base': '/uolstore/home/users/sc23oy/ros2_ws/src/build/lab1', 'catkin_cmake_args': None, 'catkin_skip_building_tests': False, 'cmake_args': None, 'cmake_clean_cache': False, 'cmake_clean_first': False, 'cmake_force_configure': False, 'cmake_target': None, 'cmake_target_skip_unavailable': False, 'install_base': '/uolstore/home/users/sc23oy/ros2_ws/src/install/lab1', 'merge_install': False, 'path': '/uolstore/home/users/sc23oy/ros2_ws/src/lab1', 'symlink_install': False, 'test_result_base': None}
[2.352s] Level 5:colcon.colcon_core.verb:set package 'lab2' build argument 'cmake_args' from command line to 'None'
[2.352s] Level 5:colcon.colcon_core.verb:set package 'lab2' build argument 'cmake_target' from command line to 'None'
[2.352s] Level 5:colcon.colcon_core.verb:set package 'lab2' build argument 'cmake_target_skip_unavailable' from command line to 'False'
[2.352s] Level 5:colcon.colcon_core.verb:set package 'lab2' build argument 'cmake_clean_cache' from command line to 'False'
[2.352s] Level 5:colcon.colcon_core.verb:set package 'lab2' build argument 'cmake_clean_first' from command line to 'False'
[2.352s] Level 5:colcon.colcon_core.verb:set package 'lab2' build argument 'cmake_force_configure' from command line to 'False'
[2.352s] Level 5:colcon.colcon_core.verb:set package 'lab2' build argument 'ament_cmake_args' from command line to 'None'
[2.352s] Level 5:colcon.colcon_core.verb:set package 'lab2' build argument 'catkin_cmake_args' from command line to 'None'
[2.352s] Level 5:colcon.colcon_core.verb:set package 'lab2' build argument 'catkin_skip_building_tests' from command line to 'False'
[2.352s] DEBUG:colcon.colcon_core.verb:Building package 'lab2' with the following arguments: {'ament_cmake_args': None, 'build_base': '/uolstore/home/users/sc23oy/ros2_ws/src/build/lab2', 'catkin_cmake_args': None, 'catkin_skip_building_tests': False, 'cmake_args': None, 'cmake_clean_cache': False, 'cmake_clean_first': False, 'cmake_force_configure': False, 'cmake_target': None, 'cmake_target_skip_unavailable': False, 'install_base': '/uolstore/home/users/sc23oy/ros2_ws/src/install/lab2', 'merge_install': False, 'path': '/uolstore/home/users/sc23oy/ros2_ws/src/lab2', 'symlink_install': False, 'test_result_base': None}
[2.377s] Level 5:colcon.colcon_core.verb:set package 'lab3' build argument 'cmake_args' from command line to 'None'
[2.377s] Level 5:colcon.colcon_core.verb:set package 'lab3' build argument 'cmake_target' from command line to 'None'
[2.377s] Level 5:colcon.colcon_core.verb:set package 'lab3' build argument 'cmake_target_skip_unavailable' from command line to 'False'
[2.377s] Level 5:colcon.colcon_core.verb:set package 'lab3' build argument 'cmake_clean_cache' from command line to 'False'
[2.377s] Level 5:colcon.colcon_core.verb:set package 'lab3' build argument 'cmake_clean_first' from command line to 'False'
[2.377s] Level 5:colcon.colcon_core.verb:set package 'lab3' build argument 'cmake_force_configure' from command line to 'False'
[2.377s] Level 5:colcon.colcon_core.verb:set package 'lab3' build argument 'ament_cmake_args' from command line to 'None'
[2.377s] Level 5:colcon.colcon_core.verb:set package 'lab3' build argument 'catkin_cmake_args' from command line to 'None'
[2.377s] Level 5:colcon.colcon_core.verb:set package 'lab3' build argument 'catkin_skip_building_tests' from command line to 'False'
[2.377s] DEBUG:colcon.colcon_core.verb:Building package 'lab3' with the following arguments: {'ament_cmake_args': None, 'build_base': '/uolstore/home/users/sc23oy/ros2_ws/src/build/lab3', 'catkin_cmake_args': None, 'catkin_skip_building_tests': False, 'cmake_args': None, 'cmake_clean_cache': False, 'cmake_clean_first': False, 'cmake_force_configure': False, 'cmake_target': None, 'cmake_target_skip_unavailable': False, 'install_base': '/uolstore/home/users/sc23oy/ros2_ws/src/install/lab3', 'merge_install': False, 'path': '/uolstore/home/users/sc23oy/ros2_ws/src/lab3', 'symlink_install': False, 'test_result_base': None}
[2.402s] Level 5:colcon.colcon_core.verb:set package 'lab4' build argument 'cmake_args' from command line to 'None'
[2.402s] Level 5:colcon.colcon_core.verb:set package 'lab4' build argument 'cmake_target' from command line to 'None'
[2.402s] Level 5:colcon.colcon_core.verb:set package 'lab4' build argument 'cmake_target_skip_unavailable' from command line to 'False'
[2.402s] Level 5:colcon.colcon_core.verb:set package 'lab4' build argument 'cmake_clean_cache' from command line to 'False'
[2.402s] Level 5:colcon.colcon_core.verb:set package 'lab4' build argument 'cmake_clean_first' from command line to 'False'
[2.402s] Level 5:colcon.colcon_core.verb:set package 'lab4' build argument 'cmake_force_configure' from command line to 'False'
[2.402s] Level 5:colcon.colcon_core.verb:set package 'lab4' build argument 'ament_cmake_args' from command line to 'None'
[2.402s] Level 5:colcon.colcon_core.verb:set package 'lab4' build argument 'catkin_cmake_args' from command line to 'None'
[2.402s] Level 5:colcon.colcon_core.verb:set package 'lab4' build argument 'catkin_skip_building_tests' from command line to 'False'
[2.402s] DEBUG:colcon.colcon_core.verb:Building package 'lab4' with the following arguments: {'ament_cmake_args': None, 'build_base': '/uolstore/home/users/sc23oy/ros2_ws/src/build/lab4', 'catkin_cmake_args': None, 'catkin_skip_building_tests': False, 'cmake_args': None, 'cmake_clean_cache': False, 'cmake_clean_first': False, 'cmake_force_configure': False, 'cmake_target': None, 'cmake_target_skip_unavailable': False, 'install_base': '/uolstore/home/users/sc23oy/ros2_ws/src/install/lab4', 'merge_install': False, 'path': '/uolstore/home/users/sc23oy/ros2_ws/src/lab4', 'symlink_install': False, 'test_result_base': None}
[2.426s] Level 5:colcon.colcon_core.verb:set package 'lab5' build argument 'cmake_args' from command line to 'None'
[2.426s] Level 5:colcon.colcon_core.verb:set package 'lab5' build argument 'cmake_target' from command line to 'None'
[2.426s] Level 5:colcon.colcon_core.verb:set package 'lab5' build argument 'cmake_target_skip_unavailable' from command line to 'False'
[2.426s] Level 5:colcon.colcon_core.verb:set package 'lab5' build argument 'cmake_clean_cache' from command line to 'False'
[2.426s] Level 5:colcon.colcon_core.verb:set package 'lab5' build argument 'cmake_clean_first' from command line to 'False'
[2.426s] Level 5:colcon.colcon_core.verb:set package 'lab5' build argument 'cmake_force_configure' from command line to 'False'
[2.426s] Level 5:colcon.colcon_core.verb:set package 'lab5' build argument 'ament_cmake_args' from command line to 'None'
[2.427s] Level 5:colcon.colcon_core.verb:set package 'lab5' build argument 'catkin_cmake_args' from command line to 'None'
[2.427s] Level 5:colcon.colcon_core.verb:set package 'lab5' build argument 'catkin_skip_building_tests' from command line to 'False'
[2.427s] DEBUG:colcon.colcon_core.verb:Building package 'lab5' with the following arguments: {'ament_cmake_args': None, 'build_base': '/uolstore/home/users/sc23oy/ros2_ws/src/build/lab5', 'catkin_cmake_args': None, 'catkin_skip_building_tests': False, 'cmake_args': None, 'cmake_clean_cache': False, 'cmake_clean_first': False, 'cmake_force_configure': False, 'cmake_target': None, 'cmake_target_skip_unavailable': False, 'install_base': '/uolstore/home/users/sc23oy/ros2_ws/src/install/lab5', 'merge_install': False, 'path': '/uolstore/home/users/sc23oy/ros2_ws/src/lab5', 'symlink_install': False, 'test_result_base': None}
[2.452s] Level 5:colcon.colcon_core.verb:set package 'ros2_project_sc23oy' build argument 'cmake_args' from command line to 'None'
[2.452s] Level 5:colcon.colcon_core.verb:set package 'ros2_project_sc23oy' build argument 'cmake_target' from command line to 'None'
[2.452s] Level 5:colcon.colcon_core.verb:set package 'ros2_project_sc23oy' build argument 'cmake_target_skip_unavailable' from command line to 'False'
[2.452s] Level 5:colcon.colcon_core.verb:set package 'ros2_project_sc23oy' build argument 'cmake_clean_cache' from command line to 'False'
[2.452s] Level 5:colcon.colcon_core.verb:set package 'ros2_project_sc23oy' build argument 'cmake_clean_first' from command line to 'False'
[2.452s] Level 5:colcon.colcon_core.verb:set package 'ros2_project_sc23oy' build argument 'cmake_force_configure' from command line to 'False'
[2.452s] Level 5:colcon.colcon_core.verb:set package 'ros2_project_sc23oy' build argument 'ament_cmake_args' from command line to 'None'
[2.452s] Level 5:colcon.colcon_core.verb:set package 'ros2_project_sc23oy' build argument 'catkin_cmake_args' from command line to 'None'
[2.452s] Level 5:colcon.colcon_core.verb:set package 'ros2_project_sc23oy' build argument 'catkin_skip_building_tests' from command line to 'False'
[2.452s] DEBUG:colcon.colcon_core.verb:Building package 'ros2_project_sc23oy' with the following arguments: {'ament_cmake_args': None, 'build_base': '/uolstore/home/users/sc23oy/ros2_ws/src/build/ros2_project_sc23oy', 'catkin_cmake_args': None, 'catkin_skip_building_tests': False, 'cmake_args': None, 'cmake_clean_cache': False, 'cmake_clean_first': False, 'cmake_force_configure': False, 'cmake_target': None, 'cmake_target_skip_unavailable': False, 'install_base': '/uolstore/home/users/sc23oy/ros2_ws/src/install/ros2_project_sc23oy', 'merge_install': False, 'path': '/uolstore/home/users/sc23oy/ros2_ws/src/ros2_project_sc23oy', 'symlink_install': False, 'test_result_base': None}
[2.477s] Level 5:colcon.colcon_core.verb:set package 'turtlebot3_fake_node' build argument 'cmake_args' from command line to 'None'
[2.477s] Level 5:colcon.colcon_core.verb:set package 'turtlebot3_fake_node' build argument 'cmake_target' from command line to 'None'
[2.477s] Level 5:colcon.colcon_core.verb:set package 'turtlebot3_fake_node' build argument 'cmake_target_skip_unavailable' from command line to 'False'
[2.477s] Level 5:colcon.colcon_core.verb:set package 'turtlebot3_fake_node' build argument 'cmake_clean_cache' from command line to 'False'
[2.477s] Level 5:colcon.colcon_core.verb:set package 'turtlebot3_fake_node' build argument 'cmake_clean_first' from command line to 'False'
[2.477s] Level 5:colcon.colcon_core.verb:set package 'turtlebot3_fake_node' build argument 'cmake_force_configure' from command line to 'False'
[2.477s] Level 5:colcon.colcon_core.verb:set package 'turtlebot3_fake_node' build argument 'ament_cmake_args' from command line to 'None'
[2.477s] Level 5:colcon.colcon_core.verb:set package 'turtlebot3_fake_node' build argument 'catkin_cmake_args' from command line to 'None'
[2.477s] Level 5:colcon.colcon_core.verb:set package 'turtlebot3_fake_node' build argument 'catkin_skip_building_tests' from command line to 'False'
[2.477s] DEBUG:colcon.colcon_core.verb:Building package 'turtlebot3_fake_node' with the following arguments: {'ament_cmake_args': None, 'build_base': '/uolstore/home/users/sc23oy/ros2_ws/src/build/turtlebot3_fake_node', 'catkin_cmake_args': None, 'catkin_skip_building_tests': False, 'cmake_args': None, 'cmake_clean_cache': False, 'cmake_clean_first': False, 'cmake_force_configure': False, 'cmake_target': None, 'cmake_target_skip_unavailable': False, 'install_base': '/uolstore/home/users/sc23oy/ros2_ws/src/install/turtlebot3_fake_node', 'merge_install': False, 'path': '/uolstore/home/users/sc23oy/ros2_ws/src/turtlebot3_simulations/turtlebot3_fake_node', 'symlink_install': False, 'test_result_base': None}
[2.501s] Level 5:colcon.colcon_core.verb:set package 'turtlebot3_gazebo' build argument 'cmake_args' from command line to 'None'
[2.502s] Level 5:colcon.colcon_core.verb:set package 'turtlebot3_gazebo' build argument 'cmake_target' from command line to 'None'
[2.502s] Level 5:colcon.colcon_core.verb:set package 'turtlebot3_gazebo' build argument 'cmake_target_skip_unavailable' from command line to 'False'
[2.502s] Level 5:colcon.colcon_core.verb:set package 'turtlebot3_gazebo' build argument 'cmake_clean_cache' from command line to 'False'
[2.502s] Level 5:colcon.colcon_core.verb:set package 'turtlebot3_gazebo' build argument 'cmake_clean_first' from command line to 'False'
[2.502s] Level 5:colcon.colcon_core.verb:set package 'turtlebot3_gazebo' build argument 'cmake_force_configure' from command line to 'False'
[2.502s] Level 5:colcon.colcon_core.verb:set package 'turtlebot3_gazebo' build argument 'ament_cmake_args' from command line to 'None'
[2.502s] Level 5:colcon.colcon_core.verb:set package 'turtlebot3_gazebo' build argument 'catkin_cmake_args' from command line to 'None'
[2.502s] Level 5:colcon.colcon_core.verb:set package 'turtlebot3_gazebo' build argument 'catkin_skip_building_tests' from command line to 'False'
[2.502s] DEBUG:colcon.colcon_core.verb:Building package 'turtlebot3_gazebo' with the following arguments: {'ament_cmake_args': None, 'build_base': '/uolstore/home/users/sc23oy/ros2_ws/src/build/turtlebot3_gazebo', 'catkin_cmake_args': None, 'catkin_skip_building_tests': False, 'cmake_args': None, 'cmake_clean_cache': False, 'cmake_clean_first': False, 'cmake_force_configure': False, 'cmake_target': None, 'cmake_target_skip_unavailable': False, 'install_base': '/uolstore/home/users/sc23oy/ros2_ws/src/install/turtlebot3_gazebo', 'merge_install': False, 'path': '/uolstore/home/users/sc23oy/ros2_ws/src/turtlebot3_simulations/turtlebot3_gazebo', 'symlink_install': False, 'test_result_base': None}
[2.526s] Level 5:colcon.colcon_core.verb:set package 'turtlebot3_simulations' build argument 'cmake_args' from command line to 'None'
[2.526s] Level 5:colcon.colcon_core.verb:set package 'turtlebot3_simulations' build argument 'cmake_target' from command line to 'None'
[2.526s] Level 5:colcon.colcon_core.verb:set package 'turtlebot3_simulations' build argument 'cmake_target_skip_unavailable' from command line to 'False'
[2.526s] Level 5:colcon.colcon_core.verb:set package 'turtlebot3_simulations' build argument 'cmake_clean_cache' from command line to 'False'
[2.526s] Level 5:colcon.colcon_core.verb:set package 'turtlebot3_simulations' build argument 'cmake_clean_first' from command line to 'False'
[2.526s] Level 5:colcon.colcon_core.verb:set package 'turtlebot3_simulations' build argument 'cmake_force_configure' from command line to 'False'
[2.526s] Level 5:colcon.colcon_core.verb:set package 'turtlebot3_simulations' build argument 'ament_cmake_args' from command line to 'None'
[2.526s] Level 5:colcon.colcon_core.verb:set package 'turtlebot3_simulations' build argument 'catkin_cmake_args' from command line to 'None'
[2.526s] Level 5:colcon.colcon_core.verb:set package 'turtlebot3_simulations' build argument 'catkin_skip_building_tests' from command line to 'False'
[2.526s] DEBUG:colcon.colcon_core.verb:Building package 'turtlebot3_simulations' with the following arguments: {'ament_cmake_args': None, 'build_base': '/uolstore/home/users/sc23oy/ros2_ws/src/build/turtlebot3_simulations', 'catkin_cmake_args': None, 'catkin_skip_building_tests': False, 'cmake_args': None, 'cmake_clean_cache': False, 'cmake_clean_first': False, 'cmake_force_configure': False, 'cmake_target': None, 'cmake_target_skip_unavailable': False, 'install_base': '/uolstore/home/users/sc23oy/ros2_ws/src/install/turtlebot3_simulations', 'merge_install': False, 'path': '/uolstore/home/users/sc23oy/ros2_ws/src/turtlebot3_simulations/turtlebot3_simulations', 'symlink_install': False, 'test_result_base': None}
[2.551s] INFO:colcon.colcon_core.executor:Executing jobs using 'parallel' executor
[2.576s] DEBUG:colcon.colcon_parallel_executor.executor.parallel:run_until_complete
[2.576s] INFO:colcon.colcon_ros.task.ament_cmake.build:Building ROS package in '/uolstore/home/users/sc23oy/ros2_ws/src/turtlebot3_simulations/turtlebot3_fake_node' with build type 'ament_cmake'
[2.577s] INFO:colcon.colcon_cmake.task.cmake.build:Building CMake package in '/uolstore/home/users/sc23oy/ros2_ws/src/turtlebot3_simulations/turtlebot3_fake_node'
[2.606s] INFO:colcon.colcon_core.plugin_system:Skipping extension 'colcon_core.shell.bat': Not used on non-Windows systems
[2.606s] INFO:colcon.colcon_core.shell:Skip shell extension 'powershell' for command environment: Not usable outside of PowerShell
[2.606s] DEBUG:colcon.colcon_core.shell:Skip shell extension 'dsv' for command environment
[2.695s] INFO:colcon.colcon_ros.task.ament_cmake.build:Building ROS package in '/uolstore/home/users/sc23oy/ros2_ws/src/turtlebot3_simulations/turtlebot3_gazebo' with build type 'ament_cmake'
[2.695s] INFO:colcon.colcon_cmake.task.cmake.build:Building CMake package in '/uolstore/home/users/sc23oy/ros2_ws/src/turtlebot3_simulations/turtlebot3_gazebo'
[2.721s] INFO:colcon.colcon_core.shell:Skip shell extension 'powershell' for command environment: Not usable outside of PowerShell
[2.721s] DEBUG:colcon.colcon_core.shell:Skip shell extension 'dsv' for command environment
[2.810s] INFO:colcon.colcon_ros.task.ament_python.build:Building ROS package in '/uolstore/home/users/sc23oy/ros2_ws/src/lab1' with build type 'ament_python'
[2.810s] Level 1:colcon.colcon_core.shell:create_environment_hook('lab1', 'ament_prefix_path')
[2.836s] INFO:colcon.colcon_core.shell:Creating environment hook '/uolstore/home/users/sc23oy/ros2_ws/src/install/lab1/share/lab1/hook/ament_prefix_path.ps1'
[2.839s] INFO:colcon.colcon_core.shell:Creating environment descriptor '/uolstore/home/users/sc23oy/ros2_ws/src/install/lab1/share/lab1/hook/ament_prefix_path.dsv'
[2.841s] INFO:colcon.colcon_core.shell:Creating environment hook '/uolstore/home/users/sc23oy/ros2_ws/src/install/lab1/share/lab1/hook/ament_prefix_path.sh'
[2.869s] INFO:colcon.colcon_core.shell:Skip shell extension 'powershell' for command environment: Not usable outside of PowerShell
[2.869s] DEBUG:colcon.colcon_core.shell:Skip shell extension 'dsv' for command environment
[2.954s] INFO:colcon.colcon_ros.task.ament_python.build:Building ROS package in '/uolstore/home/users/sc23oy/ros2_ws/src/lab2' with build type 'ament_python'
[2.954s] Level 1:colcon.colcon_core.shell:create_environment_hook('lab2', 'ament_prefix_path')
[2.980s] INFO:colcon.colcon_core.shell:Creating environment hook '/uolstore/home/users/sc23oy/ros2_ws/src/install/lab2/share/lab2/hook/ament_prefix_path.ps1'
[2.983s] INFO:colcon.colcon_core.shell:Creating environment descriptor '/uolstore/home/users/sc23oy/ros2_ws/src/install/lab2/share/lab2/hook/ament_prefix_path.dsv'
[2.986s] INFO:colcon.colcon_core.shell:Creating environment hook '/uolstore/home/users/sc23oy/ros2_ws/src/install/lab2/share/lab2/hook/ament_prefix_path.sh'
[3.013s] INFO:colcon.colcon_core.shell:Skip shell extension 'powershell' for command environment: Not usable outside of PowerShell
[3.013s] DEBUG:colcon.colcon_core.shell:Skip shell extension 'dsv' for command environment
[3.099s] INFO:colcon.colcon_ros.task.ament_python.build:Building ROS package in '/uolstore/home/users/sc23oy/ros2_ws/src/lab3' with build type 'ament_python'
[3.099s] Level 1:colcon.colcon_core.shell:create_environment_hook('lab3', 'ament_prefix_path')
[3.125s] INFO:colcon.colcon_core.shell:Creating environment hook '/uolstore/home/users/sc23oy/ros2_ws/src/install/lab3/share/lab3/hook/ament_prefix_path.ps1'
[3.129s] INFO:colcon.colcon_core.shell:Creating environment descriptor '/uolstore/home/users/sc23oy/ros2_ws/src/install/lab3/share/lab3/hook/ament_prefix_path.dsv'
[3.132s] INFO:colcon.colcon_core.shell:Creating environment hook '/uolstore/home/users/sc23oy/ros2_ws/src/install/lab3/share/lab3/hook/ament_prefix_path.sh'
[3.159s] INFO:colcon.colcon_core.shell:Skip shell extension 'powershell' for command environment: Not usable outside of PowerShell
[3.159s] DEBUG:colcon.colcon_core.shell:Skip shell extension 'dsv' for command environment
[3.251s] INFO:colcon.colcon_ros.task.ament_python.build:Building ROS package in '/uolstore/home/users/sc23oy/ros2_ws/src/lab4' with build type 'ament_python'
[3.251s] Level 1:colcon.colcon_core.shell:create_environment_hook('lab4', 'ament_prefix_path')
[3.278s] INFO:colcon.colcon_core.shell:Creating environment hook '/uolstore/home/users/sc23oy/ros2_ws/src/install/lab4/share/lab4/hook/ament_prefix_path.ps1'
[3.282s] INFO:colcon.colcon_core.shell:Creating environment descriptor '/uolstore/home/users/sc23oy/ros2_ws/src/install/lab4/share/lab4/hook/ament_prefix_path.dsv'
[3.284s] INFO:colcon.colcon_core.shell:Creating environment hook '/uolstore/home/users/sc23oy/ros2_ws/src/install/lab4/share/lab4/hook/ament_prefix_path.sh'
[3.313s] INFO:colcon.colcon_core.shell:Skip shell extension 'powershell' for command environment: Not usable outside of PowerShell
[3.313s] DEBUG:colcon.colcon_core.shell:Skip shell extension 'dsv' for command environment
[3.401s] INFO:colcon.colcon_ros.task.ament_python.build:Building ROS package in '/uolstore/home/users/sc23oy/ros2_ws/src/lab5' with build type 'ament_python'
[3.401s] Level 1:colcon.colcon_core.shell:create_environment_hook('lab5', 'ament_prefix_path')
[3.427s] INFO:colcon.colcon_core.shell:Creating environment hook '/uolstore/home/users/sc23oy/ros2_ws/src/install/lab5/share/lab5/hook/ament_prefix_path.ps1'
[3.431s] INFO:colcon.colcon_core.shell:Creating environment descriptor '/uolstore/home/users/sc23oy/ros2_ws/src/install/lab5/share/lab5/hook/ament_prefix_path.dsv'
[3.434s] INFO:colcon.colcon_core.shell:Creating environment hook '/uolstore/home/users/sc23oy/ros2_ws/src/install/lab5/share/lab5/hook/ament_prefix_path.sh'
[3.462s] INFO:colcon.colcon_core.shell:Skip shell extension 'powershell' for command environment: Not usable outside of PowerShell
[3.462s] DEBUG:colcon.colcon_core.shell:Skip shell extension 'dsv' for command environment
[3.550s] INFO:colcon.colcon_ros.task.ament_python.build:Building ROS package in '/uolstore/home/users/sc23oy/ros2_ws/src/ros2_project_sc23oy' with build type 'ament_python'
[3.550s] Level 1:colcon.colcon_core.shell:create_environment_hook('ros2_project_sc23oy', 'ament_prefix_path')
[3.577s] INFO:colcon.colcon_core.shell:Creating environment hook '/uolstore/home/users/sc23oy/ros2_ws/src/install/ros2_project_sc23oy/share/ros2_project_sc23oy/hook/ament_prefix_path.ps1'
[3.581s] INFO:colcon.colcon_core.shell:Creating environment descriptor '/uolstore/home/users/sc23oy/ros2_ws/src/install/ros2_project_sc23oy/share/ros2_project_sc23oy/hook/ament_prefix_path.dsv'
[3.584s] INFO:colcon.colcon_core.shell:Creating environment hook '/uolstore/home/users/sc23oy/ros2_ws/src/install/ros2_project_sc23oy/share/ros2_project_sc23oy/hook/ament_prefix_path.sh'
[3.613s] INFO:colcon.colcon_core.shell:Skip shell extension 'powershell' for command environment: Not usable outside of PowerShell
[3.613s] DEBUG:colcon.colcon_core.shell:Skip shell extension 'dsv' for command environment
[3.718s] DEBUG:colcon.colcon_core.event_handler.log_command:Invoking command in '/uolstore/home/users/sc23oy/ros2_ws/src/build/turtlebot3_fake_node': CMAKE_PREFIX_PATH=${CMAKE_PREFIX_PATH}:/opt/ros/humble /usr/bin/cmake --build /uolstore/home/users/sc23oy/ros2_ws/src/build/turtlebot3_fake_node -- -j48 -l48
[3.732s] DEBUG:colcon.colcon_core.event_handler.log_command:Invoking command in '/uolstore/home/users/sc23oy/ros2_ws/src/build/turtlebot3_gazebo': CMAKE_PREFIX_PATH=${CMAKE_PREFIX_PATH}:/opt/ros/humble /usr/bin/cmake --build /uolstore/home/users/sc23oy/ros2_ws/src/build/turtlebot3_gazebo -- -j48 -l48
[4.221s] INFO:colcon.colcon_core.task.python.build:Building Python package in '/uolstore/home/users/sc23oy/ros2_ws/src/lab1'
[4.259s] INFO:colcon.colcon_core.shell:Skip shell extension 'powershell' for command environment: Not usable outside of PowerShell
[4.260s] DEBUG:colcon.colcon_core.shell:Skip shell extension 'dsv' for command environment
[4.815s] INFO:colcon.colcon_core.task.python.build:Building Python package in '/uolstore/home/users/sc23oy/ros2_ws/src/lab2'
[4.840s] INFO:colcon.colcon_core.shell:Skip shell extension 'powershell' for command environment: Not usable outside of PowerShell
[4.840s] DEBUG:colcon.colcon_core.shell:Skip shell extension 'dsv' for command environment
[5.411s] INFO:colcon.colcon_core.task.python.build:Building Python package in '/uolstore/home/users/sc23oy/ros2_ws/src/lab3'
[5.441s] INFO:colcon.colcon_core.shell:Skip shell extension 'powershell' for command environment: Not usable outside of PowerShell
[5.441s] DEBUG:colcon.colcon_core.shell:Skip shell extension 'dsv' for command environment
[6.005s] INFO:colcon.colcon_core.task.python.build:Building Python package in '/uolstore/home/users/sc23oy/ros2_ws/src/lab4'
[6.032s] INFO:colcon.colcon_core.shell:Skip shell extension 'powershell' for command environment: Not usable outside of PowerShell
[6.032s] DEBUG:colcon.colcon_core.shell:Skip shell extension 'dsv' for command environment
[6.607s] INFO:colcon.colcon_core.task.python.build:Building Python package in '/uolstore/home/users/sc23oy/ros2_ws/src/lab5'
[6.634s] INFO:colcon.colcon_core.shell:Skip shell extension 'powershell' for command environment: Not usable outside of PowerShell
[6.634s] DEBUG:colcon.colcon_core.shell:Skip shell extension 'dsv' for command environment
[6.732s] DEBUG:colcon.colcon_core.event_handler.log_command:Invoked command in '/uolstore/home/users/sc23oy/ros2_ws/src/build/turtlebot3_gazebo' returned '0': CMAKE_PREFIX_PATH=${CMAKE_PREFIX_PATH}:/opt/ros/humble /usr/bin/cmake --build /uolstore/home/users/sc23oy/ros2_ws/src/build/turtlebot3_gazebo -- -j48 -l48
[6.737s] DEBUG:colcon.colcon_core.event_handler.log_command:Invoked command in '/uolstore/home/users/sc23oy/ros2_ws/src/build/turtlebot3_fake_node' returned '0': CMAKE_PREFIX_PATH=${CMAKE_PREFIX_PATH}:/opt/ros/humble /usr/bin/cmake --build /uolstore/home/users/sc23oy/ros2_ws/src/build/turtlebot3_fake_node -- -j48 -l48
[7.222s] INFO:colcon.colcon_core.task.python.build:Building Python package in '/uolstore/home/users/sc23oy/ros2_ws/src/ros2_project_sc23oy'
[7.249s] INFO:colcon.colcon_core.shell:Skip shell extension 'powershell' for command environment: Not usable outside of PowerShell
[7.249s] DEBUG:colcon.colcon_core.shell:Skip shell extension 'dsv' for command environment
[7.404s] DEBUG:colcon.colcon_core.event_handler.log_command:Invoking command in '/uolstore/home/users/sc23oy/ros2_ws/src/build/turtlebot3_gazebo': CMAKE_PREFIX_PATH=${CMAKE_PREFIX_PATH}:/opt/ros/humble /usr/bin/cmake --install /uolstore/home/users/sc23oy/ros2_ws/src/build/turtlebot3_gazebo
[7.410s] DEBUG:colcon.colcon_core.event_handler.log_command:Invoking command in '/uolstore/home/users/sc23oy/ros2_ws/src/build/turtlebot3_fake_node': CMAKE_PREFIX_PATH=${CMAKE_PREFIX_PATH}:/opt/ros/humble /usr/bin/cmake --install /uolstore/home/users/sc23oy/ros2_ws/src/build/turtlebot3_fake_node
[7.480s] Level 1:colcon.colcon_core.environment:create_environment_scripts_only(turtlebot3_fake_node)
[7.480s] DEBUG:colcon.colcon_core.event_handler.log_command:Invoked command in '/uolstore/home/users/sc23oy/ros2_ws/src/build/turtlebot3_fake_node' returned '0': CMAKE_PREFIX_PATH=${CMAKE_PREFIX_PATH}:/opt/ros/humble /usr/bin/cmake --install /uolstore/home/users/sc23oy/ros2_ws/src/build/turtlebot3_fake_node
[7.519s] Level 1:colcon.colcon_core.environment:checking '/uolstore/home/users/sc23oy/ros2_ws/src/install/turtlebot3_fake_node' for CMake module files
[7.521s] Level 1:colcon.colcon_core.environment:checking '/uolstore/home/users/sc23oy/ros2_ws/src/install/turtlebot3_fake_node' for CMake config files
[7.525s] Level 1:colcon.colcon_core.shell:create_environment_hook('turtlebot3_fake_node', 'cmake_prefix_path')
[7.554s] INFO:colcon.colcon_core.shell:Creating environment hook '/uolstore/home/users/sc23oy/ros2_ws/src/install/turtlebot3_fake_node/share/turtlebot3_fake_node/hook/cmake_prefix_path.ps1'
[7.557s] INFO:colcon.colcon_core.shell:Creating environment descriptor '/uolstore/home/users/sc23oy/ros2_ws/src/install/turtlebot3_fake_node/share/turtlebot3_fake_node/hook/cmake_prefix_path.dsv'
[7.560s] INFO:colcon.colcon_core.shell:Creating environment hook '/uolstore/home/users/sc23oy/ros2_ws/src/install/turtlebot3_fake_node/share/turtlebot3_fake_node/hook/cmake_prefix_path.sh'
[7.564s] Level 1:colcon.colcon_core.environment:checking '/uolstore/home/users/sc23oy/ros2_ws/src/install/turtlebot3_fake_node/lib'
[7.565s] Level 1:colcon.colcon_core.environment:checking '/uolstore/home/users/sc23oy/ros2_ws/src/install/turtlebot3_fake_node/bin'
[7.565s] Level 1:colcon.colcon_core.environment:checking '/uolstore/home/users/sc23oy/ros2_ws/src/install/turtlebot3_fake_node/lib/pkgconfig/turtlebot3_fake_node.pc'
[7.565s] Level 1:colcon.colcon_core.environment:checking '/uolstore/home/users/sc23oy/ros2_ws/src/install/turtlebot3_fake_node/lib/python3.10/site-packages'
[7.565s] Level 1:colcon.colcon_core.environment:checking '/uolstore/home/users/sc23oy/ros2_ws/src/install/turtlebot3_fake_node/bin'
[7.595s] INFO:colcon.colcon_core.shell:Creating package script '/uolstore/home/users/sc23oy/ros2_ws/src/install/turtlebot3_fake_node/share/turtlebot3_fake_node/package.ps1'
[7.599s] INFO:colcon.colcon_core.shell:Creating package descriptor '/uolstore/home/users/sc23oy/ros2_ws/src/install/turtlebot3_fake_node/share/turtlebot3_fake_node/package.dsv'
[7.602s] INFO:colcon.colcon_core.shell:Creating package script '/uolstore/home/users/sc23oy/ros2_ws/src/install/turtlebot3_fake_node/share/turtlebot3_fake_node/package.sh'
[7.606s] INFO:colcon.colcon_core.shell:Creating package script '/uolstore/home/users/sc23oy/ros2_ws/src/install/turtlebot3_fake_node/share/turtlebot3_fake_node/package.bash'
[7.611s] INFO:colcon.colcon_core.shell:Creating package script '/uolstore/home/users/sc23oy/ros2_ws/src/install/turtlebot3_fake_node/share/turtlebot3_fake_node/package.zsh'
[7.615s] Level 1:colcon.colcon_core.environment:create_file_with_runtime_dependencies(/uolstore/home/users/sc23oy/ros2_ws/src/install/turtlebot3_fake_node/share/colcon-core/packages/turtlebot3_fake_node)
[7.716s] Level 1:colcon.colcon_core.environment:create_environment_scripts_only(turtlebot3_fake_node)
[7.748s] Level 1:colcon.colcon_core.environment:checking '/uolstore/home/users/sc23oy/ros2_ws/src/install/turtlebot3_fake_node' for CMake module files
[7.751s] Level 1:colcon.colcon_core.environment:checking '/uolstore/home/users/sc23oy/ros2_ws/src/install/turtlebot3_fake_node' for CMake config files
[7.754s] Level 1:colcon.colcon_core.shell:create_environment_hook('turtlebot3_fake_node', 'cmake_prefix_path')
[7.788s] INFO:colcon.colcon_core.shell:Creating environment hook '/uolstore/home/users/sc23oy/ros2_ws/src/install/turtlebot3_fake_node/share/turtlebot3_fake_node/hook/cmake_prefix_path.ps1'
[7.792s] INFO:colcon.colcon_core.shell:Creating environment descriptor '/uolstore/home/users/sc23oy/ros2_ws/src/install/turtlebot3_fake_node/share/turtlebot3_fake_node/hook/cmake_prefix_path.dsv'
[7.795s] INFO:colcon.colcon_core.shell:Creating environment hook '/uolstore/home/users/sc23oy/ros2_ws/src/install/turtlebot3_fake_node/share/turtlebot3_fake_node/hook/cmake_prefix_path.sh'
[7.798s] Level 1:colcon.colcon_core.environment:checking '/uolstore/home/users/sc23oy/ros2_ws/src/install/turtlebot3_fake_node/lib'
[7.798s] Level 1:colcon.colcon_core.environment:checking '/uolstore/home/users/sc23oy/ros2_ws/src/install/turtlebot3_fake_node/bin'
[7.798s] Level 1:colcon.colcon_core.environment:checking '/uolstore/home/users/sc23oy/ros2_ws/src/install/turtlebot3_fake_node/lib/pkgconfig/turtlebot3_fake_node.pc'
[7.799s] Level 1:colcon.colcon_core.environment:checking '/uolstore/home/users/sc23oy/ros2_ws/src/install/turtlebot3_fake_node/lib/python3.10/site-packages'
[7.799s] Level 1:colcon.colcon_core.environment:checking '/uolstore/home/users/sc23oy/ros2_ws/src/install/turtlebot3_fake_node/bin'
[7.827s] INFO:colcon.colcon_core.shell:Creating package script '/uolstore/home/users/sc23oy/ros2_ws/src/install/turtlebot3_fake_node/share/turtlebot3_fake_node/package.ps1'
[7.830s] INFO:colcon.colcon_core.shell:Creating package descriptor '/uolstore/home/users/sc23oy/ros2_ws/src/install/turtlebot3_fake_node/share/turtlebot3_fake_node/package.dsv'
[7.833s] INFO:colcon.colcon_core.shell:Creating package script '/uolstore/home/users/sc23oy/ros2_ws/src/install/turtlebot3_fake_node/share/turtlebot3_fake_node/package.sh'
[7.835s] INFO:colcon.colcon_core.shell:Creating package script '/uolstore/home/users/sc23oy/ros2_ws/src/install/turtlebot3_fake_node/share/turtlebot3_fake_node/package.bash'
[7.838s] INFO:colcon.colcon_core.shell:Creating package script '/uolstore/home/users/sc23oy/ros2_ws/src/install/turtlebot3_fake_node/share/turtlebot3_fake_node/package.zsh'
[7.841s] Level 1:colcon.colcon_core.environment:create_file_with_runtime_dependencies(/uolstore/home/users/sc23oy/ros2_ws/src/install/turtlebot3_fake_node/share/colcon-core/packages/turtlebot3_fake_node)
[7.844s] Level 1:colcon.colcon_core.environment:create_environment_scripts_only(turtlebot3_gazebo)
[7.848s] DEBUG:colcon.colcon_core.event_handler.log_command:Invoked command in '/uolstore/home/users/sc23oy/ros2_ws/src/build/turtlebot3_gazebo' returned '0': CMAKE_PREFIX_PATH=${CMAKE_PREFIX_PATH}:/opt/ros/humble /usr/bin/cmake --install /uolstore/home/users/sc23oy/ros2_ws/src/build/turtlebot3_gazebo
[7.872s] Level 1:colcon.colcon_core.environment:checking '/uolstore/home/users/sc23oy/ros2_ws/src/install/turtlebot3_gazebo' for CMake module files
[7.874s] Level 1:colcon.colcon_core.environment:checking '/uolstore/home/users/sc23oy/ros2_ws/src/install/turtlebot3_gazebo' for CMake config files
[7.939s] Level 1:colcon.colcon_core.shell:create_environment_hook('turtlebot3_gazebo', 'cmake_prefix_path')
[7.974s] INFO:colcon.colcon_core.shell:Creating environment hook '/uolstore/home/users/sc23oy/ros2_ws/src/install/turtlebot3_gazebo/share/turtlebot3_gazebo/hook/cmake_prefix_path.ps1'
[7.978s] INFO:colcon.colcon_core.shell:Creating environment descriptor '/uolstore/home/users/sc23oy/ros2_ws/src/install/turtlebot3_gazebo/share/turtlebot3_gazebo/hook/cmake_prefix_path.dsv'
[7.981s] INFO:colcon.colcon_core.shell:Creating environment hook '/uolstore/home/users/sc23oy/ros2_ws/src/install/turtlebot3_gazebo/share/turtlebot3_gazebo/hook/cmake_prefix_path.sh'
[7.984s] Level 1:colcon.colcon_core.environment:checking '/uolstore/home/users/sc23oy/ros2_ws/src/install/turtlebot3_gazebo/lib'
[7.985s] Level 1:colcon.colcon_core.environment:checking '/uolstore/home/users/sc23oy/ros2_ws/src/install/turtlebot3_gazebo/bin'
[7.985s] Level 1:colcon.colcon_core.environment:checking '/uolstore/home/users/sc23oy/ros2_ws/src/install/turtlebot3_gazebo/lib/pkgconfig/turtlebot3_gazebo.pc'
[7.985s] Level 1:colcon.colcon_core.environment:checking '/uolstore/home/users/sc23oy/ros2_ws/src/install/turtlebot3_gazebo/lib/python3.10/site-packages'
[7.985s] Level 1:colcon.colcon_core.environment:checking '/uolstore/home/users/sc23oy/ros2_ws/src/install/turtlebot3_gazebo/bin'
[8.016s] INFO:colcon.colcon_core.shell:Creating package script '/uolstore/home/users/sc23oy/ros2_ws/src/install/turtlebot3_gazebo/share/turtlebot3_gazebo/package.ps1'
[8.019s] INFO:colcon.colcon_core.shell:Creating package descriptor '/uolstore/home/users/sc23oy/ros2_ws/src/install/turtlebot3_gazebo/share/turtlebot3_gazebo/package.dsv'
[8.021s] INFO:colcon.colcon_core.shell:Creating package script '/uolstore/home/users/sc23oy/ros2_ws/src/install/turtlebot3_gazebo/share/turtlebot3_gazebo/package.sh'
[8.024s] INFO:colcon.colcon_core.shell:Creating package script '/uolstore/home/users/sc23oy/ros2_ws/src/install/turtlebot3_gazebo/share/turtlebot3_gazebo/package.bash'
[8.027s] INFO:colcon.colcon_core.shell:Creating package script '/uolstore/home/users/sc23oy/ros2_ws/src/install/turtlebot3_gazebo/share/turtlebot3_gazebo/package.zsh'
[8.030s] Level 1:colcon.colcon_core.environment:create_file_with_runtime_dependencies(/uolstore/home/users/sc23oy/ros2_ws/src/install/turtlebot3_gazebo/share/colcon-core/packages/turtlebot3_gazebo)
[8.068s] DEBUG:colcon.colcon_core.event_handler.log_command:Invoking command in '/uolstore/home/users/sc23oy/ros2_ws/src/lab1': PYTHONPATH=/uolstore/home/users/sc23oy/ros2_ws/src/build/lab1/prefix_override:/uolstore/home/users/sc23oy/ros2_ws/src/install/lab1/lib/python3.10/site-packages:${PYTHONPATH} /usr/bin/python3 setup.py egg_info --egg-base ../build/lab1 build --build-base /uolstore/home/users/sc23oy/ros2_ws/src/build/lab1/build install --record /uolstore/home/users/sc23oy/ros2_ws/src/build/lab1/install.log --single-version-externally-managed
[8.111s] DEBUG:colcon.colcon_core.event_handler.log_command:Invoking command in '/uolstore/home/users/sc23oy/ros2_ws/src/lab2': PYTHONPATH=/uolstore/home/users/sc23oy/ros2_ws/src/build/lab2/prefix_override:/uolstore/home/users/sc23oy/ros2_ws/src/install/lab2/lib/python3.10/site-packages:${PYTHONPATH} /usr/bin/python3 setup.py egg_info --egg-base ../build/lab2 build --build-base /uolstore/home/users/sc23oy/ros2_ws/src/build/lab2/build install --record /uolstore/home/users/sc23oy/ros2_ws/src/build/lab2/install.log --single-version-externally-managed
[8.152s] Level 1:colcon.colcon_core.environment:create_environment_scripts_only(turtlebot3_gazebo)
[8.182s] Level 1:colcon.colcon_core.environment:checking '/uolstore/home/users/sc23oy/ros2_ws/src/install/turtlebot3_gazebo' for CMake module files
[8.185s] Level 1:colcon.colcon_core.environment:checking '/uolstore/home/users/sc23oy/ros2_ws/src/install/turtlebot3_gazebo' for CMake config files
[8.233s] Level 1:colcon.colcon_core.shell:create_environment_hook('turtlebot3_gazebo', 'cmake_prefix_path')
[8.260s] INFO:colcon.colcon_core.shell:Creating environment hook '/uolstore/home/users/sc23oy/ros2_ws/src/install/turtlebot3_gazebo/share/turtlebot3_gazebo/hook/cmake_prefix_path.ps1'
[8.264s] INFO:colcon.colcon_core.shell:Creating environment descriptor '/uolstore/home/users/sc23oy/ros2_ws/src/install/turtlebot3_gazebo/share/turtlebot3_gazebo/hook/cmake_prefix_path.dsv'
[8.266s] INFO:colcon.colcon_core.shell:Creating environment hook '/uolstore/home/users/sc23oy/ros2_ws/src/install/turtlebot3_gazebo/share/turtlebot3_gazebo/hook/cmake_prefix_path.sh'
[8.270s] Level 1:colcon.colcon_core.environment:checking '/uolstore/home/users/sc23oy/ros2_ws/src/install/turtlebot3_gazebo/lib'
[8.270s] Level 1:colcon.colcon_core.environment:checking '/uolstore/home/users/sc23oy/ros2_ws/src/install/turtlebot3_gazebo/bin'
[8.270s] Level 1:colcon.colcon_core.environment:checking '/uolstore/home/users/sc23oy/ros2_ws/src/install/turtlebot3_gazebo/lib/pkgconfig/turtlebot3_gazebo.pc'
[8.270s] Level 1:colcon.colcon_core.environment:checking '/uolstore/home/users/sc23oy/ros2_ws/src/install/turtlebot3_gazebo/lib/python3.10/site-packages'
[8.271s] Level 1:colcon.colcon_core.environment:checking '/uolstore/home/users/sc23oy/ros2_ws/src/install/turtlebot3_gazebo/bin'
[8.297s] INFO:colcon.colcon_core.shell:Creating package script '/uolstore/home/users/sc23oy/ros2_ws/src/install/turtlebot3_gazebo/share/turtlebot3_gazebo/package.ps1'
[8.301s] INFO:colcon.colcon_core.shell:Creating package descriptor '/uolstore/home/users/sc23oy/ros2_ws/src/install/turtlebot3_gazebo/share/turtlebot3_gazebo/package.dsv'
[8.303s] INFO:colcon.colcon_core.shell:Creating package script '/uolstore/home/users/sc23oy/ros2_ws/src/install/turtlebot3_gazebo/share/turtlebot3_gazebo/package.sh'
[8.306s] INFO:colcon.colcon_core.shell:Creating package script '/uolstore/home/users/sc23oy/ros2_ws/src/install/turtlebot3_gazebo/share/turtlebot3_gazebo/package.bash'
[8.309s] INFO:colcon.colcon_core.shell:Creating package script '/uolstore/home/users/sc23oy/ros2_ws/src/install/turtlebot3_gazebo/share/turtlebot3_gazebo/package.zsh'
[8.312s] Level 1:colcon.colcon_core.environment:create_file_with_runtime_dependencies(/uolstore/home/users/sc23oy/ros2_ws/src/install/turtlebot3_gazebo/share/colcon-core/packages/turtlebot3_gazebo)
[8.315s] INFO:colcon.colcon_ros.task.ament_cmake.build:Building ROS package in '/uolstore/home/users/sc23oy/ros2_ws/src/turtlebot3_simulations/turtlebot3_simulations' with build type 'ament_cmake'
[8.315s] INFO:colcon.colcon_cmake.task.cmake.build:Building CMake package in '/uolstore/home/users/sc23oy/ros2_ws/src/turtlebot3_simulations/turtlebot3_simulations'
[8.343s] INFO:colcon.colcon_core.shell:Skip shell extension 'powershell' for command environment: Not usable outside of PowerShell
[8.343s] DEBUG:colcon.colcon_core.shell:Skip shell extension 'dsv' for command environment
[8.461s] DEBUG:colcon.colcon_core.event_handler.log_command:Invoking command in '/uolstore/home/users/sc23oy/ros2_ws/src/lab3': PYTHONPATH=/uolstore/home/users/sc23oy/ros2_ws/src/build/lab3/prefix_override:/uolstore/home/users/sc23oy/ros2_ws/src/install/lab3/lib/python3.10/site-packages:${PYTHONPATH} /usr/bin/python3 setup.py egg_info --egg-base ../build/lab3 build --build-base /uolstore/home/users/sc23oy/ros2_ws/src/build/lab3/build install --record /uolstore/home/users/sc23oy/ros2_ws/src/build/lab3/install.log --single-version-externally-managed
[8.471s] DEBUG:colcon.colcon_core.event_handler.log_command:Invoking command in '/uolstore/home/users/sc23oy/ros2_ws/src/lab4': PYTHONPATH=/uolstore/home/users/sc23oy/ros2_ws/src/build/lab4/prefix_override:/uolstore/home/users/sc23oy/ros2_ws/src/install/lab4/lib/python3.10/site-packages:${PYTHONPATH} /usr/bin/python3 setup.py egg_info --egg-base ../build/lab4 build --build-base /uolstore/home/users/sc23oy/ros2_ws/src/build/lab4/build install --record /uolstore/home/users/sc23oy/ros2_ws/src/build/lab4/install.log --single-version-externally-managed
[8.477s] DEBUG:colcon.colcon_core.event_handler.log_command:Invoking command in '/uolstore/home/users/sc23oy/ros2_ws/src/ros2_project_sc23oy': PYTHONPATH=/uolstore/home/users/sc23oy/ros2_ws/src/build/ros2_project_sc23oy/prefix_override:/uolstore/home/users/sc23oy/ros2_ws/src/install/ros2_project_sc23oy/lib/python3.10/site-packages:${PYTHONPATH} /usr/bin/python3 setup.py egg_info --egg-base ../build/ros2_project_sc23oy build --build-base /uolstore/home/users/sc23oy/ros2_ws/src/build/ros2_project_sc23oy/build install --record /uolstore/home/users/sc23oy/ros2_ws/src/build/ros2_project_sc23oy/install.log --single-version-externally-managed
[8.482s] DEBUG:colcon.colcon_core.event_handler.log_command:Invoking command in '/uolstore/home/users/sc23oy/ros2_ws/src/lab5': PYTHONPATH=/uolstore/home/users/sc23oy/ros2_ws/src/build/lab5/prefix_override:/uolstore/home/users/sc23oy/ros2_ws/src/install/lab5/lib/python3.10/site-packages:${PYTHONPATH} /usr/bin/python3 setup.py egg_info --egg-base ../build/lab5 build --build-base /uolstore/home/users/sc23oy/ros2_ws/src/build/lab5/build install --record /uolstore/home/users/sc23oy/ros2_ws/src/build/lab5/install.log --single-version-externally-managed
[8.495s] DEBUG:colcon.colcon_core.event_handler.log_command:Invoking command in '/uolstore/home/users/sc23oy/ros2_ws/src/build/turtlebot3_simulations': AMENT_PREFIX_PATH=/uolstore/home/users/sc23oy/ros2_ws/src/install/turtlebot3_gazebo:/uolstore/home/users/sc23oy/ros2_ws/src/install/turtlebot3_fake_node:${AMENT_PREFIX_PATH} CMAKE_PREFIX_PATH=/uolstore/home/users/sc23oy/ros2_ws/src/install/turtlebot3_gazebo:/uolstore/home/users/sc23oy/ros2_ws/src/install/turtlebot3_fake_node:/uollinapps/v2/24-25/soc/packages/linux-rhel9-x86_64_v3/gcc-11.4.0/gcc-14.2.0-svuh5yskfnrwh537tvxvt642acswwlju:/opt/ros/humble /usr/bin/cmake --build /uolstore/home/users/sc23oy/ros2_ws/src/build/turtlebot3_simulations -- -j48 -l48
[8.585s] DEBUG:colcon.colcon_core.event_handler.log_command:Invoked command in '/uolstore/home/users/sc23oy/ros2_ws/src/build/turtlebot3_simulations' returned '0': AMENT_PREFIX_PATH=/uolstore/home/users/sc23oy/ros2_ws/src/install/turtlebot3_gazebo:/uolstore/home/users/sc23oy/ros2_ws/src/install/turtlebot3_fake_node:${AMENT_PREFIX_PATH} CMAKE_PREFIX_PATH=/uolstore/home/users/sc23oy/ros2_ws/src/install/turtlebot3_gazebo:/uolstore/home/users/sc23oy/ros2_ws/src/install/turtlebot3_fake_node:/uollinapps/v2/24-25/soc/packages/linux-rhel9-x86_64_v3/gcc-11.4.0/gcc-14.2.0-svuh5yskfnrwh537tvxvt642acswwlju:/opt/ros/humble /usr/bin/cmake --build /uolstore/home/users/sc23oy/ros2_ws/src/build/turtlebot3_simulations -- -j48 -l48
[8.640s] DEBUG:colcon.colcon_core.event_handler.log_command:Invoking command in '/uolstore/home/users/sc23oy/ros2_ws/src/build/turtlebot3_simulations': AMENT_PREFIX_PATH=/uolstore/home/users/sc23oy/ros2_ws/src/install/turtlebot3_gazebo:/uolstore/home/users/sc23oy/ros2_ws/src/install/turtlebot3_fake_node:${AMENT_PREFIX_PATH} CMAKE_PREFIX_PATH=/uolstore/home/users/sc23oy/ros2_ws/src/install/turtlebot3_gazebo:/uolstore/home/users/sc23oy/ros2_ws/src/install/turtlebot3_fake_node:/uollinapps/v2/24-25/soc/packages/linux-rhel9-x86_64_v3/gcc-11.4.0/gcc-14.2.0-svuh5yskfnrwh537tvxvt642acswwlju:/opt/ros/humble /usr/bin/cmake --install /uolstore/home/users/sc23oy/ros2_ws/src/build/turtlebot3_simulations
[8.676s] Level 1:colcon.colcon_core.environment:create_environment_scripts_only(turtlebot3_simulations)
[8.677s] DEBUG:colcon.colcon_core.event_handler.log_command:Invoked command in '/uolstore/home/users/sc23oy/ros2_ws/src/build/turtlebot3_simulations' returned '0': AMENT_PREFIX_PATH=/uolstore/home/users/sc23oy/ros2_ws/src/install/turtlebot3_gazebo:/uolstore/home/users/sc23oy/ros2_ws/src/install/turtlebot3_fake_node:${AMENT_PREFIX_PATH} CMAKE_PREFIX_PATH=/uolstore/home/users/sc23oy/ros2_ws/src/install/turtlebot3_gazebo:/uolstore/home/users/sc23oy/ros2_ws/src/install/turtlebot3_fake_node:/uollinapps/v2/24-25/soc/packages/linux-rhel9-x86_64_v3/gcc-11.4.0/gcc-14.2.0-svuh5yskfnrwh537tvxvt642acswwlju:/opt/ros/humble /usr/bin/cmake --install /uolstore/home/users/sc23oy/ros2_ws/src/build/turtlebot3_simulations
[8.706s] Level 1:colcon.colcon_core.environment:checking '/uolstore/home/users/sc23oy/ros2_ws/src/install/turtlebot3_simulations' for CMake module files
[8.709s] Level 1:colcon.colcon_core.environment:checking '/uolstore/home/users/sc23oy/ros2_ws/src/install/turtlebot3_simulations' for CMake config files
[8.711s] Level 1:colcon.colcon_core.shell:create_environment_hook('turtlebot3_simulations', 'cmake_prefix_path')
[8.742s] INFO:colcon.colcon_core.shell:Creating environment hook '/uolstore/home/users/sc23oy/ros2_ws/src/install/turtlebot3_simulations/share/turtlebot3_simulations/hook/cmake_prefix_path.ps1'
[8.745s] INFO:colcon.colcon_core.shell:Creating environment descriptor '/uolstore/home/users/sc23oy/ros2_ws/src/install/turtlebot3_simulations/share/turtlebot3_simulations/hook/cmake_prefix_path.dsv'
[8.748s] INFO:colcon.colcon_core.shell:Creating environment hook '/uolstore/home/users/sc23oy/ros2_ws/src/install/turtlebot3_simulations/share/turtlebot3_simulations/hook/cmake_prefix_path.sh'
[8.752s] Level 1:colcon.colcon_core.environment:checking '/uolstore/home/users/sc23oy/ros2_ws/src/install/turtlebot3_simulations/bin'
[8.752s] Level 1:colcon.colcon_core.environment:checking '/uolstore/home/users/sc23oy/ros2_ws/src/install/turtlebot3_simulations/lib/pkgconfig/turtlebot3_simulations.pc'
[8.752s] Level 1:colcon.colcon_core.environment:checking '/uolstore/home/users/sc23oy/ros2_ws/src/install/turtlebot3_simulations/lib/python3.10/site-packages'
[8.752s] Level 1:colcon.colcon_core.environment:checking '/uolstore/home/users/sc23oy/ros2_ws/src/install/turtlebot3_simulations/bin'
[8.781s] INFO:colcon.colcon_core.shell:Creating package script '/uolstore/home/users/sc23oy/ros2_ws/src/install/turtlebot3_simulations/share/turtlebot3_simulations/package.ps1'
[8.785s] INFO:colcon.colcon_core.shell:Creating package descriptor '/uolstore/home/users/sc23oy/ros2_ws/src/install/turtlebot3_simulations/share/turtlebot3_simulations/package.dsv'
[8.788s] INFO:colcon.colcon_core.shell:Creating package script '/uolstore/home/users/sc23oy/ros2_ws/src/install/turtlebot3_simulations/share/turtlebot3_simulations/package.sh'
[8.791s] INFO:colcon.colcon_core.shell:Creating package script '/uolstore/home/users/sc23oy/ros2_ws/src/install/turtlebot3_simulations/share/turtlebot3_simulations/package.bash'
[8.794s] INFO:colcon.colcon_core.shell:Creating package script '/uolstore/home/users/sc23oy/ros2_ws/src/install/turtlebot3_simulations/share/turtlebot3_simulations/package.zsh'
[8.797s] Level 1:colcon.colcon_core.environment:create_file_with_runtime_dependencies(/uolstore/home/users/sc23oy/ros2_ws/src/install/turtlebot3_simulations/share/colcon-core/packages/turtlebot3_simulations)
[8.810s] DEBUG:colcon.colcon_core.event_handler.log_command:Invoked command in '/uolstore/home/users/sc23oy/ros2_ws/src/lab1' returned '0': PYTHONPATH=/uolstore/home/users/sc23oy/ros2_ws/src/build/lab1/prefix_override:/uolstore/home/users/sc23oy/ros2_ws/src/install/lab1/lib/python3.10/site-packages:${PYTHONPATH} /usr/bin/python3 setup.py egg_info --egg-base ../build/lab1 build --build-base /uolstore/home/users/sc23oy/ros2_ws/src/build/lab1/build install --record /uolstore/home/users/sc23oy/ros2_ws/src/build/lab1/install.log --single-version-externally-managed
[8.839s] Level 1:colcon.colcon_core.environment:checking '/uolstore/home/users/sc23oy/ros2_ws/src/install/lab1' for CMake module files
[8.840s] Level 1:colcon.colcon_core.environment:checking '/uolstore/home/users/sc23oy/ros2_ws/src/install/lab1' for CMake config files
[8.846s] Level 1:colcon.colcon_core.environment:checking '/uolstore/home/users/sc23oy/ros2_ws/src/install/lab1/lib'
[8.847s] Level 1:colcon.colcon_core.environment:checking '/uolstore/home/users/sc23oy/ros2_ws/src/install/lab1/bin'
[8.847s] Level 1:colcon.colcon_core.environment:checking '/uolstore/home/users/sc23oy/ros2_ws/src/install/lab1/lib/pkgconfig/lab1.pc'
[8.847s] Level 1:colcon.colcon_core.environment:checking '/uolstore/home/users/sc23oy/ros2_ws/src/install/lab1/lib/python3.10/site-packages'
[8.847s] Level 1:colcon.colcon_core.shell:create_environment_hook('lab1', 'pythonpath')
[8.875s] INFO:colcon.colcon_core.shell:Creating environment hook '/uolstore/home/users/sc23oy/ros2_ws/src/install/lab1/share/lab1/hook/pythonpath.ps1'
[8.877s] INFO:colcon.colcon_core.shell:Creating environment descriptor '/uolstore/home/users/sc23oy/ros2_ws/src/install/lab1/share/lab1/hook/pythonpath.dsv'
[8.880s] INFO:colcon.colcon_core.shell:Creating environment hook '/uolstore/home/users/sc23oy/ros2_ws/src/install/lab1/share/lab1/hook/pythonpath.sh'
[8.883s] Level 1:colcon.colcon_core.environment:checking '/uolstore/home/users/sc23oy/ros2_ws/src/install/lab1/bin'
[8.883s] Level 1:colcon.colcon_core.environment:create_environment_scripts_only(lab1)
[8.907s] INFO:colcon.colcon_core.shell:Creating package script '/uolstore/home/users/sc23oy/ros2_ws/src/install/lab1/share/lab1/package.ps1'
[8.910s] INFO:colcon.colcon_core.shell:Creating package descriptor '/uolstore/home/users/sc23oy/ros2_ws/src/install/lab1/share/lab1/package.dsv'
[8.913s] INFO:colcon.colcon_core.shell:Creating package script '/uolstore/home/users/sc23oy/ros2_ws/src/install/lab1/share/lab1/package.sh'
[8.915s] INFO:colcon.colcon_core.shell:Creating package script '/uolstore/home/users/sc23oy/ros2_ws/src/install/lab1/share/lab1/package.bash'
[8.917s] INFO:colcon.colcon_core.shell:Creating package script '/uolstore/home/users/sc23oy/ros2_ws/src/install/lab1/share/lab1/package.zsh'
[8.920s] Level 1:colcon.colcon_core.environment:create_file_with_runtime_dependencies(/uolstore/home/users/sc23oy/ros2_ws/src/install/lab1/share/colcon-core/packages/lab1)
[8.926s] DEBUG:colcon.colcon_core.event_handler.log_command:Invoked command in '/uolstore/home/users/sc23oy/ros2_ws/src/lab2' returned '0': PYTHONPATH=/uolstore/home/users/sc23oy/ros2_ws/src/build/lab2/prefix_override:/uolstore/home/users/sc23oy/ros2_ws/src/install/lab2/lib/python3.10/site-packages:${PYTHONPATH} /usr/bin/python3 setup.py egg_info --egg-base ../build/lab2 build --build-base /uolstore/home/users/sc23oy/ros2_ws/src/build/lab2/build install --record /uolstore/home/users/sc23oy/ros2_ws/src/build/lab2/install.log --single-version-externally-managed
[8.951s] Level 1:colcon.colcon_core.environment:checking '/uolstore/home/users/sc23oy/ros2_ws/src/install/lab2' for CMake module files
[8.953s] Level 1:colcon.colcon_core.environment:checking '/uolstore/home/users/sc23oy/ros2_ws/src/install/lab2' for CMake config files
[8.962s] Level 1:colcon.colcon_core.environment:checking '/uolstore/home/users/sc23oy/ros2_ws/src/install/lab2/lib'
[8.962s] Level 1:colcon.colcon_core.environment:checking '/uolstore/home/users/sc23oy/ros2_ws/src/install/lab2/bin'
[8.962s] Level 1:colcon.colcon_core.environment:checking '/uolstore/home/users/sc23oy/ros2_ws/src/install/lab2/lib/pkgconfig/lab2.pc'
[8.963s] Level 1:colcon.colcon_core.environment:checking '/uolstore/home/users/sc23oy/ros2_ws/src/install/lab2/lib/python3.10/site-packages'
[8.963s] Level 1:colcon.colcon_core.shell:create_environment_hook('lab2', 'pythonpath')
[8.994s] INFO:colcon.colcon_core.shell:Creating environment hook '/uolstore/home/users/sc23oy/ros2_ws/src/install/lab2/share/lab2/hook/pythonpath.ps1'
[8.999s] INFO:colcon.colcon_core.shell:Creating environment descriptor '/uolstore/home/users/sc23oy/ros2_ws/src/install/lab2/share/lab2/hook/pythonpath.dsv'
[9.003s] INFO:colcon.colcon_core.shell:Creating environment hook '/uolstore/home/users/sc23oy/ros2_ws/src/install/lab2/share/lab2/hook/pythonpath.sh'
[9.007s] Level 1:colcon.colcon_core.environment:checking '/uolstore/home/users/sc23oy/ros2_ws/src/install/lab2/bin'
[9.007s] Level 1:colcon.colcon_core.environment:create_environment_scripts_only(lab2)
[9.033s] INFO:colcon.colcon_core.shell:Creating package script '/uolstore/home/users/sc23oy/ros2_ws/src/install/lab2/share/lab2/package.ps1'
[9.038s] INFO:colcon.colcon_core.shell:Creating package descriptor '/uolstore/home/users/sc23oy/ros2_ws/src/install/lab2/share/lab2/package.dsv'
[9.041s] INFO:colcon.colcon_core.shell:Creating package script '/uolstore/home/users/sc23oy/ros2_ws/src/install/lab2/share/lab2/package.sh'
[9.045s] INFO:colcon.colcon_core.shell:Creating package script '/uolstore/home/users/sc23oy/ros2_ws/src/install/lab2/share/lab2/package.bash'
[9.049s] INFO:colcon.colcon_core.shell:Creating package script '/uolstore/home/users/sc23oy/ros2_ws/src/install/lab2/share/lab2/package.zsh'
[9.051s] Level 1:colcon.colcon_core.environment:create_file_with_runtime_dependencies(/uolstore/home/users/sc23oy/ros2_ws/src/install/lab2/share/colcon-core/packages/lab2)
[9.081s] Level 1:colcon.colcon_core.environment:create_environment_scripts_only(turtlebot3_simulations)
[9.108s] Level 1:colcon.colcon_core.environment:checking '/uolstore/home/users/sc23oy/ros2_ws/src/install/turtlebot3_simulations' for CMake module files
[9.110s] Level 1:colcon.colcon_core.environment:checking '/uolstore/home/users/sc23oy/ros2_ws/src/install/turtlebot3_simulations' for CMake config files
[9.114s] Level 1:colcon.colcon_core.shell:create_environment_hook('turtlebot3_simulations', 'cmake_prefix_path')
[9.139s] INFO:colcon.colcon_core.shell:Creating environment hook '/uolstore/home/users/sc23oy/ros2_ws/src/install/turtlebot3_simulations/share/turtlebot3_simulations/hook/cmake_prefix_path.ps1'
[9.142s] INFO:colcon.colcon_core.shell:Creating environment descriptor '/uolstore/home/users/sc23oy/ros2_ws/src/install/turtlebot3_simulations/share/turtlebot3_simulations/hook/cmake_prefix_path.dsv'
[9.145s] INFO:colcon.colcon_core.shell:Creating environment hook '/uolstore/home/users/sc23oy/ros2_ws/src/install/turtlebot3_simulations/share/turtlebot3_simulations/hook/cmake_prefix_path.sh'
[9.148s] Level 1:colcon.colcon_core.environment:checking '/uolstore/home/users/sc23oy/ros2_ws/src/install/turtlebot3_simulations/bin'
[9.148s] Level 1:colcon.colcon_core.environment:checking '/uolstore/home/users/sc23oy/ros2_ws/src/install/turtlebot3_simulations/lib/pkgconfig/turtlebot3_simulations.pc'
[9.149s] Level 1:colcon.colcon_core.environment:checking '/uolstore/home/users/sc23oy/ros2_ws/src/install/turtlebot3_simulations/lib/python3.10/site-packages'
[9.149s] Level 1:colcon.colcon_core.environment:checking '/uolstore/home/users/sc23oy/ros2_ws/src/install/turtlebot3_simulations/bin'
[9.173s] INFO:colcon.colcon_core.shell:Creating package script '/uolstore/home/users/sc23oy/ros2_ws/src/install/turtlebot3_simulations/share/turtlebot3_simulations/package.ps1'
[9.176s] INFO:colcon.colcon_core.shell:Creating package descriptor '/uolstore/home/users/sc23oy/ros2_ws/src/install/turtlebot3_simulations/share/turtlebot3_simulations/package.dsv'
[9.180s] INFO:colcon.colcon_core.shell:Creating package script '/uolstore/home/users/sc23oy/ros2_ws/src/install/turtlebot3_simulations/share/turtlebot3_simulations/package.sh'
[9.183s] INFO:colcon.colcon_core.shell:Creating package script '/uolstore/home/users/sc23oy/ros2_ws/src/install/turtlebot3_simulations/share/turtlebot3_simulations/package.bash'
[9.185s] INFO:colcon.colcon_core.shell:Creating package script '/uolstore/home/users/sc23oy/ros2_ws/src/install/turtlebot3_simulations/share/turtlebot3_simulations/package.zsh'
[9.189s] Level 1:colcon.colcon_core.environment:create_file_with_runtime_dependencies(/uolstore/home/users/sc23oy/ros2_ws/src/install/turtlebot3_simulations/share/colcon-core/packages/turtlebot3_simulations)
[9.198s] DEBUG:colcon.colcon_core.event_handler.log_command:Invoked command in '/uolstore/home/users/sc23oy/ros2_ws/src/lab4' returned '0': PYTHONPATH=/uolstore/home/users/sc23oy/ros2_ws/src/build/lab4/prefix_override:/uolstore/home/users/sc23oy/ros2_ws/src/install/lab4/lib/python3.10/site-packages:${PYTHONPATH} /usr/bin/python3 setup.py egg_info --egg-base ../build/lab4 build --build-base /uolstore/home/users/sc23oy/ros2_ws/src/build/lab4/build install --record /uolstore/home/users/sc23oy/ros2_ws/src/build/lab4/install.log --single-version-externally-managed
[9.219s] Level 1:colcon.colcon_core.environment:checking '/uolstore/home/users/sc23oy/ros2_ws/src/install/lab4' for CMake module files
[9.220s] Level 1:colcon.colcon_core.environment:checking '/uolstore/home/users/sc23oy/ros2_ws/src/install/lab4' for CMake config files
[9.226s] Level 1:colcon.colcon_core.environment:checking '/uolstore/home/users/sc23oy/ros2_ws/src/install/lab4/lib'
[9.227s] Level 1:colcon.colcon_core.environment:checking '/uolstore/home/users/sc23oy/ros2_ws/src/install/lab4/bin'
[9.227s] Level 1:colcon.colcon_core.environment:checking '/uolstore/home/users/sc23oy/ros2_ws/src/install/lab4/lib/pkgconfig/lab4.pc'
[9.227s] Level 1:colcon.colcon_core.environment:checking '/uolstore/home/users/sc23oy/ros2_ws/src/install/lab4/lib/python3.10/site-packages'
[9.227s] Level 1:colcon.colcon_core.shell:create_environment_hook('lab4', 'pythonpath')
[9.251s] INFO:colcon.colcon_core.shell:Creating environment hook '/uolstore/home/users/sc23oy/ros2_ws/src/install/lab4/share/lab4/hook/pythonpath.ps1'
[9.254s] INFO:colcon.colcon_core.shell:Creating environment descriptor '/uolstore/home/users/sc23oy/ros2_ws/src/install/lab4/share/lab4/hook/pythonpath.dsv'
[9.257s] INFO:colcon.colcon_core.shell:Creating environment hook '/uolstore/home/users/sc23oy/ros2_ws/src/install/lab4/share/lab4/hook/pythonpath.sh'
[9.260s] Level 1:colcon.colcon_core.environment:checking '/uolstore/home/users/sc23oy/ros2_ws/src/install/lab4/bin'
[9.260s] Level 1:colcon.colcon_core.environment:create_environment_scripts_only(lab4)
[9.283s] INFO:colcon.colcon_core.shell:Creating package script '/uolstore/home/users/sc23oy/ros2_ws/src/install/lab4/share/lab4/package.ps1'
[9.286s] INFO:colcon.colcon_core.shell:Creating package descriptor '/uolstore/home/users/sc23oy/ros2_ws/src/install/lab4/share/lab4/package.dsv'
[9.289s] INFO:colcon.colcon_core.shell:Creating package script '/uolstore/home/users/sc23oy/ros2_ws/src/install/lab4/share/lab4/package.sh'
[9.292s] INFO:colcon.colcon_core.shell:Creating package script '/uolstore/home/users/sc23oy/ros2_ws/src/install/lab4/share/lab4/package.bash'
[9.295s] INFO:colcon.colcon_core.shell:Creating package script '/uolstore/home/users/sc23oy/ros2_ws/src/install/lab4/share/lab4/package.zsh'
[9.298s] Level 1:colcon.colcon_core.environment:create_file_with_runtime_dependencies(/uolstore/home/users/sc23oy/ros2_ws/src/install/lab4/share/colcon-core/packages/lab4)
[9.305s] DEBUG:colcon.colcon_core.event_handler.log_command:Invoked command in '/uolstore/home/users/sc23oy/ros2_ws/src/lab5' returned '0': PYTHONPATH=/uolstore/home/users/sc23oy/ros2_ws/src/build/lab5/prefix_override:/uolstore/home/users/sc23oy/ros2_ws/src/install/lab5/lib/python3.10/site-packages:${PYTHONPATH} /usr/bin/python3 setup.py egg_info --egg-base ../build/lab5 build --build-base /uolstore/home/users/sc23oy/ros2_ws/src/build/lab5/build install --record /uolstore/home/users/sc23oy/ros2_ws/src/build/lab5/install.log --single-version-externally-managed
[9.323s] Level 1:colcon.colcon_core.environment:checking '/uolstore/home/users/sc23oy/ros2_ws/src/install/lab5' for CMake module files
[9.325s] Level 1:colcon.colcon_core.environment:checking '/uolstore/home/users/sc23oy/ros2_ws/src/install/lab5' for CMake config files
[9.331s] Level 1:colcon.colcon_core.environment:checking '/uolstore/home/users/sc23oy/ros2_ws/src/install/lab5/lib'
[9.332s] Level 1:colcon.colcon_core.environment:checking '/uolstore/home/users/sc23oy/ros2_ws/src/install/lab5/bin'
[9.332s] Level 1:colcon.colcon_core.environment:checking '/uolstore/home/users/sc23oy/ros2_ws/src/install/lab5/lib/pkgconfig/lab5.pc'
[9.332s] Level 1:colcon.colcon_core.environment:checking '/uolstore/home/users/sc23oy/ros2_ws/src/install/lab5/lib/python3.10/site-packages'
[9.332s] Level 1:colcon.colcon_core.shell:create_environment_hook('lab5', 'pythonpath')
[9.356s] INFO:colcon.colcon_core.shell:Creating environment hook '/uolstore/home/users/sc23oy/ros2_ws/src/install/lab5/share/lab5/hook/pythonpath.ps1'
[9.359s] INFO:colcon.colcon_core.shell:Creating environment descriptor '/uolstore/home/users/sc23oy/ros2_ws/src/install/lab5/share/lab5/hook/pythonpath.dsv'
[9.362s] INFO:colcon.colcon_core.shell:Creating environment hook '/uolstore/home/users/sc23oy/ros2_ws/src/install/lab5/share/lab5/hook/pythonpath.sh'
[9.365s] Level 1:colcon.colcon_core.environment:checking '/uolstore/home/users/sc23oy/ros2_ws/src/install/lab5/bin'
[9.365s] Level 1:colcon.colcon_core.environment:create_environment_scripts_only(lab5)
[9.388s] INFO:colcon.colcon_core.shell:Creating package script '/uolstore/home/users/sc23oy/ros2_ws/src/install/lab5/share/lab5/package.ps1'
[9.392s] INFO:colcon.colcon_core.shell:Creating package descriptor '/uolstore/home/users/sc23oy/ros2_ws/src/install/lab5/share/lab5/package.dsv'
[9.394s] INFO:colcon.colcon_core.shell:Creating package script '/uolstore/home/users/sc23oy/ros2_ws/src/install/lab5/share/lab5/package.sh'
[9.397s] INFO:colcon.colcon_core.shell:Creating package script '/uolstore/home/users/sc23oy/ros2_ws/src/install/lab5/share/lab5/package.bash'
[9.400s] INFO:colcon.colcon_core.shell:Creating package script '/uolstore/home/users/sc23oy/ros2_ws/src/install/lab5/share/lab5/package.zsh'
[9.403s] Level 1:colcon.colcon_core.environment:create_file_with_runtime_dependencies(/uolstore/home/users/sc23oy/ros2_ws/src/install/lab5/share/colcon-core/packages/lab5)
[9.410s] DEBUG:colcon.colcon_core.event_handler.log_command:Invoked command in '/uolstore/home/users/sc23oy/ros2_ws/src/ros2_project_sc23oy' returned '0': PYTHONPATH=/uolstore/home/users/sc23oy/ros2_ws/src/build/ros2_project_sc23oy/prefix_override:/uolstore/home/users/sc23oy/ros2_ws/src/install/ros2_project_sc23oy/lib/python3.10/site-packages:${PYTHONPATH} /usr/bin/python3 setup.py egg_info --egg-base ../build/ros2_project_sc23oy build --build-base /uolstore/home/users/sc23oy/ros2_ws/src/build/ros2_project_sc23oy/build install --record /uolstore/home/users/sc23oy/ros2_ws/src/build/ros2_project_sc23oy/install.log --single-version-externally-managed
[9.429s] Level 1:colcon.colcon_core.environment:checking '/uolstore/home/users/sc23oy/ros2_ws/src/install/ros2_project_sc23oy' for CMake module files
[9.430s] Level 1:colcon.colcon_core.environment:checking '/uolstore/home/users/sc23oy/ros2_ws/src/install/ros2_project_sc23oy' for CMake config files
[9.437s] Level 1:colcon.colcon_core.environment:checking '/uolstore/home/users/sc23oy/ros2_ws/src/install/ros2_project_sc23oy/lib'
[9.437s] Level 1:colcon.colcon_core.environment:checking '/uolstore/home/users/sc23oy/ros2_ws/src/install/ros2_project_sc23oy/bin'
[9.437s] Level 1:colcon.colcon_core.environment:checking '/uolstore/home/users/sc23oy/ros2_ws/src/install/ros2_project_sc23oy/lib/pkgconfig/ros2_project_sc23oy.pc'
[9.437s] Level 1:colcon.colcon_core.environment:checking '/uolstore/home/users/sc23oy/ros2_ws/src/install/ros2_project_sc23oy/lib/python3.10/site-packages'
[9.437s] Level 1:colcon.colcon_core.shell:create_environment_hook('ros2_project_sc23oy', 'pythonpath')
[9.461s] INFO:colcon.colcon_core.shell:Creating environment hook '/uolstore/home/users/sc23oy/ros2_ws/src/install/ros2_project_sc23oy/share/ros2_project_sc23oy/hook/pythonpath.ps1'
[9.464s] INFO:colcon.colcon_core.shell:Creating environment descriptor '/uolstore/home/users/sc23oy/ros2_ws/src/install/ros2_project_sc23oy/share/ros2_project_sc23oy/hook/pythonpath.dsv'
[9.466s] INFO:colcon.colcon_core.shell:Creating environment hook '/uolstore/home/users/sc23oy/ros2_ws/src/install/ros2_project_sc23oy/share/ros2_project_sc23oy/hook/pythonpath.sh'
[9.470s] Level 1:colcon.colcon_core.environment:checking '/uolstore/home/users/sc23oy/ros2_ws/src/install/ros2_project_sc23oy/bin'
[9.470s] Level 1:colcon.colcon_core.environment:create_environment_scripts_only(ros2_project_sc23oy)
[9.494s] INFO:colcon.colcon_core.shell:Creating package script '/uolstore/home/users/sc23oy/ros2_ws/src/install/ros2_project_sc23oy/share/ros2_project_sc23oy/package.ps1'
[9.497s] INFO:colcon.colcon_core.shell:Creating package descriptor '/uolstore/home/users/sc23oy/ros2_ws/src/install/ros2_project_sc23oy/share/ros2_project_sc23oy/package.dsv'
[9.500s] INFO:colcon.colcon_core.shell:Creating package script '/uolstore/home/users/sc23oy/ros2_ws/src/install/ros2_project_sc23oy/share/ros2_project_sc23oy/package.sh'
[9.503s] INFO:colcon.colcon_core.shell:Creating package script '/uolstore/home/users/sc23oy/ros2_ws/src/install/ros2_project_sc23oy/share/ros2_project_sc23oy/package.bash'
[9.506s] INFO:colcon.colcon_core.shell:Creating package script '/uolstore/home/users/sc23oy/ros2_ws/src/install/ros2_project_sc23oy/share/ros2_project_sc23oy/package.zsh'
[9.508s] Level 1:colcon.colcon_core.environment:create_file_with_runtime_dependencies(/uolstore/home/users/sc23oy/ros2_ws/src/install/ros2_project_sc23oy/share/colcon-core/packages/ros2_project_sc23oy)
[9.516s] DEBUG:colcon.colcon_core.event_handler.log_command:Invoked command in '/uolstore/home/users/sc23oy/ros2_ws/src/lab3' returned '0': PYTHONPATH=/uolstore/home/users/sc23oy/ros2_ws/src/build/lab3/prefix_override:/uolstore/home/users/sc23oy/ros2_ws/src/install/lab3/lib/python3.10/site-packages:${PYTHONPATH} /usr/bin/python3 setup.py egg_info --egg-base ../build/lab3 build --build-base /uolstore/home/users/sc23oy/ros2_ws/src/build/lab3/build install --record /uolstore/home/users/sc23oy/ros2_ws/src/build/lab3/install.log --single-version-externally-managed
[9.535s] Level 1:colcon.colcon_core.environment:checking '/uolstore/home/users/sc23oy/ros2_ws/src/install/lab3' for CMake module files
[9.537s] Level 1:colcon.colcon_core.environment:checking '/uolstore/home/users/sc23oy/ros2_ws/src/install/lab3' for CMake config files
[9.543s] Level 1:colcon.colcon_core.environment:checking '/uolstore/home/users/sc23oy/ros2_ws/src/install/lab3/lib'
[9.543s] Level 1:colcon.colcon_core.environment:checking '/uolstore/home/users/sc23oy/ros2_ws/src/install/lab3/bin'
[9.543s] Level 1:colcon.colcon_core.environment:checking '/uolstore/home/users/sc23oy/ros2_ws/src/install/lab3/lib/pkgconfig/lab3.pc'
[9.544s] Level 1:colcon.colcon_core.environment:checking '/uolstore/home/users/sc23oy/ros2_ws/src/install/lab3/lib/python3.10/site-packages'
[9.544s] Level 1:colcon.colcon_core.shell:create_environment_hook('lab3', 'pythonpath')
[9.587s] INFO:colcon.colcon_core.shell:Creating environment hook '/uolstore/home/users/sc23oy/ros2_ws/src/install/lab3/share/lab3/hook/pythonpath.ps1'
[9.590s] INFO:colcon.colcon_core.shell:Creating environment descriptor '/uolstore/home/users/sc23oy/ros2_ws/src/install/lab3/share/lab3/hook/pythonpath.dsv'
[9.593s] INFO:colcon.colcon_core.shell:Creating environment hook '/uolstore/home/users/sc23oy/ros2_ws/src/install/lab3/share/lab3/hook/pythonpath.sh'
[9.596s] Level 1:colcon.colcon_core.environment:checking '/uolstore/home/users/sc23oy/ros2_ws/src/install/lab3/bin'
[9.596s] Level 1:colcon.colcon_core.environment:create_environment_scripts_only(lab3)
[9.620s] INFO:colcon.colcon_core.shell:Creating package script '/uolstore/home/users/sc23oy/ros2_ws/src/install/lab3/share/lab3/package.ps1'
[9.623s] INFO:colcon.colcon_core.shell:Creating package descriptor '/uolstore/home/users/sc23oy/ros2_ws/src/install/lab3/share/lab3/package.dsv'
[9.626s] INFO:colcon.colcon_core.shell:Creating package script '/uolstore/home/users/sc23oy/ros2_ws/src/install/lab3/share/lab3/package.sh'
[9.629s] INFO:colcon.colcon_core.shell:Creating package script '/uolstore/home/users/sc23oy/ros2_ws/src/install/lab3/share/lab3/package.bash'
[9.632s] INFO:colcon.colcon_core.shell:Creating package script '/uolstore/home/users/sc23oy/ros2_ws/src/install/lab3/share/lab3/package.zsh'
[9.634s] Level 1:colcon.colcon_core.environment:create_file_with_runtime_dependencies(/uolstore/home/users/sc23oy/ros2_ws/src/install/lab3/share/colcon-core/packages/lab3)
[9.635s] DEBUG:colcon.colcon_parallel_executor.executor.parallel:closing loop
[9.635s] DEBUG:colcon.colcon_parallel_executor.executor.parallel:loop closed
[9.635s] DEBUG:colcon.colcon_parallel_executor.executor.parallel:run_until_complete finished with '0'
[9.636s] DEBUG:colcon.colcon_core.event_reactor:joining thread
[9.673s] INFO:colcon.colcon_core.plugin_system:Skipping extension 'colcon_notification.desktop_notification.notify_send': Could not find 'notify-send'
[9.673s] INFO:colcon.colcon_core.plugin_system:Skipping extension 'colcon_notification.desktop_notification.terminal_notifier': Not used on non-Darwin systems
[9.674s] INFO:colcon.colcon_core.plugin_system:Skipping extension 'colcon_notification.desktop_notification.win32': Not used on non-Windows systems
[9.674s] INFO:colcon.colcon_notification.desktop_notification:Sending desktop notification using 'notify2'
[9.696s] DEBUG:colcon.colcon_core.event_reactor:joined thread
[9.722s] INFO:colcon.colcon_core.shell:Creating prefix script '/uolstore/home/users/sc23oy/ros2_ws/src/install/local_setup.ps1'
[9.725s] INFO:colcon.colcon_core.shell:Creating prefix util module '/uolstore/home/users/sc23oy/ros2_ws/src/install/_local_setup_util_ps1.py'
[9.730s] INFO:colcon.colcon_core.shell:Creating prefix chain script '/uolstore/home/users/sc23oy/ros2_ws/src/install/setup.ps1'
[9.757s] INFO:colcon.colcon_core.shell:Creating prefix script '/uolstore/home/users/sc23oy/ros2_ws/src/install/local_setup.sh'
[9.761s] INFO:colcon.colcon_core.shell:Creating prefix util module '/uolstore/home/users/sc23oy/ros2_ws/src/install/_local_setup_util_sh.py'
[9.766s] INFO:colcon.colcon_core.shell:Creating prefix chain script '/uolstore/home/users/sc23oy/ros2_ws/src/install/setup.sh'
[9.792s] INFO:colcon.colcon_core.shell:Creating prefix script '/uolstore/home/users/sc23oy/ros2_ws/src/install/local_setup.bash'
[9.795s] INFO:colcon.colcon_core.shell:Creating prefix chain script '/uolstore/home/users/sc23oy/ros2_ws/src/install/setup.bash'
[9.821s] INFO:colcon.colcon_core.shell:Creating prefix script '/uolstore/home/users/sc23oy/ros2_ws/src/install/local_setup.zsh'
[9.825s] INFO:colcon.colcon_core.shell:Creating prefix chain script '/uolstore/home/users/sc23oy/ros2_ws/src/install/setup.zsh'
