[5.257s] Invoking command in '/uolstore/home/users/sc23oy/ros2_ws/src/lab3': PYTHONPATH=/uolstore/home/users/sc23oy/ros2_ws/build/lab3/prefix_override:/uolstore/home/users/sc23oy/ros2_ws/install/lab3/lib/python3.10/site-packages:${PYTHONPATH} /usr/bin/python3 setup.py egg_info --egg-base ../../build/lab3 build --build-base /uolstore/home/users/sc23oy/ros2_ws/build/lab3/build install --record /uolstore/home/users/sc23oy/ros2_ws/build/lab3/install.log --single-version-externally-managed
[5.803s] running egg_info
[5.804s] creating ../../build/lab3/lab3.egg-info
[5.805s] writing ../../build/lab3/lab3.egg-info/PKG-INFO
[5.810s] writing dependency_links to ../../build/lab3/lab3.egg-info/dependency_links.txt
[5.815s] writing entry points to ../../build/lab3/lab3.egg-info/entry_points.txt
[5.817s] writing requirements to ../../build/lab3/lab3.egg-info/requires.txt
[5.820s] writing top-level names to ../../build/lab3/lab3.egg-info/top_level.txt
[5.823s] writing manifest file '../../build/lab3/lab3.egg-info/SOURCES.txt'
[5.832s] reading manifest file '../../build/lab3/lab3.egg-info/SOURCES.txt'
[5.836s] writing manifest file '../../build/lab3/lab3.egg-info/SOURCES.txt'
[5.838s] running build
[5.838s] running build_py
[5.840s] creating /uolstore/home/users/sc23oy/ros2_ws/build/lab3/build
[5.840s] creating /uolstore/home/users/sc23oy/ros2_ws/build/lab3/build/lib
[5.841s] creating /uolstore/home/users/sc23oy/ros2_ws/build/lab3/build/lib/lab3
[5.843s] copying lab3/__init__.py -> /uolstore/home/users/sc23oy/ros2_ws/build/lab3/build/lib/lab3
[5.851s] copying lab3/firstwalk.py -> /uolstore/home/users/sc23oy/ros2_ws/build/lab3/build/lib/lab3
[5.856s] copying lab3/exercise1.py -> /uolstore/home/users/sc23oy/ros2_ws/build/lab3/build/lib/lab3
[5.862s] copying lab3/exercise2.py -> /uolstore/home/users/sc23oy/ros2_ws/build/lab3/build/lib/lab3
[5.867s] running install
[5.868s] running install_lib
[5.872s] creating /uolstore/home/users/sc23oy/ros2_ws/install/lab3/lib/python3.10/site-packages/lab3
[5.874s] copying /uolstore/home/users/sc23oy/ros2_ws/build/lab3/build/lib/lab3/__init__.py -> /uolstore/home/users/sc23oy/ros2_ws/install/lab3/lib/python3.10/site-packages/lab3
[5.878s] copying /uolstore/home/users/sc23oy/ros2_ws/build/lab3/build/lib/lab3/firstwalk.py -> /uolstore/home/users/sc23oy/ros2_ws/install/lab3/lib/python3.10/site-packages/lab3
[5.885s] copying /uolstore/home/users/sc23oy/ros2_ws/build/lab3/build/lib/lab3/exercise1.py -> /uolstore/home/users/sc23oy/ros2_ws/install/lab3/lib/python3.10/site-packages/lab3
[5.891s] copying /uolstore/home/users/sc23oy/ros2_ws/build/lab3/build/lib/lab3/exercise2.py -> /uolstore/home/users/sc23oy/ros2_ws/install/lab3/lib/python3.10/site-packages/lab3
[5.901s] byte-compiling /uolstore/home/users/sc23oy/ros2_ws/install/lab3/lib/python3.10/site-packages/lab3/__init__.py to __init__.cpython-310.pyc
[5.907s] byte-compiling /uolstore/home/users/sc23oy/ros2_ws/install/lab3/lib/python3.10/site-packages/lab3/firstwalk.py to firstwalk.cpython-310.pyc
[5.913s] byte-compiling /uolstore/home/users/sc23oy/ros2_ws/install/lab3/lib/python3.10/site-packages/lab3/exercise1.py to exercise1.cpython-310.pyc
[5.919s] byte-compiling /uolstore/home/users/sc23oy/ros2_ws/install/lab3/lib/python3.10/site-packages/lab3/exercise2.py to exercise2.cpython-310.pyc
[5.924s] running install_data
[5.925s] creating /uolstore/home/users/sc23oy/ros2_ws/install/lab3/share/ament_index
[5.926s] creating /uolstore/home/users/sc23oy/ros2_ws/install/lab3/share/ament_index/resource_index
[5.927s] creating /uolstore/home/users/sc23oy/ros2_ws/install/lab3/share/ament_index/resource_index/packages
[5.929s] copying resource/lab3 -> /uolstore/home/users/sc23oy/ros2_ws/install/lab3/share/ament_index/resource_index/packages
[5.933s] copying package.xml -> /uolstore/home/users/sc23oy/ros2_ws/install/lab3/share/lab3
[5.937s] running install_egg_info
[5.941s] Copying ../../build/lab3/lab3.egg-info to /uolstore/home/users/sc23oy/ros2_ws/install/lab3/lib/python3.10/site-packages/lab3-0.0.0-py3.10.egg-info
[5.989s] running install_scripts
[6.023s] Installing exercise1 script to /uolstore/home/users/sc23oy/ros2_ws/install/lab3/lib/lab3
[6.027s] Installing exercise2 script to /uolstore/home/users/sc23oy/ros2_ws/install/lab3/lib/lab3
[6.029s] Installing firstwalk script to /uolstore/home/users/sc23oy/ros2_ws/install/lab3/lib/lab3
[6.032s] writing list of installed files to '/uolstore/home/users/sc23oy/ros2_ws/build/lab3/install.log'
[6.404s] Invoked command in '/uolstore/home/users/sc23oy/ros2_ws/src/lab3' returned '0': PYTHONPATH=/uolstore/home/users/sc23oy/ros2_ws/build/lab3/prefix_override:/uolstore/home/users/sc23oy/ros2_ws/install/lab3/lib/python3.10/site-packages:${PYTHONPATH} /usr/bin/python3 setup.py egg_info --egg-base ../../build/lab3 build --build-base /uolstore/home/users/sc23oy/ros2_ws/build/lab3/build install --record /uolstore/home/users/sc23oy/ros2_ws/build/lab3/install.log --single-version-externally-managed
