[5.393s] Invoking command in '/uolstore/home/users/sc23oy/ros2_ws/src/lab2': PYTHONPATH=/uolstore/home/users/sc23oy/ros2_ws/build/lab2/prefix_override:/uolstore/home/users/sc23oy/ros2_ws/install/lab2/lib/python3.10/site-packages:${PYTHONPATH} /usr/bin/python3 setup.py egg_info --egg-base ../../build/lab2 build --build-base /uolstore/home/users/sc23oy/ros2_ws/build/lab2/build install --record /uolstore/home/users/sc23oy/ros2_ws/build/lab2/install.log --single-version-externally-managed
[5.924s] running egg_info
[5.925s] creating ../../build/lab2/lab2.egg-info
[5.926s] writing ../../build/lab2/lab2.egg-info/PKG-INFO
[5.930s] writing dependency_links to ../../build/lab2/lab2.egg-info/dependency_links.txt
[5.932s] writing entry points to ../../build/lab2/lab2.egg-info/entry_points.txt
[5.934s] writing requirements to ../../build/lab2/lab2.egg-info/requires.txt
[5.935s] writing top-level names to ../../build/lab2/lab2.egg-info/top_level.txt
[5.937s] writing manifest file '../../build/lab2/lab2.egg-info/SOURCES.txt'
[5.945s] reading manifest file '../../build/lab2/lab2.egg-info/SOURCES.txt'
[5.948s] writing manifest file '../../build/lab2/lab2.egg-info/SOURCES.txt'
[5.949s] running build
[5.949s] running build_py
[5.950s] creating /uolstore/home/users/sc23oy/ros2_ws/build/lab2/build
[5.951s] creating /uolstore/home/users/sc23oy/ros2_ws/build/lab2/build/lib
[5.952s] creating /uolstore/home/users/sc23oy/ros2_ws/build/lab2/build/lib/lab2
[5.954s] copying lab2/__init__.py -> /uolstore/home/users/sc23oy/ros2_ws/build/lab2/build/lib/lab2
[5.957s] copying lab2/listener.py -> /uolstore/home/users/sc23oy/ros2_ws/build/lab2/build/lib/lab2
[5.963s] copying lab2/talker.py -> /uolstore/home/users/sc23oy/ros2_ws/build/lab2/build/lib/lab2
[5.968s] copying lab2/numeric_listener.py -> /uolstore/home/users/sc23oy/ros2_ws/build/lab2/build/lib/lab2
[5.973s] copying lab2/numeric_talker.py -> /uolstore/home/users/sc23oy/ros2_ws/build/lab2/build/lib/lab2
[5.978s] running install
[5.979s] running install_lib
[5.983s] creating /uolstore/home/users/sc23oy/ros2_ws/install/lab2/lib/python3.10/site-packages/lab2
[5.984s] copying /uolstore/home/users/sc23oy/ros2_ws/build/lab2/build/lib/lab2/__init__.py -> /uolstore/home/users/sc23oy/ros2_ws/install/lab2/lib/python3.10/site-packages/lab2
[5.989s] copying /uolstore/home/users/sc23oy/ros2_ws/build/lab2/build/lib/lab2/listener.py -> /uolstore/home/users/sc23oy/ros2_ws/install/lab2/lib/python3.10/site-packages/lab2
[5.996s] copying /uolstore/home/users/sc23oy/ros2_ws/build/lab2/build/lib/lab2/talker.py -> /uolstore/home/users/sc23oy/ros2_ws/install/lab2/lib/python3.10/site-packages/lab2
[6.002s] copying /uolstore/home/users/sc23oy/ros2_ws/build/lab2/build/lib/lab2/numeric_listener.py -> /uolstore/home/users/sc23oy/ros2_ws/install/lab2/lib/python3.10/site-packages/lab2
[6.008s] copying /uolstore/home/users/sc23oy/ros2_ws/build/lab2/build/lib/lab2/numeric_talker.py -> /uolstore/home/users/sc23oy/ros2_ws/install/lab2/lib/python3.10/site-packages/lab2
[6.016s] byte-compiling /uolstore/home/users/sc23oy/ros2_ws/install/lab2/lib/python3.10/site-packages/lab2/__init__.py to __init__.cpython-310.pyc
[6.023s] byte-compiling /uolstore/home/users/sc23oy/ros2_ws/install/lab2/lib/python3.10/site-packages/lab2/listener.py to listener.cpython-310.pyc
[6.030s] byte-compiling /uolstore/home/users/sc23oy/ros2_ws/install/lab2/lib/python3.10/site-packages/lab2/talker.py to talker.cpython-310.pyc
[6.037s] byte-compiling /uolstore/home/users/sc23oy/ros2_ws/install/lab2/lib/python3.10/site-packages/lab2/numeric_listener.py to numeric_listener.cpython-310.pyc
[6.045s] byte-compiling /uolstore/home/users/sc23oy/ros2_ws/install/lab2/lib/python3.10/site-packages/lab2/numeric_talker.py to numeric_talker.cpython-310.pyc
[6.050s] running install_data
[6.052s] creating /uolstore/home/users/sc23oy/ros2_ws/install/lab2/share/ament_index
[6.052s] creating /uolstore/home/users/sc23oy/ros2_ws/install/lab2/share/ament_index/resource_index
[6.053s] creating /uolstore/home/users/sc23oy/ros2_ws/install/lab2/share/ament_index/resource_index/packages
[6.055s] copying resource/lab2 -> /uolstore/home/users/sc23oy/ros2_ws/install/lab2/share/ament_index/resource_index/packages
[6.059s] copying package.xml -> /uolstore/home/users/sc23oy/ros2_ws/install/lab2/share/lab2
[6.063s] creating /uolstore/home/users/sc23oy/ros2_ws/install/lab2/share/lab2/launch
[6.065s] copying launch/chatter.py -> /uolstore/home/users/sc23oy/ros2_ws/install/lab2/share/lab2/launch
[6.069s] copying launch/numeric_chatter.py -> /uolstore/home/users/sc23oy/ros2_ws/install/lab2/share/lab2/launch
[6.074s] running install_egg_info
[6.078s] Copying ../../build/lab2/lab2.egg-info to /uolstore/home/users/sc23oy/ros2_ws/install/lab2/lib/python3.10/site-packages/lab2-0.0.0-py3.10.egg-info
[6.130s] running install_scripts
[6.175s] Installing listener script to /uolstore/home/users/sc23oy/ros2_ws/install/lab2/lib/lab2
[6.178s] Installing numeric_listener script to /uolstore/home/users/sc23oy/ros2_ws/install/lab2/lib/lab2
[6.181s] Installing numeric_talker script to /uolstore/home/users/sc23oy/ros2_ws/install/lab2/lib/lab2
[6.185s] Installing talker script to /uolstore/home/users/sc23oy/ros2_ws/install/lab2/lib/lab2
[6.188s] writing list of installed files to '/uolstore/home/users/sc23oy/ros2_ws/build/lab2/install.log'
[6.422s] Invoked command in '/uolstore/home/users/sc23oy/ros2_ws/src/lab2' returned '0': PYTHONPATH=/uolstore/home/users/sc23oy/ros2_ws/build/lab2/prefix_override:/uolstore/home/users/sc23oy/ros2_ws/install/lab2/lib/python3.10/site-packages:${PYTHONPATH} /usr/bin/python3 setup.py egg_info --egg-base ../../build/lab2 build --build-base /uolstore/home/users/sc23oy/ros2_ws/build/lab2/build install --record /uolstore/home/users/sc23oy/ros2_ws/build/lab2/install.log --single-version-externally-managed
