[1.206s] Invoking command in '/uolstore/home/users/sc23oy/ros2_ws/src/build/turtlebot3_fake_node': CMAKE_PREFIX_PATH=${CMAKE_PREFIX_PATH}:/opt/ros/humble /usr/bin/cmake /uolstore/home/users/sc23oy/ros2_ws/src/turtlebot3_simulations/turtlebot3_fake_node -DCMAKE_INSTALL_PREFIX=/uolstore/home/users/sc23oy/ros2_ws/src/install/turtlebot3_fake_node
[4.372s] -- The C compiler identification is GNU 11.4.0
[4.372s] -- The CXX compiler identification is GNU 11.4.0
[4.372s] -- Detecting C compiler ABI info
[4.372s] -- Detecting C compiler ABI info - done
[4.373s] -- Check for working C compiler: /usr/bin/gcc - skipped
[4.373s] -- Detecting C compile features
[4.373s] -- Detecting C compile features - done
[4.373s] -- Detecting CXX compiler ABI info
[4.373s] -- Detecting CXX compiler ABI info - done
[4.373s] -- Check for working CXX compiler: /usr/bin/g++ - skipped
[4.373s] -- Detecting CXX compile features
[4.373s] -- Detecting CXX compile features - done
[4.373s] -- Found ament_cmake: 1.3.7 (/opt/ros/humble/share/ament_cmake/cmake)
[4.373s] -- Found Python3: /usr/bin/python3.10 (found version "3.10.12") found components: Interpreter 
[4.373s] -- Found geometry_msgs: 4.2.3 (/opt/ros/humble/share/geometry_msgs/cmake)
[4.373s] -- Found rosidl_generator_c: 3.1.5 (/opt/ros/humble/share/rosidl_generator_c/cmake)
[4.373s] -- Found rosidl_adapter: 3.1.5 (/opt/ros/humble/share/rosidl_adapter/cmake)
[4.373s] -- Found rosidl_generator_cpp: 3.1.5 (/opt/ros/humble/share/rosidl_generator_cpp/cmake)
[4.373s] -- Using all available rosidl_typesupport_c: rosidl_typesupport_fastrtps_c;rosidl_typesupport_introspection_c
[4.374s] -- Using all available rosidl_typesupport_cpp: rosidl_typesupport_fastrtps_cpp;rosidl_typesupport_introspection_cpp
[4.374s] -- Found nav_msgs: 4.2.3 (/opt/ros/humble/share/nav_msgs/cmake)
[4.374s] -- Found rclcpp: 16.0.8 (/opt/ros/humble/share/rclcpp/cmake)
[4.374s] -- Found rmw_implementation_cmake: 6.1.1 (/opt/ros/humble/share/rmw_implementation_cmake/cmake)
[4.374s] -- Found rmw_fastrtps_cpp: 6.2.6 (/opt/ros/humble/share/rmw_fastrtps_cpp/cmake)
[4.374s] -- Found OpenSSL: /usr/lib/x86_64-linux-gnu/libcrypto.so (found version "3.0.2")  
[4.374s] -- Found FastRTPS: /opt/ros/humble/include  
[4.374s] -- Using RMW implementation 'rmw_fastrtps_cpp' as default
[4.374s] -- Looking for pthread.h
[4.374s] -- Looking for pthread.h - found
[4.374s] -- Performing Test CMAKE_HAVE_LIBC_PTHREAD
[4.374s] -- Performing Test CMAKE_HAVE_LIBC_PTHREAD - Success
[4.374s] -- Found Threads: TRUE  
[4.374s] -- Found sensor_msgs: 4.2.3 (/opt/ros/humble/share/sensor_msgs/cmake)
[4.489s] -- Found tf2: 0.25.5 (/opt/ros/humble/share/tf2/cmake)
[4.529s] -- Found tf2_msgs: 0.25.5 (/opt/ros/humble/share/tf2_msgs/cmake)
[4.773s] -- Found turtlebot3_msgs: 2.2.3 (/opt/ros/humble/share/turtlebot3_msgs/cmake)
[5.130s] -- Configuring done
[5.268s] -- Generating done
[5.293s] -- Build files have been written to: /uolstore/home/users/sc23oy/ros2_ws/src/build/turtlebot3_fake_node
[5.309s] Invoked command in '/uolstore/home/users/sc23oy/ros2_ws/src/build/turtlebot3_fake_node' returned '0': CMAKE_PREFIX_PATH=${CMAKE_PREFIX_PATH}:/opt/ros/humble /usr/bin/cmake /uolstore/home/users/sc23oy/ros2_ws/src/turtlebot3_simulations/turtlebot3_fake_node -DCMAKE_INSTALL_PREFIX=/uolstore/home/users/sc23oy/ros2_ws/src/install/turtlebot3_fake_node
[5.316s] Invoking command in '/uolstore/home/users/sc23oy/ros2_ws/src/build/turtlebot3_fake_node': CMAKE_PREFIX_PATH=${CMAKE_PREFIX_PATH}:/opt/ros/humble /usr/bin/cmake --build /uolstore/home/users/sc23oy/ros2_ws/src/build/turtlebot3_fake_node -- -j48 -l48
[5.473s] [ 50%] [32mBuilding CXX object CMakeFiles/turtlebot3_fake_node.dir/src/turtlebot3_fake_node.cpp.o[0m
[18.355s] [100%] [32m[1mLinking CXX executable turtlebot3_fake_node[0m
[19.213s] [100%] Built target turtlebot3_fake_node
[19.236s] Invoked command in '/uolstore/home/users/sc23oy/ros2_ws/src/build/turtlebot3_fake_node' returned '0': CMAKE_PREFIX_PATH=${CMAKE_PREFIX_PATH}:/opt/ros/humble /usr/bin/cmake --build /uolstore/home/users/sc23oy/ros2_ws/src/build/turtlebot3_fake_node -- -j48 -l48
[19.316s] Invoking command in '/uolstore/home/users/sc23oy/ros2_ws/src/build/turtlebot3_fake_node': CMAKE_PREFIX_PATH=${CMAKE_PREFIX_PATH}:/opt/ros/humble /usr/bin/cmake --install /uolstore/home/users/sc23oy/ros2_ws/src/build/turtlebot3_fake_node
[19.331s] -- Install configuration: ""
[19.334s] -- Installing: /uolstore/home/users/sc23oy/ros2_ws/src/install/turtlebot3_fake_node/lib/turtlebot3_fake_node/turtlebot3_fake_node
[19.406s] -- Set runtime path of "/uolstore/home/users/sc23oy/ros2_ws/src/install/turtlebot3_fake_node/lib/turtlebot3_fake_node/turtlebot3_fake_node" to ""
[19.407s] -- Installing: /uolstore/home/users/sc23oy/ros2_ws/src/install/turtlebot3_fake_node/share/turtlebot3_fake_node/launch
[19.411s] -- Installing: /uolstore/home/users/sc23oy/ros2_ws/src/install/turtlebot3_fake_node/share/turtlebot3_fake_node/launch/rviz2.launch.py
[19.418s] -- Installing: /uolstore/home/users/sc23oy/ros2_ws/src/install/turtlebot3_fake_node/share/turtlebot3_fake_node/launch/turtlebot3_fake_node.launch.py
[19.424s] -- Installing: /uolstore/home/users/sc23oy/ros2_ws/src/install/turtlebot3_fake_node/share/turtlebot3_fake_node/param
[19.428s] -- Installing: /uolstore/home/users/sc23oy/ros2_ws/src/install/turtlebot3_fake_node/share/turtlebot3_fake_node/param/burger.yaml
[19.434s] -- Installing: /uolstore/home/users/sc23oy/ros2_ws/src/install/turtlebot3_fake_node/share/turtlebot3_fake_node/param/waffle.yaml
[19.440s] -- Installing: /uolstore/home/users/sc23oy/ros2_ws/src/install/turtlebot3_fake_node/share/turtlebot3_fake_node/param/waffle_pi.yaml
[19.446s] -- Installing: /uolstore/home/users/sc23oy/ros2_ws/src/install/turtlebot3_fake_node/include/
[19.448s] -- Installing: /uolstore/home/users/sc23oy/ros2_ws/src/install/turtlebot3_fake_node/include//turtlebot3_fake_node
[19.452s] -- Installing: /uolstore/home/users/sc23oy/ros2_ws/src/install/turtlebot3_fake_node/include//turtlebot3_fake_node/turtlebot3_fake_node.hpp
[19.461s] -- Installing: /uolstore/home/users/sc23oy/ros2_ws/src/install/turtlebot3_fake_node/share/ament_index/resource_index/package_run_dependencies/turtlebot3_fake_node
[19.469s] -- Installing: /uolstore/home/users/sc23oy/ros2_ws/src/install/turtlebot3_fake_node/share/ament_index/resource_index/parent_prefix_path/turtlebot3_fake_node
[19.477s] -- Installing: /uolstore/home/users/sc23oy/ros2_ws/src/install/turtlebot3_fake_node/share/turtlebot3_fake_node/environment/ament_prefix_path.sh
[19.482s] -- Installing: /uolstore/home/users/sc23oy/ros2_ws/src/install/turtlebot3_fake_node/share/turtlebot3_fake_node/environment/ament_prefix_path.dsv
[19.488s] -- Installing: /uolstore/home/users/sc23oy/ros2_ws/src/install/turtlebot3_fake_node/share/turtlebot3_fake_node/environment/path.sh
[19.493s] -- Installing: /uolstore/home/users/sc23oy/ros2_ws/src/install/turtlebot3_fake_node/share/turtlebot3_fake_node/environment/path.dsv
[19.499s] -- Installing: /uolstore/home/users/sc23oy/ros2_ws/src/install/turtlebot3_fake_node/share/turtlebot3_fake_node/local_setup.bash
[19.505s] -- Installing: /uolstore/home/users/sc23oy/ros2_ws/src/install/turtlebot3_fake_node/share/turtlebot3_fake_node/local_setup.sh
[19.511s] -- Installing: /uolstore/home/users/sc23oy/ros2_ws/src/install/turtlebot3_fake_node/share/turtlebot3_fake_node/local_setup.zsh
[19.517s] -- Installing: /uolstore/home/users/sc23oy/ros2_ws/src/install/turtlebot3_fake_node/share/turtlebot3_fake_node/local_setup.dsv
[19.524s] -- Installing: /uolstore/home/users/sc23oy/ros2_ws/src/install/turtlebot3_fake_node/share/turtlebot3_fake_node/package.dsv
[19.532s] -- Installing: /uolstore/home/users/sc23oy/ros2_ws/src/install/turtlebot3_fake_node/share/ament_index/resource_index/packages/turtlebot3_fake_node
[19.539s] -- Installing: /uolstore/home/users/sc23oy/ros2_ws/src/install/turtlebot3_fake_node/share/turtlebot3_fake_node/cmake/ament_cmake_export_include_directories-extras.cmake
[19.544s] -- Installing: /uolstore/home/users/sc23oy/ros2_ws/src/install/turtlebot3_fake_node/share/turtlebot3_fake_node/cmake/ament_cmake_export_dependencies-extras.cmake
[19.550s] -- Installing: /uolstore/home/users/sc23oy/ros2_ws/src/install/turtlebot3_fake_node/share/turtlebot3_fake_node/cmake/turtlebot3_fake_nodeConfig.cmake
[19.556s] -- Installing: /uolstore/home/users/sc23oy/ros2_ws/src/install/turtlebot3_fake_node/share/turtlebot3_fake_node/cmake/turtlebot3_fake_nodeConfig-version.cmake
[19.562s] -- Installing: /uolstore/home/users/sc23oy/ros2_ws/src/install/turtlebot3_fake_node/share/turtlebot3_fake_node/package.xml
[19.571s] Invoked command in '/uolstore/home/users/sc23oy/ros2_ws/src/build/turtlebot3_fake_node' returned '0': CMAKE_PREFIX_PATH=${CMAKE_PREFIX_PATH}:/opt/ros/humble /usr/bin/cmake --install /uolstore/home/users/sc23oy/ros2_ws/src/build/turtlebot3_fake_node
