[5.361s] Invoking command in '/uolstore/home/users/sc23oy/ros2_ws/src/lab3': PYTHONPATH=/uolstore/home/users/sc23oy/ros2_ws/src/build/lab3/prefix_override:/uolstore/home/users/sc23oy/ros2_ws/src/install/lab3/lib/python3.10/site-packages:${PYTHONPATH} /usr/bin/python3 setup.py egg_info --egg-base ../build/lab3 build --build-base /uolstore/home/users/sc23oy/ros2_ws/src/build/lab3/build install --record /uolstore/home/users/sc23oy/ros2_ws/src/build/lab3/install.log --single-version-externally-managed
[5.827s] running egg_info
[5.827s] writing ../build/lab3/lab3.egg-info/PKG-INFO
[5.830s] writing dependency_links to ../build/lab3/lab3.egg-info/dependency_links.txt
[5.832s] writing entry points to ../build/lab3/lab3.egg-info/entry_points.txt
[5.835s] writing requirements to ../build/lab3/lab3.egg-info/requires.txt
[5.837s] writing top-level names to ../build/lab3/lab3.egg-info/top_level.txt
[5.845s] reading manifest file '../build/lab3/lab3.egg-info/SOURCES.txt'
[5.848s] writing manifest file '../build/lab3/lab3.egg-info/SOURCES.txt'
[5.852s] running build
[5.852s] running build_py
[5.854s] running install
[5.855s] running install_lib
[5.861s] running install_data
[5.864s] running install_egg_info
[5.866s] removing '/uolstore/home/users/sc23oy/ros2_ws/src/install/lab3/lib/python3.10/site-packages/lab3-0.0.0-py3.10.egg-info' (and everything under it)
[5.874s] Copying ../build/lab3/lab3.egg-info to /uolstore/home/users/sc23oy/ros2_ws/src/install/lab3/lib/python3.10/site-packages/lab3-0.0.0-py3.10.egg-info
[5.914s] running install_scripts
[5.943s] Installing exercise1 script to /uolstore/home/users/sc23oy/ros2_ws/src/install/lab3/lib/lab3
[5.947s] Installing exercise2 script to /uolstore/home/users/sc23oy/ros2_ws/src/install/lab3/lib/lab3
[5.951s] Installing firstwalk script to /uolstore/home/users/sc23oy/ros2_ws/src/install/lab3/lib/lab3
[5.961s] writing list of installed files to '/uolstore/home/users/sc23oy/ros2_ws/src/build/lab3/install.log'
[6.416s] Invoked command in '/uolstore/home/users/sc23oy/ros2_ws/src/lab3' returned '0': PYTHONPATH=/uolstore/home/users/sc23oy/ros2_ws/src/build/lab3/prefix_override:/uolstore/home/users/sc23oy/ros2_ws/src/install/lab3/lib/python3.10/site-packages:${PYTHONPATH} /usr/bin/python3 setup.py egg_info --egg-base ../build/lab3 build --build-base /uolstore/home/users/sc23oy/ros2_ws/src/build/lab3/build install --record /uolstore/home/users/sc23oy/ros2_ws/src/build/lab3/install.log --single-version-externally-managed
