[5.468s] Invoking command in '/uolstore/home/users/sc23oy/ros2_ws/src/lab2': PYTHONPATH=/uolstore/home/users/sc23oy/ros2_ws/src/build/lab2/prefix_override:/uolstore/home/users/sc23oy/ros2_ws/src/install/lab2/lib/python3.10/site-packages:${PYTHONPATH} /usr/bin/python3 setup.py egg_info --egg-base ../build/lab2 build --build-base /uolstore/home/users/sc23oy/ros2_ws/src/build/lab2/build install --record /uolstore/home/users/sc23oy/ros2_ws/src/build/lab2/install.log --single-version-externally-managed
[6.032s] running egg_info
[6.033s] creating ../build/lab2/lab2.egg-info
[6.034s] writing ../build/lab2/lab2.egg-info/PKG-INFO
[6.040s] writing dependency_links to ../build/lab2/lab2.egg-info/dependency_links.txt
[6.043s] writing entry points to ../build/lab2/lab2.egg-info/entry_points.txt
[6.045s] writing requirements to ../build/lab2/lab2.egg-info/requires.txt
[6.046s] writing top-level names to ../build/lab2/lab2.egg-info/top_level.txt
[6.049s] writing manifest file '../build/lab2/lab2.egg-info/SOURCES.txt'
[6.059s] reading manifest file '../build/lab2/lab2.egg-info/SOURCES.txt'
[6.062s] writing manifest file '../build/lab2/lab2.egg-info/SOURCES.txt'
[6.063s] running build
[6.063s] running build_py
[6.065s] creating /uolstore/home/users/sc23oy/ros2_ws/src/build/lab2/build
[6.065s] creating /uolstore/home/users/sc23oy/ros2_ws/src/build/lab2/build/lib
[6.066s] creating /uolstore/home/users/sc23oy/ros2_ws/src/build/lab2/build/lib/lab2
[6.067s] copying lab2/__init__.py -> /uolstore/home/users/sc23oy/ros2_ws/src/build/lab2/build/lib/lab2
[6.072s] copying lab2/listener.py -> /uolstore/home/users/sc23oy/ros2_ws/src/build/lab2/build/lib/lab2
[6.077s] copying lab2/talker.py -> /uolstore/home/users/sc23oy/ros2_ws/src/build/lab2/build/lib/lab2
[6.083s] copying lab2/numeric_listener.py -> /uolstore/home/users/sc23oy/ros2_ws/src/build/lab2/build/lib/lab2
[6.089s] copying lab2/numeric_talker.py -> /uolstore/home/users/sc23oy/ros2_ws/src/build/lab2/build/lib/lab2
[6.095s] running install
[6.095s] running install_lib
[6.098s] creating /uolstore/home/users/sc23oy/ros2_ws/src/install/lab2/lib/python3.10/site-packages/lab2
[6.100s] copying /uolstore/home/users/sc23oy/ros2_ws/src/build/lab2/build/lib/lab2/__init__.py -> /uolstore/home/users/sc23oy/ros2_ws/src/install/lab2/lib/python3.10/site-packages/lab2
[6.103s] copying /uolstore/home/users/sc23oy/ros2_ws/src/build/lab2/build/lib/lab2/listener.py -> /uolstore/home/users/sc23oy/ros2_ws/src/install/lab2/lib/python3.10/site-packages/lab2
[6.108s] copying /uolstore/home/users/sc23oy/ros2_ws/src/build/lab2/build/lib/lab2/talker.py -> /uolstore/home/users/sc23oy/ros2_ws/src/install/lab2/lib/python3.10/site-packages/lab2
[6.113s] copying /uolstore/home/users/sc23oy/ros2_ws/src/build/lab2/build/lib/lab2/numeric_listener.py -> /uolstore/home/users/sc23oy/ros2_ws/src/install/lab2/lib/python3.10/site-packages/lab2
[6.119s] copying /uolstore/home/users/sc23oy/ros2_ws/src/build/lab2/build/lib/lab2/numeric_talker.py -> /uolstore/home/users/sc23oy/ros2_ws/src/install/lab2/lib/python3.10/site-packages/lab2
[6.127s] byte-compiling /uolstore/home/users/sc23oy/ros2_ws/src/install/lab2/lib/python3.10/site-packages/lab2/__init__.py to __init__.cpython-310.pyc
[6.133s] byte-compiling /uolstore/home/users/sc23oy/ros2_ws/src/install/lab2/lib/python3.10/site-packages/lab2/listener.py to listener.cpython-310.pyc
[6.139s] byte-compiling /uolstore/home/users/sc23oy/ros2_ws/src/install/lab2/lib/python3.10/site-packages/lab2/talker.py to talker.cpython-310.pyc
[6.146s] byte-compiling /uolstore/home/users/sc23oy/ros2_ws/src/install/lab2/lib/python3.10/site-packages/lab2/numeric_listener.py to numeric_listener.cpython-310.pyc
[6.151s] byte-compiling /uolstore/home/users/sc23oy/ros2_ws/src/install/lab2/lib/python3.10/site-packages/lab2/numeric_talker.py to numeric_talker.cpython-310.pyc
[6.156s] running install_data
[6.157s] creating /uolstore/home/users/sc23oy/ros2_ws/src/install/lab2/share/ament_index
[6.158s] creating /uolstore/home/users/sc23oy/ros2_ws/src/install/lab2/share/ament_index/resource_index
[6.159s] creating /uolstore/home/users/sc23oy/ros2_ws/src/install/lab2/share/ament_index/resource_index/packages
[6.161s] copying resource/lab2 -> /uolstore/home/users/sc23oy/ros2_ws/src/install/lab2/share/ament_index/resource_index/packages
[6.165s] copying package.xml -> /uolstore/home/users/sc23oy/ros2_ws/src/install/lab2/share/lab2
[6.169s] creating /uolstore/home/users/sc23oy/ros2_ws/src/install/lab2/share/lab2/launch
[6.170s] copying launch/chatter.py -> /uolstore/home/users/sc23oy/ros2_ws/src/install/lab2/share/lab2/launch
[6.176s] copying launch/numeric_chatter.py -> /uolstore/home/users/sc23oy/ros2_ws/src/install/lab2/share/lab2/launch
[6.182s] running install_egg_info
[6.187s] Copying ../build/lab2/lab2.egg-info to /uolstore/home/users/sc23oy/ros2_ws/src/install/lab2/lib/python3.10/site-packages/lab2-0.0.0-py3.10.egg-info
[6.235s] running install_scripts
[6.275s] Installing listener script to /uolstore/home/users/sc23oy/ros2_ws/src/install/lab2/lib/lab2
[6.277s] Installing numeric_listener script to /uolstore/home/users/sc23oy/ros2_ws/src/install/lab2/lib/lab2
[6.279s] Installing numeric_talker script to /uolstore/home/users/sc23oy/ros2_ws/src/install/lab2/lib/lab2
[6.281s] Installing talker script to /uolstore/home/users/sc23oy/ros2_ws/src/install/lab2/lib/lab2
[6.284s] writing list of installed files to '/uolstore/home/users/sc23oy/ros2_ws/src/build/lab2/install.log'
[6.504s] Invoked command in '/uolstore/home/users/sc23oy/ros2_ws/src/lab2' returned '0': PYTHONPATH=/uolstore/home/users/sc23oy/ros2_ws/src/build/lab2/prefix_override:/uolstore/home/users/sc23oy/ros2_ws/src/install/lab2/lib/python3.10/site-packages:${PYTHONPATH} /usr/bin/python3 setup.py egg_info --egg-base ../build/lab2 build --build-base /uolstore/home/users/sc23oy/ros2_ws/src/build/lab2/build install --record /uolstore/home/users/sc23oy/ros2_ws/src/build/lab2/install.log --single-version-externally-managed
