/uolstore/home/users/sc23oy/ros2_ws/install/ros2_project_sc23oy/lib/python3.10/site-packages/ros2_project_sc23oy/third_step.py
/uolstore/home/users/sc23oy/ros2_ws/install/ros2_project_sc23oy/lib/python3.10/site-packages/ros2_project_sc23oy/second_step.py
/uolstore/home/users/sc23oy/ros2_ws/install/ros2_project_sc23oy/lib/python3.10/site-packages/ros2_project_sc23oy/fourth_step.py
/uolstore/home/users/sc23oy/ros2_ws/install/ros2_project_sc23oy/lib/python3.10/site-packages/ros2_project_sc23oy/Skeleton_Code_First_Step.py
/uolstore/home/users/sc23oy/ros2_ws/install/ros2_project_sc23oy/lib/python3.10/site-packages/ros2_project_sc23oy/Skeleton_Code_Fourth_Step.py
/uolstore/home/users/sc23oy/ros2_ws/install/ros2_project_sc23oy/lib/python3.10/site-packages/ros2_project_sc23oy/Skeleton_Code_Second_Step.py
/uolstore/home/users/sc23oy/ros2_ws/install/ros2_project_sc23oy/lib/python3.10/site-packages/ros2_project_sc23oy/Skeleton_Code_Third_Step.py
/uolstore/home/users/sc23oy/ros2_ws/install/ros2_project_sc23oy/lib/python3.10/site-packages/ros2_project_sc23oy/__init__.py
/uolstore/home/users/sc23oy/ros2_ws/install/ros2_project_sc23oy/lib/python3.10/site-packages/ros2_project_sc23oy/first_step.py
/uolstore/home/users/sc23oy/ros2_ws/install/ros2_project_sc23oy/lib/python3.10/site-packages/ros2_project_sc23oy/__pycache__/third_step.cpython-310.pyc
/uolstore/home/users/sc23oy/ros2_ws/install/ros2_project_sc23oy/lib/python3.10/site-packages/ros2_project_sc23oy/__pycache__/second_step.cpython-310.pyc
/uolstore/home/users/sc23oy/ros2_ws/install/ros2_project_sc23oy/lib/python3.10/site-packages/ros2_project_sc23oy/__pycache__/fourth_step.cpython-310.pyc
/uolstore/home/users/sc23oy/ros2_ws/install/ros2_project_sc23oy/lib/python3.10/site-packages/ros2_project_sc23oy/__pycache__/Skeleton_Code_First_Step.cpython-310.pyc
/uolstore/home/users/sc23oy/ros2_ws/install/ros2_project_sc23oy/lib/python3.10/site-packages/ros2_project_sc23oy/__pycache__/Skeleton_Code_Fourth_Step.cpython-310.pyc
/uolstore/home/users/sc23oy/ros2_ws/install/ros2_project_sc23oy/lib/python3.10/site-packages/ros2_project_sc23oy/__pycache__/Skeleton_Code_Second_Step.cpython-310.pyc
/uolstore/home/users/sc23oy/ros2_ws/install/ros2_project_sc23oy/lib/python3.10/site-packages/ros2_project_sc23oy/__pycache__/Skeleton_Code_Third_Step.cpython-310.pyc
/uolstore/home/users/sc23oy/ros2_ws/install/ros2_project_sc23oy/lib/python3.10/site-packages/ros2_project_sc23oy/__pycache__/__init__.cpython-310.pyc
/uolstore/home/users/sc23oy/ros2_ws/install/ros2_project_sc23oy/lib/python3.10/site-packages/ros2_project_sc23oy/__pycache__/first_step.cpython-310.pyc
/uolstore/home/users/sc23oy/ros2_ws/install/ros2_project_sc23oy/share/ament_index/resource_index/packages/ros2_project_sc23oy
/uolstore/home/users/sc23oy/ros2_ws/install/ros2_project_sc23oy/share/ros2_project_sc23oy/package.xml
/uolstore/home/users/sc23oy/ros2_ws/install/ros2_project_sc23oy/lib/python3.10/site-packages/ros2_project_sc23oy-0.0.0-py3.10.egg-info/PKG-INFO
/uolstore/home/users/sc23oy/ros2_ws/install/ros2_project_sc23oy/lib/python3.10/site-packages/ros2_project_sc23oy-0.0.0-py3.10.egg-info/zip-safe
/uolstore/home/users/sc23oy/ros2_ws/install/ros2_project_sc23oy/lib/python3.10/site-packages/ros2_project_sc23oy-0.0.0-py3.10.egg-info/dependency_links.txt
/uolstore/home/users/sc23oy/ros2_ws/install/ros2_project_sc23oy/lib/python3.10/site-packages/ros2_project_sc23oy-0.0.0-py3.10.egg-info/entry_points.txt
/uolstore/home/users/sc23oy/ros2_ws/install/ros2_project_sc23oy/lib/python3.10/site-packages/ros2_project_sc23oy-0.0.0-py3.10.egg-info/requires.txt
/uolstore/home/users/sc23oy/ros2_ws/install/ros2_project_sc23oy/lib/python3.10/site-packages/ros2_project_sc23oy-0.0.0-py3.10.egg-info/top_level.txt
/uolstore/home/users/sc23oy/ros2_ws/install/ros2_project_sc23oy/lib/python3.10/site-packages/ros2_project_sc23oy-0.0.0-py3.10.egg-info/SOURCES.txt
/uolstore/home/users/sc23oy/ros2_ws/install/ros2_project_sc23oy/lib/ros2_project_sc23oy/first_step
/uolstore/home/users/sc23oy/ros2_ws/install/ros2_project_sc23oy/lib/ros2_project_sc23oy/fourth_step
/uolstore/home/users/sc23oy/ros2_ws/install/ros2_project_sc23oy/lib/ros2_project_sc23oy/second_step
/uolstore/home/users/sc23oy/ros2_ws/install/ros2_project_sc23oy/lib/ros2_project_sc23oy/third_step
