[5.494s] Invoking command in '/uolstore/home/users/sc23oy/ros2_ws/src/lab1': PYTHONPATH=/uolstore/home/users/sc23oy/ros2_ws/src/build/lab1/prefix_override:/uolstore/home/users/sc23oy/ros2_ws/src/install/lab1/lib/python3.10/site-packages:${PYTHONPATH} /usr/bin/python3 setup.py egg_info --egg-base ../build/lab1 build --build-base /uolstore/home/users/sc23oy/ros2_ws/src/build/lab1/build install --record /uolstore/home/users/sc23oy/ros2_ws/src/build/lab1/install.log --single-version-externally-managed
[6.061s] running egg_info
[6.061s] creating ../build/lab1/lab1.egg-info
[6.062s] writing ../build/lab1/lab1.egg-info/PKG-INFO
[6.066s] writing dependency_links to ../build/lab1/lab1.egg-info/dependency_links.txt
[6.068s] writing entry points to ../build/lab1/lab1.egg-info/entry_points.txt
[6.069s] writing requirements to ../build/lab1/lab1.egg-info/requires.txt
[6.071s] writing top-level names to ../build/lab1/lab1.egg-info/top_level.txt
[6.072s] writing manifest file '../build/lab1/lab1.egg-info/SOURCES.txt'
[6.079s] reading manifest file '../build/lab1/lab1.egg-info/SOURCES.txt'
[6.081s] writing manifest file '../build/lab1/lab1.egg-info/SOURCES.txt'
[6.082s] running build
[6.082s] running build_py
[6.083s] creating /uolstore/home/users/sc23oy/ros2_ws/src/build/lab1/build
[6.084s] creating /uolstore/home/users/sc23oy/ros2_ws/src/build/lab1/build/lib
[6.085s] creating /uolstore/home/users/sc23oy/ros2_ws/src/build/lab1/build/lib/lab1
[6.086s] copying lab1/__init__.py -> /uolstore/home/users/sc23oy/ros2_ws/src/build/lab1/build/lib/lab1
[6.088s] copying lab1/hello.py -> /uolstore/home/users/sc23oy/ros2_ws/src/build/lab1/build/lib/lab1
[6.092s] running install
[6.093s] running install_lib
[6.096s] creating /uolstore/home/users/sc23oy/ros2_ws/src/install/lab1/lib/python3.10/site-packages/lab1
[6.098s] copying /uolstore/home/users/sc23oy/ros2_ws/src/build/lab1/build/lib/lab1/__init__.py -> /uolstore/home/users/sc23oy/ros2_ws/src/install/lab1/lib/python3.10/site-packages/lab1
[6.101s] copying /uolstore/home/users/sc23oy/ros2_ws/src/build/lab1/build/lib/lab1/hello.py -> /uolstore/home/users/sc23oy/ros2_ws/src/install/lab1/lib/python3.10/site-packages/lab1
[6.107s] byte-compiling /uolstore/home/users/sc23oy/ros2_ws/src/install/lab1/lib/python3.10/site-packages/lab1/__init__.py to __init__.cpython-310.pyc
[6.110s] byte-compiling /uolstore/home/users/sc23oy/ros2_ws/src/install/lab1/lib/python3.10/site-packages/lab1/hello.py to hello.cpython-310.pyc
[6.114s] running install_data
[6.115s] creating /uolstore/home/users/sc23oy/ros2_ws/src/install/lab1/share/ament_index
[6.116s] creating /uolstore/home/users/sc23oy/ros2_ws/src/install/lab1/share/ament_index/resource_index
[6.117s] creating /uolstore/home/users/sc23oy/ros2_ws/src/install/lab1/share/ament_index/resource_index/packages
[6.119s] copying resource/lab1 -> /uolstore/home/users/sc23oy/ros2_ws/src/install/lab1/share/ament_index/resource_index/packages
[6.122s] copying package.xml -> /uolstore/home/users/sc23oy/ros2_ws/src/install/lab1/share/lab1
[6.126s] running install_egg_info
[6.129s] Copying ../build/lab1/lab1.egg-info to /uolstore/home/users/sc23oy/ros2_ws/src/install/lab1/lib/python3.10/site-packages/lab1-0.0.0-py3.10.egg-info
[6.169s] running install_scripts
[6.201s] Installing hello script to /uolstore/home/users/sc23oy/ros2_ws/src/install/lab1/lib/lab1
[6.205s] writing list of installed files to '/uolstore/home/users/sc23oy/ros2_ws/src/build/lab1/install.log'
[6.241s] Invoked command in '/uolstore/home/users/sc23oy/ros2_ws/src/lab1' returned '0': PYTHONPATH=/uolstore/home/users/sc23oy/ros2_ws/src/build/lab1/prefix_override:/uolstore/home/users/sc23oy/ros2_ws/src/install/lab1/lib/python3.10/site-packages:${PYTHONPATH} /usr/bin/python3 setup.py egg_info --egg-base ../build/lab1 build --build-base /uolstore/home/users/sc23oy/ros2_ws/src/build/lab1/build install --record /uolstore/home/users/sc23oy/ros2_ws/src/build/lab1/install.log --single-version-externally-managed
