[0.145s] Invoking command in '/uolstore/home/users/sc23oy/ros2_ws/src/build/turtlebot3_simulations': AMENT_PREFIX_PATH=/uolstore/home/users/sc23oy/ros2_ws/src/install/turtlebot3_gazebo:/uolstore/home/users/sc23oy/ros2_ws/src/install/turtlebot3_fake_node:${AMENT_PREFIX_PATH} CMAKE_PREFIX_PATH=/uolstore/home/users/sc23oy/ros2_ws/src/install/turtlebot3_gazebo:/uolstore/home/users/sc23oy/ros2_ws/src/install/turtlebot3_fake_node:/uollinapps/v2/24-25/soc/packages/linux-rhel9-x86_64_v3/gcc-11.4.0/gcc-14.2.0-svuh5yskfnrwh537tvxvt642acswwlju:/opt/ros/humble /usr/bin/cmake /uolstore/home/users/sc23oy/ros2_ws/src/turtlebot3_simulations/turtlebot3_simulations -DCMAKE_INSTALL_PREFIX=/uolstore/home/users/sc23oy/ros2_ws/src/install/turtlebot3_simulations
[0.282s] -- The C compiler identification is GNU 11.4.0
[0.404s] -- The CXX compiler identification is GNU 11.4.0
[0.426s] -- Detecting C compiler ABI info
[0.657s] -- Detecting C compiler ABI info - done
[0.672s] -- Check for working C compiler: /usr/bin/gcc - skipped
[0.672s] -- Detecting C compile features
[0.673s] -- Detecting C compile features - done
[0.688s] -- Detecting CXX compiler ABI info
[0.911s] -- Detecting CXX compiler ABI info - done
[0.928s] -- Check for working CXX compiler: /usr/bin/g++ - skipped
[0.928s] -- Detecting CXX compile features
[0.929s] -- Detecting CXX compile features - done
[0.952s] -- Found ament_cmake: 1.3.7 (/opt/ros/humble/share/ament_cmake/cmake)
[1.219s] -- Found Python3: /usr/bin/python3.10 (found version "3.10.12") found components: Interpreter 
[1.643s] -- Configuring done
[1.721s] -- Generating done
[1.742s] -- Build files have been written to: /uolstore/home/users/sc23oy/ros2_ws/src/build/turtlebot3_simulations
[1.748s] Invoked command in '/uolstore/home/users/sc23oy/ros2_ws/src/build/turtlebot3_simulations' returned '0': AMENT_PREFIX_PATH=/uolstore/home/users/sc23oy/ros2_ws/src/install/turtlebot3_gazebo:/uolstore/home/users/sc23oy/ros2_ws/src/install/turtlebot3_fake_node:${AMENT_PREFIX_PATH} CMAKE_PREFIX_PATH=/uolstore/home/users/sc23oy/ros2_ws/src/install/turtlebot3_gazebo:/uolstore/home/users/sc23oy/ros2_ws/src/install/turtlebot3_fake_node:/uollinapps/v2/24-25/soc/packages/linux-rhel9-x86_64_v3/gcc-11.4.0/gcc-14.2.0-svuh5yskfnrwh537tvxvt642acswwlju:/opt/ros/humble /usr/bin/cmake /uolstore/home/users/sc23oy/ros2_ws/src/turtlebot3_simulations/turtlebot3_simulations -DCMAKE_INSTALL_PREFIX=/uolstore/home/users/sc23oy/ros2_ws/src/install/turtlebot3_simulations
[1.750s] Invoking command in '/uolstore/home/users/sc23oy/ros2_ws/src/build/turtlebot3_simulations': AMENT_PREFIX_PATH=/uolstore/home/users/sc23oy/ros2_ws/src/install/turtlebot3_gazebo:/uolstore/home/users/sc23oy/ros2_ws/src/install/turtlebot3_fake_node:${AMENT_PREFIX_PATH} CMAKE_PREFIX_PATH=/uolstore/home/users/sc23oy/ros2_ws/src/install/turtlebot3_gazebo:/uolstore/home/users/sc23oy/ros2_ws/src/install/turtlebot3_fake_node:/uollinapps/v2/24-25/soc/packages/linux-rhel9-x86_64_v3/gcc-11.4.0/gcc-14.2.0-svuh5yskfnrwh537tvxvt642acswwlju:/opt/ros/humble /usr/bin/cmake --build /uolstore/home/users/sc23oy/ros2_ws/src/build/turtlebot3_simulations -- -j48 -l48
[1.833s] Invoked command in '/uolstore/home/users/sc23oy/ros2_ws/src/build/turtlebot3_simulations' returned '0': AMENT_PREFIX_PATH=/uolstore/home/users/sc23oy/ros2_ws/src/install/turtlebot3_gazebo:/uolstore/home/users/sc23oy/ros2_ws/src/install/turtlebot3_fake_node:${AMENT_PREFIX_PATH} CMAKE_PREFIX_PATH=/uolstore/home/users/sc23oy/ros2_ws/src/install/turtlebot3_gazebo:/uolstore/home/users/sc23oy/ros2_ws/src/install/turtlebot3_fake_node:/uollinapps/v2/24-25/soc/packages/linux-rhel9-x86_64_v3/gcc-11.4.0/gcc-14.2.0-svuh5yskfnrwh537tvxvt642acswwlju:/opt/ros/humble /usr/bin/cmake --build /uolstore/home/users/sc23oy/ros2_ws/src/build/turtlebot3_simulations -- -j48 -l48
[1.879s] Invoking command in '/uolstore/home/users/sc23oy/ros2_ws/src/build/turtlebot3_simulations': AMENT_PREFIX_PATH=/uolstore/home/users/sc23oy/ros2_ws/src/install/turtlebot3_gazebo:/uolstore/home/users/sc23oy/ros2_ws/src/install/turtlebot3_fake_node:${AMENT_PREFIX_PATH} CMAKE_PREFIX_PATH=/uolstore/home/users/sc23oy/ros2_ws/src/install/turtlebot3_gazebo:/uolstore/home/users/sc23oy/ros2_ws/src/install/turtlebot3_fake_node:/uollinapps/v2/24-25/soc/packages/linux-rhel9-x86_64_v3/gcc-11.4.0/gcc-14.2.0-svuh5yskfnrwh537tvxvt642acswwlju:/opt/ros/humble /usr/bin/cmake --install /uolstore/home/users/sc23oy/ros2_ws/src/build/turtlebot3_simulations
[1.894s] -- Install configuration: ""
[1.899s] -- Installing: /uolstore/home/users/sc23oy/ros2_ws/src/install/turtlebot3_simulations/share/ament_index/resource_index/package_run_dependencies/turtlebot3_simulations
[1.909s] -- Installing: /uolstore/home/users/sc23oy/ros2_ws/src/install/turtlebot3_simulations/share/ament_index/resource_index/parent_prefix_path/turtlebot3_simulations
[1.919s] -- Installing: /uolstore/home/users/sc23oy/ros2_ws/src/install/turtlebot3_simulations/share/turtlebot3_simulations/environment/ament_prefix_path.sh
[1.925s] -- Installing: /uolstore/home/users/sc23oy/ros2_ws/src/install/turtlebot3_simulations/share/turtlebot3_simulations/environment/ament_prefix_path.dsv
[1.931s] -- Installing: /uolstore/home/users/sc23oy/ros2_ws/src/install/turtlebot3_simulations/share/turtlebot3_simulations/environment/path.sh
[1.936s] -- Installing: /uolstore/home/users/sc23oy/ros2_ws/src/install/turtlebot3_simulations/share/turtlebot3_simulations/environment/path.dsv
[1.943s] -- Installing: /uolstore/home/users/sc23oy/ros2_ws/src/install/turtlebot3_simulations/share/turtlebot3_simulations/local_setup.bash
[1.949s] -- Installing: /uolstore/home/users/sc23oy/ros2_ws/src/install/turtlebot3_simulations/share/turtlebot3_simulations/local_setup.sh
[1.956s] -- Installing: /uolstore/home/users/sc23oy/ros2_ws/src/install/turtlebot3_simulations/share/turtlebot3_simulations/local_setup.zsh
[1.962s] -- Installing: /uolstore/home/users/sc23oy/ros2_ws/src/install/turtlebot3_simulations/share/turtlebot3_simulations/local_setup.dsv
[1.969s] -- Installing: /uolstore/home/users/sc23oy/ros2_ws/src/install/turtlebot3_simulations/share/turtlebot3_simulations/package.dsv
[1.978s] -- Installing: /uolstore/home/users/sc23oy/ros2_ws/src/install/turtlebot3_simulations/share/ament_index/resource_index/packages/turtlebot3_simulations
[1.986s] -- Installing: /uolstore/home/users/sc23oy/ros2_ws/src/install/turtlebot3_simulations/share/turtlebot3_simulations/cmake/turtlebot3_simulationsConfig.cmake
[1.992s] -- Installing: /uolstore/home/users/sc23oy/ros2_ws/src/install/turtlebot3_simulations/share/turtlebot3_simulations/cmake/turtlebot3_simulationsConfig-version.cmake
[1.999s] -- Installing: /uolstore/home/users/sc23oy/ros2_ws/src/install/turtlebot3_simulations/share/turtlebot3_simulations/package.xml
[2.009s] Invoked command in '/uolstore/home/users/sc23oy/ros2_ws/src/build/turtlebot3_simulations' returned '0': AMENT_PREFIX_PATH=/uolstore/home/users/sc23oy/ros2_ws/src/install/turtlebot3_gazebo:/uolstore/home/users/sc23oy/ros2_ws/src/install/turtlebot3_fake_node:${AMENT_PREFIX_PATH} CMAKE_PREFIX_PATH=/uolstore/home/users/sc23oy/ros2_ws/src/install/turtlebot3_gazebo:/uolstore/home/users/sc23oy/ros2_ws/src/install/turtlebot3_fake_node:/uollinapps/v2/24-25/soc/packages/linux-rhel9-x86_64_v3/gcc-11.4.0/gcc-14.2.0-svuh5yskfnrwh537tvxvt642acswwlju:/opt/ros/humble /usr/bin/cmake --install /uolstore/home/users/sc23oy/ros2_ws/src/build/turtlebot3_simulations
