[5.136s] Invoking command in '/uolstore/home/users/sc23oy/ros2_ws/src/lab4': PYTHONPATH=/uolstore/home/users/sc23oy/ros2_ws/build/lab4/prefix_override:/uolstore/home/users/sc23oy/ros2_ws/install/lab4/lib/python3.10/site-packages:${PYTHONPATH} /usr/bin/python3 setup.py egg_info --egg-base ../../build/lab4 build --build-base /uolstore/home/users/sc23oy/ros2_ws/build/lab4/build install --record /uolstore/home/users/sc23oy/ros2_ws/build/lab4/install.log --single-version-externally-managed
[5.659s] running egg_info
[5.659s] creating ../../build/lab4/lab4.egg-info
[5.660s] writing ../../build/lab4/lab4.egg-info/PKG-INFO
[5.666s] writing dependency_links to ../../build/lab4/lab4.egg-info/dependency_links.txt
[5.669s] writing entry points to ../../build/lab4/lab4.egg-info/entry_points.txt
[5.672s] writing requirements to ../../build/lab4/lab4.egg-info/requires.txt
[5.674s] writing top-level names to ../../build/lab4/lab4.egg-info/top_level.txt
[5.679s] writing manifest file '../../build/lab4/lab4.egg-info/SOURCES.txt'
[5.687s] reading manifest file '../../build/lab4/lab4.egg-info/SOURCES.txt'
[5.691s] writing manifest file '../../build/lab4/lab4.egg-info/SOURCES.txt'
[5.693s] running build
[5.693s] running build_py
[5.695s] creating /uolstore/home/users/sc23oy/ros2_ws/build/lab4/build
[5.695s] creating /uolstore/home/users/sc23oy/ros2_ws/build/lab4/build/lib
[5.696s] creating /uolstore/home/users/sc23oy/ros2_ws/build/lab4/build/lib/lab4
[5.698s] copying lab4/__init__.py -> /uolstore/home/users/sc23oy/ros2_ws/build/lab4/build/lib/lab4
[5.703s] copying lab4/go_to_specific_point_on_map.py -> /uolstore/home/users/sc23oy/ros2_ws/build/lab4/build/lib/lab4
[5.709s] running install
[5.709s] running install_lib
[5.713s] creating /uolstore/home/users/sc23oy/ros2_ws/install/lab4/lib/python3.10/site-packages/lab4
[5.715s] copying /uolstore/home/users/sc23oy/ros2_ws/build/lab4/build/lib/lab4/__init__.py -> /uolstore/home/users/sc23oy/ros2_ws/install/lab4/lib/python3.10/site-packages/lab4
[5.720s] copying /uolstore/home/users/sc23oy/ros2_ws/build/lab4/build/lib/lab4/go_to_specific_point_on_map.py -> /uolstore/home/users/sc23oy/ros2_ws/install/lab4/lib/python3.10/site-packages/lab4
[5.728s] byte-compiling /uolstore/home/users/sc23oy/ros2_ws/install/lab4/lib/python3.10/site-packages/lab4/__init__.py to __init__.cpython-310.pyc
[5.735s] byte-compiling /uolstore/home/users/sc23oy/ros2_ws/install/lab4/lib/python3.10/site-packages/lab4/go_to_specific_point_on_map.py to go_to_specific_point_on_map.cpython-310.pyc
[5.743s] running install_data
[5.744s] creating /uolstore/home/users/sc23oy/ros2_ws/install/lab4/share/ament_index
[5.745s] creating /uolstore/home/users/sc23oy/ros2_ws/install/lab4/share/ament_index/resource_index
[5.746s] creating /uolstore/home/users/sc23oy/ros2_ws/install/lab4/share/ament_index/resource_index/packages
[5.748s] copying resource/lab4 -> /uolstore/home/users/sc23oy/ros2_ws/install/lab4/share/ament_index/resource_index/packages
[5.753s] copying package.xml -> /uolstore/home/users/sc23oy/ros2_ws/install/lab4/share/lab4
[5.757s] running install_egg_info
[5.762s] Copying ../../build/lab4/lab4.egg-info to /uolstore/home/users/sc23oy/ros2_ws/install/lab4/lib/python3.10/site-packages/lab4-0.0.0-py3.10.egg-info
[5.812s] running install_scripts
[5.845s] Installing go_to_pose script to /uolstore/home/users/sc23oy/ros2_ws/install/lab4/lib/lab4
[5.848s] writing list of installed files to '/uolstore/home/users/sc23oy/ros2_ws/build/lab4/install.log'
[5.990s] Invoked command in '/uolstore/home/users/sc23oy/ros2_ws/src/lab4' returned '0': PYTHONPATH=/uolstore/home/users/sc23oy/ros2_ws/build/lab4/prefix_override:/uolstore/home/users/sc23oy/ros2_ws/install/lab4/lib/python3.10/site-packages:${PYTHONPATH} /usr/bin/python3 setup.py egg_info --egg-base ../../build/lab4 build --build-base /uolstore/home/users/sc23oy/ros2_ws/build/lab4/build install --record /uolstore/home/users/sc23oy/ros2_ws/build/lab4/install.log --single-version-externally-managed
