[0.177s] Invoking command in '/uolstore/home/users/sc23oy/ros2_ws/src/build/turtlebot3_simulations': AMENT_PREFIX_PATH=/uolstore/home/users/sc23oy/ros2_ws/src/install/turtlebot3_gazebo:/uolstore/home/users/sc23oy/ros2_ws/src/install/turtlebot3_fake_node:${AMENT_PREFIX_PATH} CMAKE_PREFIX_PATH=/uolstore/home/users/sc23oy/ros2_ws/src/install/turtlebot3_gazebo:/uolstore/home/users/sc23oy/ros2_ws/src/install/turtlebot3_fake_node:/uollinapps/v2/24-25/soc/packages/linux-rhel9-x86_64_v3/gcc-11.4.0/gcc-14.2.0-svuh5yskfnrwh537tvxvt642acswwlju:/opt/ros/humble /usr/bin/cmake --build /uolstore/home/users/sc23oy/ros2_ws/src/build/turtlebot3_simulations -- -j48 -l48
[0.267s] Invoked command in '/uolstore/home/users/sc23oy/ros2_ws/src/build/turtlebot3_simulations' returned '0': AMENT_PREFIX_PATH=/uolstore/home/users/sc23oy/ros2_ws/src/install/turtlebot3_gazebo:/uolstore/home/users/sc23oy/ros2_ws/src/install/turtlebot3_fake_node:${AMENT_PREFIX_PATH} CMAKE_PREFIX_PATH=/uolstore/home/users/sc23oy/ros2_ws/src/install/turtlebot3_gazebo:/uolstore/home/users/sc23oy/ros2_ws/src/install/turtlebot3_fake_node:/uollinapps/v2/24-25/soc/packages/linux-rhel9-x86_64_v3/gcc-11.4.0/gcc-14.2.0-svuh5yskfnrwh537tvxvt642acswwlju:/opt/ros/humble /usr/bin/cmake --build /uolstore/home/users/sc23oy/ros2_ws/src/build/turtlebot3_simulations -- -j48 -l48
[0.321s] Invoking command in '/uolstore/home/users/sc23oy/ros2_ws/src/build/turtlebot3_simulations': AMENT_PREFIX_PATH=/uolstore/home/users/sc23oy/ros2_ws/src/install/turtlebot3_gazebo:/uolstore/home/users/sc23oy/ros2_ws/src/install/turtlebot3_fake_node:${AMENT_PREFIX_PATH} CMAKE_PREFIX_PATH=/uolstore/home/users/sc23oy/ros2_ws/src/install/turtlebot3_gazebo:/uolstore/home/users/sc23oy/ros2_ws/src/install/turtlebot3_fake_node:/uollinapps/v2/24-25/soc/packages/linux-rhel9-x86_64_v3/gcc-11.4.0/gcc-14.2.0-svuh5yskfnrwh537tvxvt642acswwlju:/opt/ros/humble /usr/bin/cmake --install /uolstore/home/users/sc23oy/ros2_ws/src/build/turtlebot3_simulations
[0.338s] -- Install configuration: ""
[0.339s] -- Up-to-date: /uolstore/home/users/sc23oy/ros2_ws/src/install/turtlebot3_simulations/share/ament_index/resource_index/package_run_dependencies/turtlebot3_simulations
[0.340s] -- Up-to-date: /uolstore/home/users/sc23oy/ros2_ws/src/install/turtlebot3_simulations/share/ament_index/resource_index/parent_prefix_path/turtlebot3_simulations
[0.341s] -- Up-to-date: /uolstore/home/users/sc23oy/ros2_ws/src/install/turtlebot3_simulations/share/turtlebot3_simulations/environment/ament_prefix_path.sh
[0.342s] -- Up-to-date: /uolstore/home/users/sc23oy/ros2_ws/src/install/turtlebot3_simulations/share/turtlebot3_simulations/environment/ament_prefix_path.dsv
[0.343s] -- Up-to-date: /uolstore/home/users/sc23oy/ros2_ws/src/install/turtlebot3_simulations/share/turtlebot3_simulations/environment/path.sh
[0.344s] -- Up-to-date: /uolstore/home/users/sc23oy/ros2_ws/src/install/turtlebot3_simulations/share/turtlebot3_simulations/environment/path.dsv
[0.345s] -- Up-to-date: /uolstore/home/users/sc23oy/ros2_ws/src/install/turtlebot3_simulations/share/turtlebot3_simulations/local_setup.bash
[0.346s] -- Up-to-date: /uolstore/home/users/sc23oy/ros2_ws/src/install/turtlebot3_simulations/share/turtlebot3_simulations/local_setup.sh
[0.347s] -- Up-to-date: /uolstore/home/users/sc23oy/ros2_ws/src/install/turtlebot3_simulations/share/turtlebot3_simulations/local_setup.zsh
[0.348s] -- Up-to-date: /uolstore/home/users/sc23oy/ros2_ws/src/install/turtlebot3_simulations/share/turtlebot3_simulations/local_setup.dsv
[0.349s] -- Up-to-date: /uolstore/home/users/sc23oy/ros2_ws/src/install/turtlebot3_simulations/share/turtlebot3_simulations/package.dsv
[0.350s] -- Up-to-date: /uolstore/home/users/sc23oy/ros2_ws/src/install/turtlebot3_simulations/share/ament_index/resource_index/packages/turtlebot3_simulations
[0.351s] -- Up-to-date: /uolstore/home/users/sc23oy/ros2_ws/src/install/turtlebot3_simulations/share/turtlebot3_simulations/cmake/turtlebot3_simulationsConfig.cmake
[0.352s] -- Up-to-date: /uolstore/home/users/sc23oy/ros2_ws/src/install/turtlebot3_simulations/share/turtlebot3_simulations/cmake/turtlebot3_simulationsConfig-version.cmake
[0.352s] -- Up-to-date: /uolstore/home/users/sc23oy/ros2_ws/src/install/turtlebot3_simulations/share/turtlebot3_simulations/package.xml
[0.358s] Invoked command in '/uolstore/home/users/sc23oy/ros2_ws/src/build/turtlebot3_simulations' returned '0': AMENT_PREFIX_PATH=/uolstore/home/users/sc23oy/ros2_ws/src/install/turtlebot3_gazebo:/uolstore/home/users/sc23oy/ros2_ws/src/install/turtlebot3_fake_node:${AMENT_PREFIX_PATH} CMAKE_PREFIX_PATH=/uolstore/home/users/sc23oy/ros2_ws/src/install/turtlebot3_gazebo:/uolstore/home/users/sc23oy/ros2_ws/src/install/turtlebot3_fake_node:/uollinapps/v2/24-25/soc/packages/linux-rhel9-x86_64_v3/gcc-11.4.0/gcc-14.2.0-svuh5yskfnrwh537tvxvt642acswwlju:/opt/ros/humble /usr/bin/cmake --install /uolstore/home/users/sc23oy/ros2_ws/src/build/turtlebot3_simulations
