running egg_info
creating ../../build/ros2_project_sc23oy/ros2_project_sc23oy.egg-info
writing ../../build/ros2_project_sc23oy/ros2_project_sc23oy.egg-info/PKG-INFO
writing dependency_links to ../../build/ros2_project_sc23oy/ros2_project_sc23oy.egg-info/dependency_links.txt
writing entry points to ../../build/ros2_project_sc23oy/ros2_project_sc23oy.egg-info/entry_points.txt
writing requirements to ../../build/ros2_project_sc23oy/ros2_project_sc23oy.egg-info/requires.txt
writing top-level names to ../../build/ros2_project_sc23oy/ros2_project_sc23oy.egg-info/top_level.txt
writing manifest file '../../build/ros2_project_sc23oy/ros2_project_sc23oy.egg-info/SOURCES.txt'
reading manifest file '../../build/ros2_project_sc23oy/ros2_project_sc23oy.egg-info/SOURCES.txt'
writing manifest file '../../build/ros2_project_sc23oy/ros2_project_sc23oy.egg-info/SOURCES.txt'
running build
running build_py
creating /uolstore/home/users/sc23oy/ros2_ws/build/ros2_project_sc23oy/build
creating /uolstore/home/users/sc23oy/ros2_ws/build/ros2_project_sc23oy/build/lib
creating /uolstore/home/users/sc23oy/ros2_ws/build/ros2_project_sc23oy/build/lib/ros2_project_sc23oy
copying ros2_project_sc23oy/third_step.py -> /uolstore/home/users/sc23oy/ros2_ws/build/ros2_project_sc23oy/build/lib/ros2_project_sc23oy
copying ros2_project_sc23oy/second_step.py -> /uolstore/home/users/sc23oy/ros2_ws/build/ros2_project_sc23oy/build/lib/ros2_project_sc23oy
copying ros2_project_sc23oy/fourth_step.py -> /uolstore/home/users/sc23oy/ros2_ws/build/ros2_project_sc23oy/build/lib/ros2_project_sc23oy
copying ros2_project_sc23oy/Skeleton_Code_First_Step.py -> /uolstore/home/users/sc23oy/ros2_ws/build/ros2_project_sc23oy/build/lib/ros2_project_sc23oy
copying ros2_project_sc23oy/Skeleton_Code_Fourth_Step.py -> /uolstore/home/users/sc23oy/ros2_ws/build/ros2_project_sc23oy/build/lib/ros2_project_sc23oy
copying ros2_project_sc23oy/Skeleton_Code_Second_Step.py -> /uolstore/home/users/sc23oy/ros2_ws/build/ros2_project_sc23oy/build/lib/ros2_project_sc23oy
copying ros2_project_sc23oy/Skeleton_Code_Third_Step.py -> /uolstore/home/users/sc23oy/ros2_ws/build/ros2_project_sc23oy/build/lib/ros2_project_sc23oy
copying ros2_project_sc23oy/__init__.py -> /uolstore/home/users/sc23oy/ros2_ws/build/ros2_project_sc23oy/build/lib/ros2_project_sc23oy
copying ros2_project_sc23oy/first_step.py -> /uolstore/home/users/sc23oy/ros2_ws/build/ros2_project_sc23oy/build/lib/ros2_project_sc23oy
running install
running install_lib
creating /uolstore/home/users/sc23oy/ros2_ws/install/ros2_project_sc23oy/lib/python3.10/site-packages/ros2_project_sc23oy
copying /uolstore/home/users/sc23oy/ros2_ws/build/ros2_project_sc23oy/build/lib/ros2_project_sc23oy/third_step.py -> /uolstore/home/users/sc23oy/ros2_ws/install/ros2_project_sc23oy/lib/python3.10/site-packages/ros2_project_sc23oy
copying /uolstore/home/users/sc23oy/ros2_ws/build/ros2_project_sc23oy/build/lib/ros2_project_sc23oy/second_step.py -> /uolstore/home/users/sc23oy/ros2_ws/install/ros2_project_sc23oy/lib/python3.10/site-packages/ros2_project_sc23oy
copying /uolstore/home/users/sc23oy/ros2_ws/build/ros2_project_sc23oy/build/lib/ros2_project_sc23oy/fourth_step.py -> /uolstore/home/users/sc23oy/ros2_ws/install/ros2_project_sc23oy/lib/python3.10/site-packages/ros2_project_sc23oy
copying /uolstore/home/users/sc23oy/ros2_ws/build/ros2_project_sc23oy/build/lib/ros2_project_sc23oy/Skeleton_Code_First_Step.py -> /uolstore/home/users/sc23oy/ros2_ws/install/ros2_project_sc23oy/lib/python3.10/site-packages/ros2_project_sc23oy
copying /uolstore/home/users/sc23oy/ros2_ws/build/ros2_project_sc23oy/build/lib/ros2_project_sc23oy/Skeleton_Code_Fourth_Step.py -> /uolstore/home/users/sc23oy/ros2_ws/install/ros2_project_sc23oy/lib/python3.10/site-packages/ros2_project_sc23oy
copying /uolstore/home/users/sc23oy/ros2_ws/build/ros2_project_sc23oy/build/lib/ros2_project_sc23oy/Skeleton_Code_Second_Step.py -> /uolstore/home/users/sc23oy/ros2_ws/install/ros2_project_sc23oy/lib/python3.10/site-packages/ros2_project_sc23oy
copying /uolstore/home/users/sc23oy/ros2_ws/build/ros2_project_sc23oy/build/lib/ros2_project_sc23oy/Skeleton_Code_Third_Step.py -> /uolstore/home/users/sc23oy/ros2_ws/install/ros2_project_sc23oy/lib/python3.10/site-packages/ros2_project_sc23oy
copying /uolstore/home/users/sc23oy/ros2_ws/build/ros2_project_sc23oy/build/lib/ros2_project_sc23oy/__init__.py -> /uolstore/home/users/sc23oy/ros2_ws/install/ros2_project_sc23oy/lib/python3.10/site-packages/ros2_project_sc23oy
copying /uolstore/home/users/sc23oy/ros2_ws/build/ros2_project_sc23oy/build/lib/ros2_project_sc23oy/first_step.py -> /uolstore/home/users/sc23oy/ros2_ws/install/ros2_project_sc23oy/lib/python3.10/site-packages/ros2_project_sc23oy
byte-compiling /uolstore/home/users/sc23oy/ros2_ws/install/ros2_project_sc23oy/lib/python3.10/site-packages/ros2_project_sc23oy/third_step.py to third_step.cpython-310.pyc
byte-compiling /uolstore/home/users/sc23oy/ros2_ws/install/ros2_project_sc23oy/lib/python3.10/site-packages/ros2_project_sc23oy/second_step.py to second_step.cpython-310.pyc
byte-compiling /uolstore/home/users/sc23oy/ros2_ws/install/ros2_project_sc23oy/lib/python3.10/site-packages/ros2_project_sc23oy/fourth_step.py to fourth_step.cpython-310.pyc
byte-compiling /uolstore/home/users/sc23oy/ros2_ws/install/ros2_project_sc23oy/lib/python3.10/site-packages/ros2_project_sc23oy/Skeleton_Code_First_Step.py to Skeleton_Code_First_Step.cpython-310.pyc
byte-compiling /uolstore/home/users/sc23oy/ros2_ws/install/ros2_project_sc23oy/lib/python3.10/site-packages/ros2_project_sc23oy/Skeleton_Code_Fourth_Step.py to Skeleton_Code_Fourth_Step.cpython-310.pyc
byte-compiling /uolstore/home/users/sc23oy/ros2_ws/install/ros2_project_sc23oy/lib/python3.10/site-packages/ros2_project_sc23oy/Skeleton_Code_Second_Step.py to Skeleton_Code_Second_Step.cpython-310.pyc
byte-compiling /uolstore/home/users/sc23oy/ros2_ws/install/ros2_project_sc23oy/lib/python3.10/site-packages/ros2_project_sc23oy/Skeleton_Code_Third_Step.py to Skeleton_Code_Third_Step.cpython-310.pyc
byte-compiling /uolstore/home/users/sc23oy/ros2_ws/install/ros2_project_sc23oy/lib/python3.10/site-packages/ros2_project_sc23oy/__init__.py to __init__.cpython-310.pyc
byte-compiling /uolstore/home/users/sc23oy/ros2_ws/install/ros2_project_sc23oy/lib/python3.10/site-packages/ros2_project_sc23oy/first_step.py to first_step.cpython-310.pyc
running install_data
creating /uolstore/home/users/sc23oy/ros2_ws/install/ros2_project_sc23oy/share/ament_index
creating /uolstore/home/users/sc23oy/ros2_ws/install/ros2_project_sc23oy/share/ament_index/resource_index
creating /uolstore/home/users/sc23oy/ros2_ws/install/ros2_project_sc23oy/share/ament_index/resource_index/packages
copying resource/ros2_project_sc23oy -> /uolstore/home/users/sc23oy/ros2_ws/install/ros2_project_sc23oy/share/ament_index/resource_index/packages
copying package.xml -> /uolstore/home/users/sc23oy/ros2_ws/install/ros2_project_sc23oy/share/ros2_project_sc23oy
running install_egg_info
Copying ../../build/ros2_project_sc23oy/ros2_project_sc23oy.egg-info to /uolstore/home/users/sc23oy/ros2_ws/install/ros2_project_sc23oy/lib/python3.10/site-packages/ros2_project_sc23oy-0.0.0-py3.10.egg-info
running install_scripts
Installing first_step script to /uolstore/home/users/sc23oy/ros2_ws/install/ros2_project_sc23oy/lib/ros2_project_sc23oy
Installing fourth_step script to /uolstore/home/users/sc23oy/ros2_ws/install/ros2_project_sc23oy/lib/ros2_project_sc23oy
Installing second_step script to /uolstore/home/users/sc23oy/ros2_ws/install/ros2_project_sc23oy/lib/ros2_project_sc23oy
Installing third_step script to /uolstore/home/users/sc23oy/ros2_ws/install/ros2_project_sc23oy/lib/ros2_project_sc23oy
writing list of installed files to '/uolstore/home/users/sc23oy/ros2_ws/build/ros2_project_sc23oy/install.log'
