[1.141s] Invoking command in '/uolstore/home/users/sc23oy/ros2_ws/src/build/turtlebot3_fake_node': CMAKE_PREFIX_PATH=${CMAKE_PREFIX_PATH}:/opt/ros/humble /usr/bin/cmake --build /uolstore/home/users/sc23oy/ros2_ws/src/build/turtlebot3_fake_node -- -j48 -l48
[4.150s] [35m[1mConsolidate compiler generated dependencies of target turtlebot3_fake_node[0m
[4.151s] [100%] Built target turtlebot3_fake_node
[4.160s] Invoked command in '/uolstore/home/users/sc23oy/ros2_ws/src/build/turtlebot3_fake_node' returned '0': CMAKE_PREFIX_PATH=${CMAKE_PREFIX_PATH}:/opt/ros/humble /usr/bin/cmake --build /uolstore/home/users/sc23oy/ros2_ws/src/build/turtlebot3_fake_node -- -j48 -l48
[4.832s] Invoking command in '/uolstore/home/users/sc23oy/ros2_ws/src/build/turtlebot3_fake_node': CMAKE_PREFIX_PATH=${CMAKE_PREFIX_PATH}:/opt/ros/humble /usr/bin/cmake --install /uolstore/home/users/sc23oy/ros2_ws/src/build/turtlebot3_fake_node
[4.847s] -- Install configuration: ""
[4.851s] -- Up-to-date: /uolstore/home/users/sc23oy/ros2_ws/src/install/turtlebot3_fake_node/lib/turtlebot3_fake_node/turtlebot3_fake_node
[4.856s] -- Up-to-date: /uolstore/home/users/sc23oy/ros2_ws/src/install/turtlebot3_fake_node/share/turtlebot3_fake_node/launch
[4.857s] -- Up-to-date: /uolstore/home/users/sc23oy/ros2_ws/src/install/turtlebot3_fake_node/share/turtlebot3_fake_node/launch/rviz2.launch.py
[4.858s] -- Up-to-date: /uolstore/home/users/sc23oy/ros2_ws/src/install/turtlebot3_fake_node/share/turtlebot3_fake_node/launch/turtlebot3_fake_node.launch.py
[4.859s] -- Up-to-date: /uolstore/home/users/sc23oy/ros2_ws/src/install/turtlebot3_fake_node/share/turtlebot3_fake_node/param
[4.861s] -- Up-to-date: /uolstore/home/users/sc23oy/ros2_ws/src/install/turtlebot3_fake_node/share/turtlebot3_fake_node/param/burger.yaml
[4.862s] -- Up-to-date: /uolstore/home/users/sc23oy/ros2_ws/src/install/turtlebot3_fake_node/share/turtlebot3_fake_node/param/waffle.yaml
[4.863s] -- Up-to-date: /uolstore/home/users/sc23oy/ros2_ws/src/install/turtlebot3_fake_node/share/turtlebot3_fake_node/param/waffle_pi.yaml
[4.864s] -- Up-to-date: /uolstore/home/users/sc23oy/ros2_ws/src/install/turtlebot3_fake_node/include/
[4.865s] -- Up-to-date: /uolstore/home/users/sc23oy/ros2_ws/src/install/turtlebot3_fake_node/include//turtlebot3_fake_node
[4.867s] -- Up-to-date: /uolstore/home/users/sc23oy/ros2_ws/src/install/turtlebot3_fake_node/include//turtlebot3_fake_node/turtlebot3_fake_node.hpp
[4.869s] -- Up-to-date: /uolstore/home/users/sc23oy/ros2_ws/src/install/turtlebot3_fake_node/share/ament_index/resource_index/package_run_dependencies/turtlebot3_fake_node
[4.870s] -- Up-to-date: /uolstore/home/users/sc23oy/ros2_ws/src/install/turtlebot3_fake_node/share/ament_index/resource_index/parent_prefix_path/turtlebot3_fake_node
[4.871s] -- Up-to-date: /uolstore/home/users/sc23oy/ros2_ws/src/install/turtlebot3_fake_node/share/turtlebot3_fake_node/environment/ament_prefix_path.sh
[4.872s] -- Up-to-date: /uolstore/home/users/sc23oy/ros2_ws/src/install/turtlebot3_fake_node/share/turtlebot3_fake_node/environment/ament_prefix_path.dsv
[4.874s] -- Up-to-date: /uolstore/home/users/sc23oy/ros2_ws/src/install/turtlebot3_fake_node/share/turtlebot3_fake_node/environment/path.sh
[4.875s] -- Up-to-date: /uolstore/home/users/sc23oy/ros2_ws/src/install/turtlebot3_fake_node/share/turtlebot3_fake_node/environment/path.dsv
[4.876s] -- Up-to-date: /uolstore/home/users/sc23oy/ros2_ws/src/install/turtlebot3_fake_node/share/turtlebot3_fake_node/local_setup.bash
[4.876s] -- Up-to-date: /uolstore/home/users/sc23oy/ros2_ws/src/install/turtlebot3_fake_node/share/turtlebot3_fake_node/local_setup.sh
[4.877s] -- Up-to-date: /uolstore/home/users/sc23oy/ros2_ws/src/install/turtlebot3_fake_node/share/turtlebot3_fake_node/local_setup.zsh
[4.878s] -- Up-to-date: /uolstore/home/users/sc23oy/ros2_ws/src/install/turtlebot3_fake_node/share/turtlebot3_fake_node/local_setup.dsv
[4.879s] -- Installing: /uolstore/home/users/sc23oy/ros2_ws/src/install/turtlebot3_fake_node/share/turtlebot3_fake_node/package.dsv
[4.892s] -- Up-to-date: /uolstore/home/users/sc23oy/ros2_ws/src/install/turtlebot3_fake_node/share/ament_index/resource_index/packages/turtlebot3_fake_node
[4.893s] -- Up-to-date: /uolstore/home/users/sc23oy/ros2_ws/src/install/turtlebot3_fake_node/share/turtlebot3_fake_node/cmake/ament_cmake_export_include_directories-extras.cmake
[4.894s] -- Up-to-date: /uolstore/home/users/sc23oy/ros2_ws/src/install/turtlebot3_fake_node/share/turtlebot3_fake_node/cmake/ament_cmake_export_dependencies-extras.cmake
[4.895s] -- Up-to-date: /uolstore/home/users/sc23oy/ros2_ws/src/install/turtlebot3_fake_node/share/turtlebot3_fake_node/cmake/turtlebot3_fake_nodeConfig.cmake
[4.895s] -- Up-to-date: /uolstore/home/users/sc23oy/ros2_ws/src/install/turtlebot3_fake_node/share/turtlebot3_fake_node/cmake/turtlebot3_fake_nodeConfig-version.cmake
[4.896s] -- Up-to-date: /uolstore/home/users/sc23oy/ros2_ws/src/install/turtlebot3_fake_node/share/turtlebot3_fake_node/package.xml
[4.903s] Invoked command in '/uolstore/home/users/sc23oy/ros2_ws/src/build/turtlebot3_fake_node' returned '0': CMAKE_PREFIX_PATH=${CMAKE_PREFIX_PATH}:/opt/ros/humble /usr/bin/cmake --install /uolstore/home/users/sc23oy/ros2_ws/src/build/turtlebot3_fake_node
