[1.037s] Invoking command in '/uolstore/home/users/sc23oy/ros2_ws/src/build/turtlebot3_gazebo': CMAKE_PREFIX_PATH=${CMAKE_PREFIX_PATH}:/opt/ros/humble /usr/bin/cmake --build /uolstore/home/users/sc23oy/ros2_ws/src/build/turtlebot3_gazebo -- -j48 -l48
[4.033s] [35m[1mConsolidate compiler generated dependencies of target turtlebot3_drive[0m
[4.034s] [35m[1mConsolidate compiler generated dependencies of target obstacle2[0m
[4.034s] [35m[1mConsolidate compiler generated dependencies of target obstacle1[0m
[4.034s] [35m[1mConsolidate compiler generated dependencies of target obstacles[0m
[4.034s] [ 25%] Built target turtlebot3_drive
[4.034s] [ 50%] Built target obstacle1
[4.034s] [100%] Built target obstacle2
[4.034s] [100%] Built target obstacles
[4.036s] Invoked command in '/uolstore/home/users/sc23oy/ros2_ws/src/build/turtlebot3_gazebo' returned '0': CMAKE_PREFIX_PATH=${CMAKE_PREFIX_PATH}:/opt/ros/humble /usr/bin/cmake --build /uolstore/home/users/sc23oy/ros2_ws/src/build/turtlebot3_gazebo -- -j48 -l48
[4.709s] Invoking command in '/uolstore/home/users/sc23oy/ros2_ws/src/build/turtlebot3_gazebo': CMAKE_PREFIX_PATH=${CMAKE_PREFIX_PATH}:/opt/ros/humble /usr/bin/cmake --install /uolstore/home/users/sc23oy/ros2_ws/src/build/turtlebot3_gazebo
[4.726s] -- Install configuration: ""
[4.730s] -- Up-to-date: /uolstore/home/users/sc23oy/ros2_ws/src/install/turtlebot3_gazebo/lib/turtlebot3_gazebo/turtlebot3_drive
[4.734s] -- Up-to-date: /uolstore/home/users/sc23oy/ros2_ws/src/install/turtlebot3_gazebo/share/turtlebot3_gazebo//launch
[4.736s] -- Up-to-date: /uolstore/home/users/sc23oy/ros2_ws/src/install/turtlebot3_gazebo/share/turtlebot3_gazebo//launch/empty_world.launch.py
[4.737s] -- Up-to-date: /uolstore/home/users/sc23oy/ros2_ws/src/install/turtlebot3_gazebo/share/turtlebot3_gazebo//launch/robot_state_publisher.launch.py
[4.738s] -- Up-to-date: /uolstore/home/users/sc23oy/ros2_ws/src/install/turtlebot3_gazebo/share/turtlebot3_gazebo//launch/spawn_turtlebot3.launch.py
[4.739s] -- Up-to-date: /uolstore/home/users/sc23oy/ros2_ws/src/install/turtlebot3_gazebo/share/turtlebot3_gazebo//launch/turtlebot3_dqn_stage1.launch.py
[4.740s] -- Up-to-date: /uolstore/home/users/sc23oy/ros2_ws/src/install/turtlebot3_gazebo/share/turtlebot3_gazebo//launch/turtlebot3_dqn_stage2.launch.py
[4.741s] -- Up-to-date: /uolstore/home/users/sc23oy/ros2_ws/src/install/turtlebot3_gazebo/share/turtlebot3_gazebo//launch/turtlebot3_dqn_stage3.launch.py
[4.742s] -- Up-to-date: /uolstore/home/users/sc23oy/ros2_ws/src/install/turtlebot3_gazebo/share/turtlebot3_gazebo//launch/turtlebot3_dqn_stage4.launch.py
[4.743s] -- Up-to-date: /uolstore/home/users/sc23oy/ros2_ws/src/install/turtlebot3_gazebo/share/turtlebot3_gazebo//launch/turtlebot3_house.launch.py
[4.744s] -- Up-to-date: /uolstore/home/users/sc23oy/ros2_ws/src/install/turtlebot3_gazebo/share/turtlebot3_gazebo//launch/turtlebot3_panorama.launch.py
[4.745s] -- Up-to-date: /uolstore/home/users/sc23oy/ros2_ws/src/install/turtlebot3_gazebo/share/turtlebot3_gazebo//launch/turtlebot3_rgb_world.launch.py
[4.746s] -- Up-to-date: /uolstore/home/users/sc23oy/ros2_ws/src/install/turtlebot3_gazebo/share/turtlebot3_gazebo//launch/turtlebot3_space.launch.py
[4.747s] -- Up-to-date: /uolstore/home/users/sc23oy/ros2_ws/src/install/turtlebot3_gazebo/share/turtlebot3_gazebo//launch/turtlebot3_world.launch.py
[4.748s] -- Up-to-date: /uolstore/home/users/sc23oy/ros2_ws/src/install/turtlebot3_gazebo/share/turtlebot3_gazebo//launch/turtlebot3_task_world_2026.launch.py
[4.749s] -- Up-to-date: /uolstore/home/users/sc23oy/ros2_ws/src/install/turtlebot3_gazebo/share/turtlebot3_gazebo//models
[4.751s] -- Up-to-date: /uolstore/home/users/sc23oy/ros2_ws/src/install/turtlebot3_gazebo/share/turtlebot3_gazebo//models/brick_box_3x1x3
[4.752s] -- Up-to-date: /uolstore/home/users/sc23oy/ros2_ws/src/install/turtlebot3_gazebo/share/turtlebot3_gazebo//models/brick_box_3x1x3/materials
[4.754s] -- Up-to-date: /uolstore/home/users/sc23oy/ros2_ws/src/install/turtlebot3_gazebo/share/turtlebot3_gazebo//models/brick_box_3x1x3/materials/scripts
[4.756s] -- Up-to-date: /uolstore/home/users/sc23oy/ros2_ws/src/install/turtlebot3_gazebo/share/turtlebot3_gazebo//models/brick_box_3x1x3/materials/scripts/brick_box.material
[4.757s] -- Up-to-date: /uolstore/home/users/sc23oy/ros2_ws/src/install/turtlebot3_gazebo/share/turtlebot3_gazebo//models/brick_box_3x1x3/materials/textures
[4.758s] -- Up-to-date: /uolstore/home/users/sc23oy/ros2_ws/src/install/turtlebot3_gazebo/share/turtlebot3_gazebo//models/brick_box_3x1x3/materials/textures/simple_box.png
[4.759s] -- Up-to-date: /uolstore/home/users/sc23oy/ros2_ws/src/install/turtlebot3_gazebo/share/turtlebot3_gazebo//models/brick_box_3x1x3/meshes
[4.761s] -- Up-to-date: /uolstore/home/users/sc23oy/ros2_ws/src/install/turtlebot3_gazebo/share/turtlebot3_gazebo//models/brick_box_3x1x3/meshes/simple_box.dae
[4.762s] -- Up-to-date: /uolstore/home/users/sc23oy/ros2_ws/src/install/turtlebot3_gazebo/share/turtlebot3_gazebo//models/brick_box_3x1x3/model-1_3.sdf
[4.767s] -- Up-to-date: /uolstore/home/users/sc23oy/ros2_ws/src/install/turtlebot3_gazebo/share/turtlebot3_gazebo//models/brick_box_3x1x3/model-1_4.sdf
[4.769s] -- Up-to-date: /uolstore/home/users/sc23oy/ros2_ws/src/install/turtlebot3_gazebo/share/turtlebot3_gazebo//models/brick_box_3x1x3/model.config
[4.771s] -- Up-to-date: /uolstore/home/users/sc23oy/ros2_ws/src/install/turtlebot3_gazebo/share/turtlebot3_gazebo//models/brick_box_3x1x3/model.sdf
[4.772s] -- Up-to-date: /uolstore/home/users/sc23oy/ros2_ws/src/install/turtlebot3_gazebo/share/turtlebot3_gazebo//models/green_image
[4.773s] -- Up-to-date: /uolstore/home/users/sc23oy/ros2_ws/src/install/turtlebot3_gazebo/share/turtlebot3_gazebo//models/green_image/materials
[4.775s] -- Up-to-date: /uolstore/home/users/sc23oy/ros2_ws/src/install/turtlebot3_gazebo/share/turtlebot3_gazebo//models/green_image/materials/scripts
[4.776s] -- Up-to-date: /uolstore/home/users/sc23oy/ros2_ws/src/install/turtlebot3_gazebo/share/turtlebot3_gazebo//models/green_image/materials/scripts/green_image.material
[4.777s] -- Up-to-date: /uolstore/home/users/sc23oy/ros2_ws/src/install/turtlebot3_gazebo/share/turtlebot3_gazebo//models/green_image/materials/textures
[4.779s] -- Up-to-date: /uolstore/home/users/sc23oy/ros2_ws/src/install/turtlebot3_gazebo/share/turtlebot3_gazebo//models/green_image/materials/textures/green_image.jpg
[4.780s] -- Up-to-date: /uolstore/home/users/sc23oy/ros2_ws/src/install/turtlebot3_gazebo/share/turtlebot3_gazebo//models/green_image/model.config
[4.781s] -- Up-to-date: /uolstore/home/users/sc23oy/ros2_ws/src/install/turtlebot3_gazebo/share/turtlebot3_gazebo//models/green_image/model.sdf
[4.782s] -- Up-to-date: /uolstore/home/users/sc23oy/ros2_ws/src/install/turtlebot3_gazebo/share/turtlebot3_gazebo//models/grey_wall_medium
[4.783s] -- Up-to-date: /uolstore/home/users/sc23oy/ros2_ws/src/install/turtlebot3_gazebo/share/turtlebot3_gazebo//models/grey_wall_medium/materials
[4.786s] -- Up-to-date: /uolstore/home/users/sc23oy/ros2_ws/src/install/turtlebot3_gazebo/share/turtlebot3_gazebo//models/grey_wall_medium/materials/scripts
[4.786s] -- Up-to-date: /uolstore/home/users/sc23oy/ros2_ws/src/install/turtlebot3_gazebo/share/turtlebot3_gazebo//models/grey_wall_medium/materials/scripts/grey_wall.material
[4.787s] -- Up-to-date: /uolstore/home/users/sc23oy/ros2_ws/src/install/turtlebot3_gazebo/share/turtlebot3_gazebo//models/grey_wall_medium/materials/textures
[4.788s] -- Up-to-date: /uolstore/home/users/sc23oy/ros2_ws/src/install/turtlebot3_gazebo/share/turtlebot3_gazebo//models/grey_wall_medium/materials/textures/dull_gray.png
[4.789s] -- Up-to-date: /uolstore/home/users/sc23oy/ros2_ws/src/install/turtlebot3_gazebo/share/turtlebot3_gazebo//models/grey_wall_medium/model-1_3.sdf
[4.790s] -- Up-to-date: /uolstore/home/users/sc23oy/ros2_ws/src/install/turtlebot3_gazebo/share/turtlebot3_gazebo//models/grey_wall_medium/model-1_4.sdf
[4.791s] -- Up-to-date: /uolstore/home/users/sc23oy/ros2_ws/src/install/turtlebot3_gazebo/share/turtlebot3_gazebo//models/grey_wall_medium/model.config
[4.792s] -- Up-to-date: /uolstore/home/users/sc23oy/ros2_ws/src/install/turtlebot3_gazebo/share/turtlebot3_gazebo//models/grey_wall_medium/model.sdf
[4.793s] -- Up-to-date: /uolstore/home/users/sc23oy/ros2_ws/src/install/turtlebot3_gazebo/share/turtlebot3_gazebo//models/grey_wall_micro
[4.795s] -- Up-to-date: /uolstore/home/users/sc23oy/ros2_ws/src/install/turtlebot3_gazebo/share/turtlebot3_gazebo//models/grey_wall_micro/materials
[4.796s] -- Up-to-date: /uolstore/home/users/sc23oy/ros2_ws/src/install/turtlebot3_gazebo/share/turtlebot3_gazebo//models/grey_wall_micro/materials/scripts
[4.798s] -- Up-to-date: /uolstore/home/users/sc23oy/ros2_ws/src/install/turtlebot3_gazebo/share/turtlebot3_gazebo//models/grey_wall_micro/materials/scripts/grey_wall.material
[4.799s] -- Up-to-date: /uolstore/home/users/sc23oy/ros2_ws/src/install/turtlebot3_gazebo/share/turtlebot3_gazebo//models/grey_wall_micro/materials/textures
[4.800s] -- Up-to-date: /uolstore/home/users/sc23oy/ros2_ws/src/install/turtlebot3_gazebo/share/turtlebot3_gazebo//models/grey_wall_micro/materials/textures/dull_gray.png
[4.801s] -- Up-to-date: /uolstore/home/users/sc23oy/ros2_ws/src/install/turtlebot3_gazebo/share/turtlebot3_gazebo//models/grey_wall_micro/model-1_3.sdf
[4.802s] -- Up-to-date: /uolstore/home/users/sc23oy/ros2_ws/src/install/turtlebot3_gazebo/share/turtlebot3_gazebo//models/grey_wall_micro/model-1_4.sdf
[4.803s] -- Up-to-date: /uolstore/home/users/sc23oy/ros2_ws/src/install/turtlebot3_gazebo/share/turtlebot3_gazebo//models/grey_wall_micro/model.config
[4.804s] -- Up-to-date: /uolstore/home/users/sc23oy/ros2_ws/src/install/turtlebot3_gazebo/share/turtlebot3_gazebo//models/grey_wall_micro/model.sdf
[4.805s] -- Up-to-date: /uolstore/home/users/sc23oy/ros2_ws/src/install/turtlebot3_gazebo/share/turtlebot3_gazebo//models/grey_wall_small
[4.806s] -- Up-to-date: /uolstore/home/users/sc23oy/ros2_ws/src/install/turtlebot3_gazebo/share/turtlebot3_gazebo//models/grey_wall_small/materials
[4.807s] -- Up-to-date: /uolstore/home/users/sc23oy/ros2_ws/src/install/turtlebot3_gazebo/share/turtlebot3_gazebo//models/grey_wall_small/materials/scripts
[4.809s] -- Up-to-date: /uolstore/home/users/sc23oy/ros2_ws/src/install/turtlebot3_gazebo/share/turtlebot3_gazebo//models/grey_wall_small/materials/scripts/grey_wall.material
[4.810s] -- Up-to-date: /uolstore/home/users/sc23oy/ros2_ws/src/install/turtlebot3_gazebo/share/turtlebot3_gazebo//models/grey_wall_small/materials/textures
[4.812s] -- Up-to-date: /uolstore/home/users/sc23oy/ros2_ws/src/install/turtlebot3_gazebo/share/turtlebot3_gazebo//models/grey_wall_small/materials/textures/dull_gray.png
[4.813s] -- Up-to-date: /uolstore/home/users/sc23oy/ros2_ws/src/install/turtlebot3_gazebo/share/turtlebot3_gazebo//models/grey_wall_small/model-1_3.sdf
[4.813s] -- Up-to-date: /uolstore/home/users/sc23oy/ros2_ws/src/install/turtlebot3_gazebo/share/turtlebot3_gazebo//models/grey_wall_small/model-1_4.sdf
[4.814s] -- Up-to-date: /uolstore/home/users/sc23oy/ros2_ws/src/install/turtlebot3_gazebo/share/turtlebot3_gazebo//models/grey_wall_small/model.config
[4.815s] -- Up-to-date: /uolstore/home/users/sc23oy/ros2_ws/src/install/turtlebot3_gazebo/share/turtlebot3_gazebo//models/grey_wall_small/model.sdf
[4.816s] -- Up-to-date: /uolstore/home/users/sc23oy/ros2_ws/src/install/turtlebot3_gazebo/share/turtlebot3_gazebo//models/grey_wall_smaller
[4.819s] -- Up-to-date: /uolstore/home/users/sc23oy/ros2_ws/src/install/turtlebot3_gazebo/share/turtlebot3_gazebo//models/grey_wall_smaller/materials
[4.819s] -- Up-to-date: /uolstore/home/users/sc23oy/ros2_ws/src/install/turtlebot3_gazebo/share/turtlebot3_gazebo//models/grey_wall_smaller/materials/scripts
[4.820s] -- Up-to-date: /uolstore/home/users/sc23oy/ros2_ws/src/install/turtlebot3_gazebo/share/turtlebot3_gazebo//models/grey_wall_smaller/materials/scripts/grey_wall.material
[4.821s] -- Up-to-date: /uolstore/home/users/sc23oy/ros2_ws/src/install/turtlebot3_gazebo/share/turtlebot3_gazebo//models/grey_wall_smaller/materials/textures
[4.823s] -- Up-to-date: /uolstore/home/users/sc23oy/ros2_ws/src/install/turtlebot3_gazebo/share/turtlebot3_gazebo//models/grey_wall_smaller/materials/textures/dull_gray.png
[4.824s] -- Up-to-date: /uolstore/home/users/sc23oy/ros2_ws/src/install/turtlebot3_gazebo/share/turtlebot3_gazebo//models/grey_wall_smaller/model-1_3.sdf
[4.824s] -- Up-to-date: /uolstore/home/users/sc23oy/ros2_ws/src/install/turtlebot3_gazebo/share/turtlebot3_gazebo//models/grey_wall_smaller/model-1_4.sdf
[4.825s] -- Up-to-date: /uolstore/home/users/sc23oy/ros2_ws/src/install/turtlebot3_gazebo/share/turtlebot3_gazebo//models/grey_wall_smaller/model.config
[4.826s] -- Up-to-date: /uolstore/home/users/sc23oy/ros2_ws/src/install/turtlebot3_gazebo/share/turtlebot3_gazebo//models/grey_wall_smaller/model.sdf
[4.828s] -- Up-to-date: /uolstore/home/users/sc23oy/ros2_ws/src/install/turtlebot3_gazebo/share/turtlebot3_gazebo//models/grey_wall_tinier
[4.829s] -- Up-to-date: /uolstore/home/users/sc23oy/ros2_ws/src/install/turtlebot3_gazebo/share/turtlebot3_gazebo//models/grey_wall_tinier/materials
[4.831s] -- Up-to-date: /uolstore/home/users/sc23oy/ros2_ws/src/install/turtlebot3_gazebo/share/turtlebot3_gazebo//models/grey_wall_tinier/materials/scripts
[4.832s] -- Up-to-date: /uolstore/home/users/sc23oy/ros2_ws/src/install/turtlebot3_gazebo/share/turtlebot3_gazebo//models/grey_wall_tinier/materials/scripts/grey_wall.material
[4.833s] -- Up-to-date: /uolstore/home/users/sc23oy/ros2_ws/src/install/turtlebot3_gazebo/share/turtlebot3_gazebo//models/grey_wall_tinier/materials/textures
[4.835s] -- Up-to-date: /uolstore/home/users/sc23oy/ros2_ws/src/install/turtlebot3_gazebo/share/turtlebot3_gazebo//models/grey_wall_tinier/materials/textures/dull_gray.png
[4.836s] -- Up-to-date: /uolstore/home/users/sc23oy/ros2_ws/src/install/turtlebot3_gazebo/share/turtlebot3_gazebo//models/grey_wall_tinier/model-1_3.sdf
[4.837s] -- Up-to-date: /uolstore/home/users/sc23oy/ros2_ws/src/install/turtlebot3_gazebo/share/turtlebot3_gazebo//models/grey_wall_tinier/model-1_4.sdf
[4.837s] -- Up-to-date: /uolstore/home/users/sc23oy/ros2_ws/src/install/turtlebot3_gazebo/share/turtlebot3_gazebo//models/grey_wall_tinier/model.config
[4.838s] -- Up-to-date: /uolstore/home/users/sc23oy/ros2_ws/src/install/turtlebot3_gazebo/share/turtlebot3_gazebo//models/grey_wall_tinier/model.sdf
[4.839s] -- Up-to-date: /uolstore/home/users/sc23oy/ros2_ws/src/install/turtlebot3_gazebo/share/turtlebot3_gazebo//models/grey_wall_tiny
[4.840s] -- Up-to-date: /uolstore/home/users/sc23oy/ros2_ws/src/install/turtlebot3_gazebo/share/turtlebot3_gazebo//models/grey_wall_tiny/materials
[4.842s] -- Up-to-date: /uolstore/home/users/sc23oy/ros2_ws/src/install/turtlebot3_gazebo/share/turtlebot3_gazebo//models/grey_wall_tiny/materials/scripts
[4.843s] -- Up-to-date: /uolstore/home/users/sc23oy/ros2_ws/src/install/turtlebot3_gazebo/share/turtlebot3_gazebo//models/grey_wall_tiny/materials/scripts/grey_wall.material
[4.844s] -- Up-to-date: /uolstore/home/users/sc23oy/ros2_ws/src/install/turtlebot3_gazebo/share/turtlebot3_gazebo//models/grey_wall_tiny/materials/textures
[4.845s] -- Up-to-date: /uolstore/home/users/sc23oy/ros2_ws/src/install/turtlebot3_gazebo/share/turtlebot3_gazebo//models/grey_wall_tiny/materials/textures/dull_gray.png
[4.846s] -- Up-to-date: /uolstore/home/users/sc23oy/ros2_ws/src/install/turtlebot3_gazebo/share/turtlebot3_gazebo//models/grey_wall_tiny/model-1_3.sdf
[4.847s] -- Up-to-date: /uolstore/home/users/sc23oy/ros2_ws/src/install/turtlebot3_gazebo/share/turtlebot3_gazebo//models/grey_wall_tiny/model-1_4.sdf
[4.848s] -- Up-to-date: /uolstore/home/users/sc23oy/ros2_ws/src/install/turtlebot3_gazebo/share/turtlebot3_gazebo//models/grey_wall_tiny/model.config
[4.849s] -- Up-to-date: /uolstore/home/users/sc23oy/ros2_ws/src/install/turtlebot3_gazebo/share/turtlebot3_gazebo//models/grey_wall_tiny/model.sdf
[4.849s] -- Up-to-date: /uolstore/home/users/sc23oy/ros2_ws/src/install/turtlebot3_gazebo/share/turtlebot3_gazebo//models/my_grey_wall
[4.851s] -- Up-to-date: /uolstore/home/users/sc23oy/ros2_ws/src/install/turtlebot3_gazebo/share/turtlebot3_gazebo//models/my_grey_wall/materials
[4.852s] -- Up-to-date: /uolstore/home/users/sc23oy/ros2_ws/src/install/turtlebot3_gazebo/share/turtlebot3_gazebo//models/my_grey_wall/materials/scripts
[4.853s] -- Up-to-date: /uolstore/home/users/sc23oy/ros2_ws/src/install/turtlebot3_gazebo/share/turtlebot3_gazebo//models/my_grey_wall/materials/scripts/brick_box.material
[4.854s] -- Up-to-date: /uolstore/home/users/sc23oy/ros2_ws/src/install/turtlebot3_gazebo/share/turtlebot3_gazebo//models/my_grey_wall/materials/scripts/my_grey_wall.material
[4.855s] -- Up-to-date: /uolstore/home/users/sc23oy/ros2_ws/src/install/turtlebot3_gazebo/share/turtlebot3_gazebo//models/my_grey_wall/materials/scripts/space_box.material
[4.856s] -- Up-to-date: /uolstore/home/users/sc23oy/ros2_ws/src/install/turtlebot3_gazebo/share/turtlebot3_gazebo//models/my_grey_wall/materials/textures
[4.857s] -- Up-to-date: /uolstore/home/users/sc23oy/ros2_ws/src/install/turtlebot3_gazebo/share/turtlebot3_gazebo//models/my_grey_wall/materials/textures/Untitled.jpg
[4.858s] -- Up-to-date: /uolstore/home/users/sc23oy/ros2_ws/src/install/turtlebot3_gazebo/share/turtlebot3_gazebo//models/my_grey_wall/materials/textures/simple_box.jpg
[4.859s] -- Up-to-date: /uolstore/home/users/sc23oy/ros2_ws/src/install/turtlebot3_gazebo/share/turtlebot3_gazebo//models/my_grey_wall/materials/textures/simple_box.png
[4.859s] -- Up-to-date: /uolstore/home/users/sc23oy/ros2_ws/src/install/turtlebot3_gazebo/share/turtlebot3_gazebo//models/my_grey_wall/materials/textures/simple_box.png.old
[4.860s] -- Up-to-date: /uolstore/home/users/sc23oy/ros2_ws/src/install/turtlebot3_gazebo/share/turtlebot3_gazebo//models/my_grey_wall/materials/textures/simple_box1.png
[4.861s] -- Up-to-date: /uolstore/home/users/sc23oy/ros2_ws/src/install/turtlebot3_gazebo/share/turtlebot3_gazebo//models/my_grey_wall/materials/textures/simple_box2.png
[4.862s] -- Up-to-date: /uolstore/home/users/sc23oy/ros2_ws/src/install/turtlebot3_gazebo/share/turtlebot3_gazebo//models/my_grey_wall/materials/textures/spacecraftwall.jpeg
[4.863s] -- Up-to-date: /uolstore/home/users/sc23oy/ros2_ws/src/install/turtlebot3_gazebo/share/turtlebot3_gazebo//models/my_grey_wall/materials/textures/texture.jpg
[4.864s] -- Up-to-date: /uolstore/home/users/sc23oy/ros2_ws/src/install/turtlebot3_gazebo/share/turtlebot3_gazebo//models/my_grey_wall/meshes
[4.865s] -- Up-to-date: /uolstore/home/users/sc23oy/ros2_ws/src/install/turtlebot3_gazebo/share/turtlebot3_gazebo//models/my_grey_wall/meshes/simple_box.dae
[4.866s] -- Up-to-date: /uolstore/home/users/sc23oy/ros2_ws/src/install/turtlebot3_gazebo/share/turtlebot3_gazebo//models/my_grey_wall/model-1_3.sdf
[4.867s] -- Up-to-date: /uolstore/home/users/sc23oy/ros2_ws/src/install/turtlebot3_gazebo/share/turtlebot3_gazebo//models/my_grey_wall/model-1_4.sdf
[4.868s] -- Up-to-date: /uolstore/home/users/sc23oy/ros2_ws/src/install/turtlebot3_gazebo/share/turtlebot3_gazebo//models/my_grey_wall/model.config
[4.869s] -- Up-to-date: /uolstore/home/users/sc23oy/ros2_ws/src/install/turtlebot3_gazebo/share/turtlebot3_gazebo//models/my_grey_wall/model.sdf
[4.870s] -- Up-to-date: /uolstore/home/users/sc23oy/ros2_ws/src/install/turtlebot3_gazebo/share/turtlebot3_gazebo//models/panoframe
[4.872s] -- Up-to-date: /uolstore/home/users/sc23oy/ros2_ws/src/install/turtlebot3_gazebo/share/turtlebot3_gazebo//models/panoframe/materials
[4.873s] -- Up-to-date: /uolstore/home/users/sc23oy/ros2_ws/src/install/turtlebot3_gazebo/share/turtlebot3_gazebo//models/panoframe/materials/scripts
[4.875s] -- Up-to-date: /uolstore/home/users/sc23oy/ros2_ws/src/install/turtlebot3_gazebo/share/turtlebot3_gazebo//models/panoframe/materials/scripts/repeated.material
[4.875s] -- Up-to-date: /uolstore/home/users/sc23oy/ros2_ws/src/install/turtlebot3_gazebo/share/turtlebot3_gazebo//models/panoframe/materials/textures
[4.877s] -- Up-to-date: /uolstore/home/users/sc23oy/ros2_ws/src/install/turtlebot3_gazebo/share/turtlebot3_gazebo//models/panoframe/materials/textures/scene.jpg
[4.878s] -- Up-to-date: /uolstore/home/users/sc23oy/ros2_ws/src/install/turtlebot3_gazebo/share/turtlebot3_gazebo//models/panoframe/model.config
[4.878s] -- Up-to-date: /uolstore/home/users/sc23oy/ros2_ws/src/install/turtlebot3_gazebo/share/turtlebot3_gazebo//models/panoframe/model.sdf
[4.879s] -- Up-to-date: /uolstore/home/users/sc23oy/ros2_ws/src/install/turtlebot3_gazebo/share/turtlebot3_gazebo//models/panorama
[4.880s] -- Up-to-date: /uolstore/home/users/sc23oy/ros2_ws/src/install/turtlebot3_gazebo/share/turtlebot3_gazebo//models/panorama/materials
[4.882s] -- Up-to-date: /uolstore/home/users/sc23oy/ros2_ws/src/install/turtlebot3_gazebo/share/turtlebot3_gazebo//models/panorama/materials/scripts
[4.883s] -- Up-to-date: /uolstore/home/users/sc23oy/ros2_ws/src/install/turtlebot3_gazebo/share/turtlebot3_gazebo//models/panorama/materials/scripts/repeated.material
[4.884s] -- Up-to-date: /uolstore/home/users/sc23oy/ros2_ws/src/install/turtlebot3_gazebo/share/turtlebot3_gazebo//models/panorama/materials/textures
[4.885s] -- Up-to-date: /uolstore/home/users/sc23oy/ros2_ws/src/install/turtlebot3_gazebo/share/turtlebot3_gazebo//models/panorama/materials/textures/2.jpg
[4.886s] -- Up-to-date: /uolstore/home/users/sc23oy/ros2_ws/src/install/turtlebot3_gazebo/share/turtlebot3_gazebo//models/panorama/materials/textures/scene.jpg
[4.887s] -- Up-to-date: /uolstore/home/users/sc23oy/ros2_ws/src/install/turtlebot3_gazebo/share/turtlebot3_gazebo//models/panorama/materials/textures/scene_old.jpg
[4.887s] -- Up-to-date: /uolstore/home/users/sc23oy/ros2_ws/src/install/turtlebot3_gazebo/share/turtlebot3_gazebo//models/panorama/model.config
[4.888s] -- Up-to-date: /uolstore/home/users/sc23oy/ros2_ws/src/install/turtlebot3_gazebo/share/turtlebot3_gazebo//models/panorama/model.sdf
[4.889s] -- Up-to-date: /uolstore/home/users/sc23oy/ros2_ws/src/install/turtlebot3_gazebo/share/turtlebot3_gazebo//models/poster
[4.890s] -- Up-to-date: /uolstore/home/users/sc23oy/ros2_ws/src/install/turtlebot3_gazebo/share/turtlebot3_gazebo//models/poster/materials
[4.892s] -- Up-to-date: /uolstore/home/users/sc23oy/ros2_ws/src/install/turtlebot3_gazebo/share/turtlebot3_gazebo//models/poster/materials/scripts
[4.893s] -- Up-to-date: /uolstore/home/users/sc23oy/ros2_ws/src/install/turtlebot3_gazebo/share/turtlebot3_gazebo//models/poster/materials/scripts/repeated.material
[4.894s] -- Up-to-date: /uolstore/home/users/sc23oy/ros2_ws/src/install/turtlebot3_gazebo/share/turtlebot3_gazebo//models/poster/materials/textures
[4.895s] -- Up-to-date: /uolstore/home/users/sc23oy/ros2_ws/src/install/turtlebot3_gazebo/share/turtlebot3_gazebo//models/poster/materials/textures/poster.png
[4.896s] -- Up-to-date: /uolstore/home/users/sc23oy/ros2_ws/src/install/turtlebot3_gazebo/share/turtlebot3_gazebo//models/poster/model.config
[4.897s] -- Up-to-date: /uolstore/home/users/sc23oy/ros2_ws/src/install/turtlebot3_gazebo/share/turtlebot3_gazebo//models/poster/model.sdf
[4.898s] -- Up-to-date: /uolstore/home/users/sc23oy/ros2_ws/src/install/turtlebot3_gazebo/share/turtlebot3_gazebo//models/red_image
[4.900s] -- Up-to-date: /uolstore/home/users/sc23oy/ros2_ws/src/install/turtlebot3_gazebo/share/turtlebot3_gazebo//models/red_image/materials
[4.900s] -- Up-to-date: /uolstore/home/users/sc23oy/ros2_ws/src/install/turtlebot3_gazebo/share/turtlebot3_gazebo//models/red_image/materials/scripts
[4.902s] -- Up-to-date: /uolstore/home/users/sc23oy/ros2_ws/src/install/turtlebot3_gazebo/share/turtlebot3_gazebo//models/red_image/materials/scripts/red_image.material
[4.902s] -- Up-to-date: /uolstore/home/users/sc23oy/ros2_ws/src/install/turtlebot3_gazebo/share/turtlebot3_gazebo//models/red_image/materials/textures
[4.904s] -- Up-to-date: /uolstore/home/users/sc23oy/ros2_ws/src/install/turtlebot3_gazebo/share/turtlebot3_gazebo//models/red_image/materials/textures/red_image.jpg
[4.905s] -- Up-to-date: /uolstore/home/users/sc23oy/ros2_ws/src/install/turtlebot3_gazebo/share/turtlebot3_gazebo//models/red_image/model.config
[4.906s] -- Up-to-date: /uolstore/home/users/sc23oy/ros2_ws/src/install/turtlebot3_gazebo/share/turtlebot3_gazebo//models/red_image/model.sdf
[4.907s] -- Up-to-date: /uolstore/home/users/sc23oy/ros2_ws/src/install/turtlebot3_gazebo/share/turtlebot3_gazebo//models/red_image/red_image
[4.909s] -- Up-to-date: /uolstore/home/users/sc23oy/ros2_ws/src/install/turtlebot3_gazebo/share/turtlebot3_gazebo//models/red_image/red_image/materials
[4.910s] -- Up-to-date: /uolstore/home/users/sc23oy/ros2_ws/src/install/turtlebot3_gazebo/share/turtlebot3_gazebo//models/red_image/red_image/materials/scripts
[4.912s] -- Up-to-date: /uolstore/home/users/sc23oy/ros2_ws/src/install/turtlebot3_gazebo/share/turtlebot3_gazebo//models/red_image/red_image/materials/scripts/red_image.material
[4.912s] -- Up-to-date: /uolstore/home/users/sc23oy/ros2_ws/src/install/turtlebot3_gazebo/share/turtlebot3_gazebo//models/red_image/red_image/materials/textures
[4.914s] -- Up-to-date: /uolstore/home/users/sc23oy/ros2_ws/src/install/turtlebot3_gazebo/share/turtlebot3_gazebo//models/red_image/red_image/materials/textures/red_image.jpg
[4.915s] -- Up-to-date: /uolstore/home/users/sc23oy/ros2_ws/src/install/turtlebot3_gazebo/share/turtlebot3_gazebo//models/red_image/red_image/model.config
[4.916s] -- Up-to-date: /uolstore/home/users/sc23oy/ros2_ws/src/install/turtlebot3_gazebo/share/turtlebot3_gazebo//models/red_image/red_image/model.sdf
[4.917s] -- Up-to-date: /uolstore/home/users/sc23oy/ros2_ws/src/install/turtlebot3_gazebo/share/turtlebot3_gazebo//models/space_box_3x1x3
[4.918s] -- Up-to-date: /uolstore/home/users/sc23oy/ros2_ws/src/install/turtlebot3_gazebo/share/turtlebot3_gazebo//models/space_box_3x1x3/materials
[4.920s] -- Up-to-date: /uolstore/home/users/sc23oy/ros2_ws/src/install/turtlebot3_gazebo/share/turtlebot3_gazebo//models/space_box_3x1x3/materials/scripts
[4.921s] -- Up-to-date: /uolstore/home/users/sc23oy/ros2_ws/src/install/turtlebot3_gazebo/share/turtlebot3_gazebo//models/space_box_3x1x3/materials/scripts/brick_box.material
[4.922s] -- Up-to-date: /uolstore/home/users/sc23oy/ros2_ws/src/install/turtlebot3_gazebo/share/turtlebot3_gazebo//models/space_box_3x1x3/materials/scripts/space_box.material
[4.923s] -- Up-to-date: /uolstore/home/users/sc23oy/ros2_ws/src/install/turtlebot3_gazebo/share/turtlebot3_gazebo//models/space_box_3x1x3/materials/textures
[4.931s] -- Up-to-date: /uolstore/home/users/sc23oy/ros2_ws/src/install/turtlebot3_gazebo/share/turtlebot3_gazebo//models/space_box_3x1x3/materials/textures/Untitled.jpg
[4.931s] -- Up-to-date: /uolstore/home/users/sc23oy/ros2_ws/src/install/turtlebot3_gazebo/share/turtlebot3_gazebo//models/space_box_3x1x3/materials/textures/simple_box.jpg
[4.932s] -- Up-to-date: /uolstore/home/users/sc23oy/ros2_ws/src/install/turtlebot3_gazebo/share/turtlebot3_gazebo//models/space_box_3x1x3/materials/textures/simple_box.png
[4.932s] -- Up-to-date: /uolstore/home/users/sc23oy/ros2_ws/src/install/turtlebot3_gazebo/share/turtlebot3_gazebo//models/space_box_3x1x3/materials/textures/simple_box.png.old
[4.932s] -- Up-to-date: /uolstore/home/users/sc23oy/ros2_ws/src/install/turtlebot3_gazebo/share/turtlebot3_gazebo//models/space_box_3x1x3/materials/textures/simple_box1.png
[4.932s] -- Up-to-date: /uolstore/home/users/sc23oy/ros2_ws/src/install/turtlebot3_gazebo/share/turtlebot3_gazebo//models/space_box_3x1x3/materials/textures/simple_box2.png
[4.932s] -- Up-to-date: /uolstore/home/users/sc23oy/ros2_ws/src/install/turtlebot3_gazebo/share/turtlebot3_gazebo//models/space_box_3x1x3/materials/textures/spacecraftwall.jpeg
[4.933s] -- Up-to-date: /uolstore/home/users/sc23oy/ros2_ws/src/install/turtlebot3_gazebo/share/turtlebot3_gazebo//models/space_box_3x1x3/materials/textures/texture.jpg
[4.933s] -- Up-to-date: /uolstore/home/users/sc23oy/ros2_ws/src/install/turtlebot3_gazebo/share/turtlebot3_gazebo//models/space_box_3x1x3/meshes
[4.935s] -- Up-to-date: /uolstore/home/users/sc23oy/ros2_ws/src/install/turtlebot3_gazebo/share/turtlebot3_gazebo//models/space_box_3x1x3/meshes/simple_box.dae
[4.936s] -- Up-to-date: /uolstore/home/users/sc23oy/ros2_ws/src/install/turtlebot3_gazebo/share/turtlebot3_gazebo//models/space_box_3x1x3/model-1_3.sdf
[4.937s] -- Up-to-date: /uolstore/home/users/sc23oy/ros2_ws/src/install/turtlebot3_gazebo/share/turtlebot3_gazebo//models/space_box_3x1x3/model-1_4.sdf
[4.937s] -- Up-to-date: /uolstore/home/users/sc23oy/ros2_ws/src/install/turtlebot3_gazebo/share/turtlebot3_gazebo//models/space_box_3x1x3/model.config
[4.938s] -- Up-to-date: /uolstore/home/users/sc23oy/ros2_ws/src/install/turtlebot3_gazebo/share/turtlebot3_gazebo//models/space_box_3x1x3/model.sdf
[4.939s] -- Up-to-date: /uolstore/home/users/sc23oy/ros2_ws/src/install/turtlebot3_gazebo/share/turtlebot3_gazebo//models/turtlebot3_burger
[4.940s] -- Up-to-date: /uolstore/home/users/sc23oy/ros2_ws/src/install/turtlebot3_gazebo/share/turtlebot3_gazebo//models/turtlebot3_burger/meshes
[4.942s] -- Up-to-date: /uolstore/home/users/sc23oy/ros2_ws/src/install/turtlebot3_gazebo/share/turtlebot3_gazebo//models/turtlebot3_burger/meshes/bases
[4.943s] -- Up-to-date: /uolstore/home/users/sc23oy/ros2_ws/src/install/turtlebot3_gazebo/share/turtlebot3_gazebo//models/turtlebot3_burger/meshes/bases/burger_base.stl
[4.944s] -- Up-to-date: /uolstore/home/users/sc23oy/ros2_ws/src/install/turtlebot3_gazebo/share/turtlebot3_gazebo//models/turtlebot3_burger/meshes/bases/waffle_base.stl
[4.945s] -- Up-to-date: /uolstore/home/users/sc23oy/ros2_ws/src/install/turtlebot3_gazebo/share/turtlebot3_gazebo//models/turtlebot3_burger/meshes/bases/waffle_base_for_open_manipulator.stl
[4.945s] -- Up-to-date: /uolstore/home/users/sc23oy/ros2_ws/src/install/turtlebot3_gazebo/share/turtlebot3_gazebo//models/turtlebot3_burger/meshes/bases/waffle_pi_base.stl
[4.946s] -- Up-to-date: /uolstore/home/users/sc23oy/ros2_ws/src/install/turtlebot3_gazebo/share/turtlebot3_gazebo//models/turtlebot3_burger/meshes/bases/waffle_pi_base_for_open_manipulator.stl
[4.947s] -- Up-to-date: /uolstore/home/users/sc23oy/ros2_ws/src/install/turtlebot3_gazebo/share/turtlebot3_gazebo//models/turtlebot3_burger/meshes/burger_base.dae
[4.948s] -- Up-to-date: /uolstore/home/users/sc23oy/ros2_ws/src/install/turtlebot3_gazebo/share/turtlebot3_gazebo//models/turtlebot3_burger/meshes/lds.dae
[4.949s] -- Up-to-date: /uolstore/home/users/sc23oy/ros2_ws/src/install/turtlebot3_gazebo/share/turtlebot3_gazebo//models/turtlebot3_burger/meshes/sensors
[4.951s] -- Up-to-date: /uolstore/home/users/sc23oy/ros2_ws/src/install/turtlebot3_gazebo/share/turtlebot3_gazebo//models/turtlebot3_burger/meshes/sensors/astra.dae
[4.952s] -- Up-to-date: /uolstore/home/users/sc23oy/ros2_ws/src/install/turtlebot3_gazebo/share/turtlebot3_gazebo//models/turtlebot3_burger/meshes/sensors/astra.jpg
[4.953s] -- Up-to-date: /uolstore/home/users/sc23oy/ros2_ws/src/install/turtlebot3_gazebo/share/turtlebot3_gazebo//models/turtlebot3_burger/meshes/sensors/lds.stl
[4.954s] -- Up-to-date: /uolstore/home/users/sc23oy/ros2_ws/src/install/turtlebot3_gazebo/share/turtlebot3_gazebo//models/turtlebot3_burger/meshes/sensors/r200.dae
[4.954s] -- Up-to-date: /uolstore/home/users/sc23oy/ros2_ws/src/install/turtlebot3_gazebo/share/turtlebot3_gazebo//models/turtlebot3_burger/meshes/sensors/r200.jpg
[4.955s] -- Up-to-date: /uolstore/home/users/sc23oy/ros2_ws/src/install/turtlebot3_gazebo/share/turtlebot3_gazebo//models/turtlebot3_burger/meshes/tire.dae
[4.956s] -- Up-to-date: /uolstore/home/users/sc23oy/ros2_ws/src/install/turtlebot3_gazebo/share/turtlebot3_gazebo//models/turtlebot3_burger/meshes/wheels
[4.958s] -- Up-to-date: /uolstore/home/users/sc23oy/ros2_ws/src/install/turtlebot3_gazebo/share/turtlebot3_gazebo//models/turtlebot3_burger/meshes/wheels/left_tire.stl
[4.958s] -- Up-to-date: /uolstore/home/users/sc23oy/ros2_ws/src/install/turtlebot3_gazebo/share/turtlebot3_gazebo//models/turtlebot3_burger/meshes/wheels/right_tire.stl
[4.959s] -- Up-to-date: /uolstore/home/users/sc23oy/ros2_ws/src/install/turtlebot3_gazebo/share/turtlebot3_gazebo//models/turtlebot3_burger/model-1_4.sdf
[4.960s] -- Up-to-date: /uolstore/home/users/sc23oy/ros2_ws/src/install/turtlebot3_gazebo/share/turtlebot3_gazebo//models/turtlebot3_burger/model.config
[4.961s] -- Up-to-date: /uolstore/home/users/sc23oy/ros2_ws/src/install/turtlebot3_gazebo/share/turtlebot3_gazebo//models/turtlebot3_burger/model.sdf
[4.962s] -- Up-to-date: /uolstore/home/users/sc23oy/ros2_ws/src/install/turtlebot3_gazebo/share/turtlebot3_gazebo//models/turtlebot3_common
[4.963s] -- Up-to-date: /uolstore/home/users/sc23oy/ros2_ws/src/install/turtlebot3_gazebo/share/turtlebot3_gazebo//models/turtlebot3_common/meshes
[4.965s] -- Up-to-date: /uolstore/home/users/sc23oy/ros2_ws/src/install/turtlebot3_gazebo/share/turtlebot3_gazebo//models/turtlebot3_common/meshes/burger_base.dae
[4.966s] -- Up-to-date: /uolstore/home/users/sc23oy/ros2_ws/src/install/turtlebot3_gazebo/share/turtlebot3_gazebo//models/turtlebot3_common/meshes/lds.dae
[4.967s] -- Up-to-date: /uolstore/home/users/sc23oy/ros2_ws/src/install/turtlebot3_gazebo/share/turtlebot3_gazebo//models/turtlebot3_common/meshes/r200.dae
[4.967s] -- Up-to-date: /uolstore/home/users/sc23oy/ros2_ws/src/install/turtlebot3_gazebo/share/turtlebot3_gazebo//models/turtlebot3_common/meshes/tire.dae
[4.968s] -- Up-to-date: /uolstore/home/users/sc23oy/ros2_ws/src/install/turtlebot3_gazebo/share/turtlebot3_gazebo//models/turtlebot3_common/meshes/waffle_base.dae
[4.969s] -- Up-to-date: /uolstore/home/users/sc23oy/ros2_ws/src/install/turtlebot3_gazebo/share/turtlebot3_gazebo//models/turtlebot3_common/meshes/waffle_pi_base.dae
[4.970s] -- Up-to-date: /uolstore/home/users/sc23oy/ros2_ws/src/install/turtlebot3_gazebo/share/turtlebot3_gazebo//models/turtlebot3_common/model.config
[4.971s] -- Up-to-date: /uolstore/home/users/sc23oy/ros2_ws/src/install/turtlebot3_gazebo/share/turtlebot3_gazebo//models/turtlebot3_dqn_world
[4.972s] -- Up-to-date: /uolstore/home/users/sc23oy/ros2_ws/src/install/turtlebot3_gazebo/share/turtlebot3_gazebo//models/turtlebot3_dqn_world/goal_box
[4.973s] -- Up-to-date: /uolstore/home/users/sc23oy/ros2_ws/src/install/turtlebot3_gazebo/share/turtlebot3_gazebo//models/turtlebot3_dqn_world/goal_box/model.config
[4.974s] -- Up-to-date: /uolstore/home/users/sc23oy/ros2_ws/src/install/turtlebot3_gazebo/share/turtlebot3_gazebo//models/turtlebot3_dqn_world/goal_box/model.sdf
[4.975s] -- Up-to-date: /uolstore/home/users/sc23oy/ros2_ws/src/install/turtlebot3_gazebo/share/turtlebot3_gazebo//models/turtlebot3_dqn_world/inner_walls
[4.976s] -- Up-to-date: /uolstore/home/users/sc23oy/ros2_ws/src/install/turtlebot3_gazebo/share/turtlebot3_gazebo//models/turtlebot3_dqn_world/inner_walls/model.config
[4.977s] -- Up-to-date: /uolstore/home/users/sc23oy/ros2_ws/src/install/turtlebot3_gazebo/share/turtlebot3_gazebo//models/turtlebot3_dqn_world/inner_walls/model.sdf
[4.978s] -- Up-to-date: /uolstore/home/users/sc23oy/ros2_ws/src/install/turtlebot3_gazebo/share/turtlebot3_gazebo//models/turtlebot3_dqn_world/model.config
[4.979s] -- Up-to-date: /uolstore/home/users/sc23oy/ros2_ws/src/install/turtlebot3_gazebo/share/turtlebot3_gazebo//models/turtlebot3_dqn_world/model.sdf
[4.980s] -- Up-to-date: /uolstore/home/users/sc23oy/ros2_ws/src/install/turtlebot3_gazebo/share/turtlebot3_gazebo//models/turtlebot3_dqn_world/obstacle1
[4.981s] -- Up-to-date: /uolstore/home/users/sc23oy/ros2_ws/src/install/turtlebot3_gazebo/share/turtlebot3_gazebo//models/turtlebot3_dqn_world/obstacle1/model.config
[4.982s] -- Up-to-date: /uolstore/home/users/sc23oy/ros2_ws/src/install/turtlebot3_gazebo/share/turtlebot3_gazebo//models/turtlebot3_dqn_world/obstacle1/model.sdf
[4.983s] -- Up-to-date: /uolstore/home/users/sc23oy/ros2_ws/src/install/turtlebot3_gazebo/share/turtlebot3_gazebo//models/turtlebot3_dqn_world/obstacle2
[4.984s] -- Up-to-date: /uolstore/home/users/sc23oy/ros2_ws/src/install/turtlebot3_gazebo/share/turtlebot3_gazebo//models/turtlebot3_dqn_world/obstacle2/model.config
[4.985s] -- Up-to-date: /uolstore/home/users/sc23oy/ros2_ws/src/install/turtlebot3_gazebo/share/turtlebot3_gazebo//models/turtlebot3_dqn_world/obstacle2/model.sdf
[4.985s] -- Up-to-date: /uolstore/home/users/sc23oy/ros2_ws/src/install/turtlebot3_gazebo/share/turtlebot3_gazebo//models/turtlebot3_dqn_world/obstacle_plugin
[4.987s] -- Up-to-date: /uolstore/home/users/sc23oy/ros2_ws/src/install/turtlebot3_gazebo/share/turtlebot3_gazebo//models/turtlebot3_dqn_world/obstacle_plugin/CMakeLists.txt
[4.987s] -- Up-to-date: /uolstore/home/users/sc23oy/ros2_ws/src/install/turtlebot3_gazebo/share/turtlebot3_gazebo//models/turtlebot3_dqn_world/obstacle_plugin/obstacle1.cc
[4.988s] -- Up-to-date: /uolstore/home/users/sc23oy/ros2_ws/src/install/turtlebot3_gazebo/share/turtlebot3_gazebo//models/turtlebot3_dqn_world/obstacle_plugin/obstacle2.cc
[4.989s] -- Up-to-date: /uolstore/home/users/sc23oy/ros2_ws/src/install/turtlebot3_gazebo/share/turtlebot3_gazebo//models/turtlebot3_dqn_world/obstacle_plugin/obstacles.cc
[4.990s] -- Up-to-date: /uolstore/home/users/sc23oy/ros2_ws/src/install/turtlebot3_gazebo/share/turtlebot3_gazebo//models/turtlebot3_dqn_world/obstacles
[4.991s] -- Up-to-date: /uolstore/home/users/sc23oy/ros2_ws/src/install/turtlebot3_gazebo/share/turtlebot3_gazebo//models/turtlebot3_dqn_world/obstacles/model.config
[4.992s] -- Up-to-date: /uolstore/home/users/sc23oy/ros2_ws/src/install/turtlebot3_gazebo/share/turtlebot3_gazebo//models/turtlebot3_dqn_world/obstacles/model.sdf
[4.993s] -- Up-to-date: /uolstore/home/users/sc23oy/ros2_ws/src/install/turtlebot3_gazebo/share/turtlebot3_gazebo//models/turtlebot3_house
[4.994s] -- Up-to-date: /uolstore/home/users/sc23oy/ros2_ws/src/install/turtlebot3_gazebo/share/turtlebot3_gazebo//models/turtlebot3_house/model.config
[4.996s] -- Up-to-date: /uolstore/home/users/sc23oy/ros2_ws/src/install/turtlebot3_gazebo/share/turtlebot3_gazebo//models/turtlebot3_house/model.sdf
[4.996s] -- Up-to-date: /uolstore/home/users/sc23oy/ros2_ws/src/install/turtlebot3_gazebo/share/turtlebot3_gazebo//models/turtlebot3_waffle
[4.997s] -- Up-to-date: /uolstore/home/users/sc23oy/ros2_ws/src/install/turtlebot3_gazebo/share/turtlebot3_gazebo//models/turtlebot3_waffle/model-1_4.sdf
[4.998s] -- Up-to-date: /uolstore/home/users/sc23oy/ros2_ws/src/install/turtlebot3_gazebo/share/turtlebot3_gazebo//models/turtlebot3_waffle/model.config
[4.999s] -- Up-to-date: /uolstore/home/users/sc23oy/ros2_ws/src/install/turtlebot3_gazebo/share/turtlebot3_gazebo//models/turtlebot3_waffle/model.sdf
[5.000s] -- Up-to-date: /uolstore/home/users/sc23oy/ros2_ws/src/install/turtlebot3_gazebo/share/turtlebot3_gazebo//models/turtlebot3_waffle_pi
[5.001s] -- Up-to-date: /uolstore/home/users/sc23oy/ros2_ws/src/install/turtlebot3_gazebo/share/turtlebot3_gazebo//models/turtlebot3_waffle_pi/model-1_4_.sdf
[5.002s] -- Up-to-date: /uolstore/home/users/sc23oy/ros2_ws/src/install/turtlebot3_gazebo/share/turtlebot3_gazebo//models/turtlebot3_waffle_pi/model.config
[5.003s] -- Up-to-date: /uolstore/home/users/sc23oy/ros2_ws/src/install/turtlebot3_gazebo/share/turtlebot3_gazebo//models/turtlebot3_waffle_pi/model.sdf
[5.004s] -- Up-to-date: /uolstore/home/users/sc23oy/ros2_ws/src/install/turtlebot3_gazebo/share/turtlebot3_gazebo//models/turtlebot3_world
[5.006s] -- Up-to-date: /uolstore/home/users/sc23oy/ros2_ws/src/install/turtlebot3_gazebo/share/turtlebot3_gazebo//models/turtlebot3_world/meshes
[5.007s] -- Up-to-date: /uolstore/home/users/sc23oy/ros2_ws/src/install/turtlebot3_gazebo/share/turtlebot3_gazebo//models/turtlebot3_world/meshes/hexagon.dae
[5.008s] -- Up-to-date: /uolstore/home/users/sc23oy/ros2_ws/src/install/turtlebot3_gazebo/share/turtlebot3_gazebo//models/turtlebot3_world/meshes/wall.dae
[5.009s] -- Up-to-date: /uolstore/home/users/sc23oy/ros2_ws/src/install/turtlebot3_gazebo/share/turtlebot3_gazebo//models/turtlebot3_world/model-1_4.sdf
[5.010s] -- Up-to-date: /uolstore/home/users/sc23oy/ros2_ws/src/install/turtlebot3_gazebo/share/turtlebot3_gazebo//models/turtlebot3_world/model.config
[5.010s] -- Up-to-date: /uolstore/home/users/sc23oy/ros2_ws/src/install/turtlebot3_gazebo/share/turtlebot3_gazebo//models/turtlebot3_world/model.sdf
[5.011s] -- Up-to-date: /uolstore/home/users/sc23oy/ros2_ws/src/install/turtlebot3_gazebo/share/turtlebot3_gazebo//models/window1
[5.012s] -- Up-to-date: /uolstore/home/users/sc23oy/ros2_ws/src/install/turtlebot3_gazebo/share/turtlebot3_gazebo//models/window1/materials
[5.014s] -- Up-to-date: /uolstore/home/users/sc23oy/ros2_ws/src/install/turtlebot3_gazebo/share/turtlebot3_gazebo//models/window1/materials/scripts
[5.015s] -- Up-to-date: /uolstore/home/users/sc23oy/ros2_ws/src/install/turtlebot3_gazebo/share/turtlebot3_gazebo//models/window1/materials/scripts/repeated.material
[5.016s] -- Up-to-date: /uolstore/home/users/sc23oy/ros2_ws/src/install/turtlebot3_gazebo/share/turtlebot3_gazebo//models/window1/materials/textures
[5.017s] -- Up-to-date: /uolstore/home/users/sc23oy/ros2_ws/src/install/turtlebot3_gazebo/share/turtlebot3_gazebo//models/window1/materials/textures/1.jpg
[5.019s] -- Up-to-date: /uolstore/home/users/sc23oy/ros2_ws/src/install/turtlebot3_gazebo/share/turtlebot3_gazebo//models/window1/materials/textures/2.jpg
[5.021s] -- Up-to-date: /uolstore/home/users/sc23oy/ros2_ws/src/install/turtlebot3_gazebo/share/turtlebot3_gazebo//models/window1/materials/textures/3.jpg
[5.021s] -- Up-to-date: /uolstore/home/users/sc23oy/ros2_ws/src/install/turtlebot3_gazebo/share/turtlebot3_gazebo//models/window1/model.config
[5.021s] -- Up-to-date: /uolstore/home/users/sc23oy/ros2_ws/src/install/turtlebot3_gazebo/share/turtlebot3_gazebo//models/window1/model.sdf
[5.022s] -- Up-to-date: /uolstore/home/users/sc23oy/ros2_ws/src/install/turtlebot3_gazebo/share/turtlebot3_gazebo//models/window2
[5.023s] -- Up-to-date: /uolstore/home/users/sc23oy/ros2_ws/src/install/turtlebot3_gazebo/share/turtlebot3_gazebo//models/window2/materials
[5.024s] -- Up-to-date: /uolstore/home/users/sc23oy/ros2_ws/src/install/turtlebot3_gazebo/share/turtlebot3_gazebo//models/window2/materials/scripts
[5.025s] -- Up-to-date: /uolstore/home/users/sc23oy/ros2_ws/src/install/turtlebot3_gazebo/share/turtlebot3_gazebo//models/window2/materials/scripts/repeated.material
[5.026s] -- Up-to-date: /uolstore/home/users/sc23oy/ros2_ws/src/install/turtlebot3_gazebo/share/turtlebot3_gazebo//models/window2/materials/textures
[5.027s] -- Up-to-date: /uolstore/home/users/sc23oy/ros2_ws/src/install/turtlebot3_gazebo/share/turtlebot3_gazebo//models/window2/materials/textures/1.jpg
[5.028s] -- Up-to-date: /uolstore/home/users/sc23oy/ros2_ws/src/install/turtlebot3_gazebo/share/turtlebot3_gazebo//models/window2/materials/textures/2.jpg
[5.029s] -- Up-to-date: /uolstore/home/users/sc23oy/ros2_ws/src/install/turtlebot3_gazebo/share/turtlebot3_gazebo//models/window2/materials/textures/3.jpg
[5.030s] -- Up-to-date: /uolstore/home/users/sc23oy/ros2_ws/src/install/turtlebot3_gazebo/share/turtlebot3_gazebo//models/window2/model.config
[5.030s] -- Up-to-date: /uolstore/home/users/sc23oy/ros2_ws/src/install/turtlebot3_gazebo/share/turtlebot3_gazebo//models/window2/model.sdf
[5.031s] -- Up-to-date: /uolstore/home/users/sc23oy/ros2_ws/src/install/turtlebot3_gazebo/share/turtlebot3_gazebo//models/window3
[5.033s] -- Up-to-date: /uolstore/home/users/sc23oy/ros2_ws/src/install/turtlebot3_gazebo/share/turtlebot3_gazebo//models/window3/materials
[5.034s] -- Up-to-date: /uolstore/home/users/sc23oy/ros2_ws/src/install/turtlebot3_gazebo/share/turtlebot3_gazebo//models/window3/materials/scripts
[5.035s] -- Up-to-date: /uolstore/home/users/sc23oy/ros2_ws/src/install/turtlebot3_gazebo/share/turtlebot3_gazebo//models/window3/materials/scripts/repeated.material
[5.036s] -- Up-to-date: /uolstore/home/users/sc23oy/ros2_ws/src/install/turtlebot3_gazebo/share/turtlebot3_gazebo//models/window3/materials/textures
[5.037s] -- Up-to-date: /uolstore/home/users/sc23oy/ros2_ws/src/install/turtlebot3_gazebo/share/turtlebot3_gazebo//models/window3/materials/textures/1.jpg
[5.038s] -- Up-to-date: /uolstore/home/users/sc23oy/ros2_ws/src/install/turtlebot3_gazebo/share/turtlebot3_gazebo//models/window3/materials/textures/2.jpg
[5.039s] -- Up-to-date: /uolstore/home/users/sc23oy/ros2_ws/src/install/turtlebot3_gazebo/share/turtlebot3_gazebo//models/window3/materials/textures/3.jpg
[5.039s] -- Up-to-date: /uolstore/home/users/sc23oy/ros2_ws/src/install/turtlebot3_gazebo/share/turtlebot3_gazebo//models/window3/model.config
[5.040s] -- Up-to-date: /uolstore/home/users/sc23oy/ros2_ws/src/install/turtlebot3_gazebo/share/turtlebot3_gazebo//models/window3/model.sdf
[5.041s] -- Up-to-date: /uolstore/home/users/sc23oy/ros2_ws/src/install/turtlebot3_gazebo/share/turtlebot3_gazebo//models/box_blue
[5.042s] -- Up-to-date: /uolstore/home/users/sc23oy/ros2_ws/src/install/turtlebot3_gazebo/share/turtlebot3_gazebo//models/box_blue/model.config
[5.043s] -- Up-to-date: /uolstore/home/users/sc23oy/ros2_ws/src/install/turtlebot3_gazebo/share/turtlebot3_gazebo//models/box_blue/model.sdf
[5.044s] -- Up-to-date: /uolstore/home/users/sc23oy/ros2_ws/src/install/turtlebot3_gazebo/share/turtlebot3_gazebo//models/box_green
[5.046s] -- Up-to-date: /uolstore/home/users/sc23oy/ros2_ws/src/install/turtlebot3_gazebo/share/turtlebot3_gazebo//models/box_green/model.config
[5.046s] -- Up-to-date: /uolstore/home/users/sc23oy/ros2_ws/src/install/turtlebot3_gazebo/share/turtlebot3_gazebo//models/box_green/model.sdf
[5.047s] -- Up-to-date: /uolstore/home/users/sc23oy/ros2_ws/src/install/turtlebot3_gazebo/share/turtlebot3_gazebo//models/box_red
[5.048s] -- Up-to-date: /uolstore/home/users/sc23oy/ros2_ws/src/install/turtlebot3_gazebo/share/turtlebot3_gazebo//models/box_red/model.config
[5.049s] -- Up-to-date: /uolstore/home/users/sc23oy/ros2_ws/src/install/turtlebot3_gazebo/share/turtlebot3_gazebo//models/box_red/model.sdf
[5.050s] -- Up-to-date: /uolstore/home/users/sc23oy/ros2_ws/src/install/turtlebot3_gazebo/share/turtlebot3_gazebo//models/first_2015_trash_can
[5.051s] -- Up-to-date: /uolstore/home/users/sc23oy/ros2_ws/src/install/turtlebot3_gazebo/share/turtlebot3_gazebo//models/first_2015_trash_can/meshes
[5.053s] -- Up-to-date: /uolstore/home/users/sc23oy/ros2_ws/src/install/turtlebot3_gazebo/share/turtlebot3_gazebo//models/first_2015_trash_can/meshes/trash_can.dae
[5.053s] -- Up-to-date: /uolstore/home/users/sc23oy/ros2_ws/src/install/turtlebot3_gazebo/share/turtlebot3_gazebo//models/first_2015_trash_can/model.config
[5.054s] -- Up-to-date: /uolstore/home/users/sc23oy/ros2_ws/src/install/turtlebot3_gazebo/share/turtlebot3_gazebo//models/first_2015_trash_can/model.sdf
[5.055s] -- Up-to-date: /uolstore/home/users/sc23oy/ros2_ws/src/install/turtlebot3_gazebo/share/turtlebot3_gazebo//rviz
[5.057s] -- Up-to-date: /uolstore/home/users/sc23oy/ros2_ws/src/install/turtlebot3_gazebo/share/turtlebot3_gazebo//rviz/tb3_gazebo.rviz
[5.058s] -- Up-to-date: /uolstore/home/users/sc23oy/ros2_ws/src/install/turtlebot3_gazebo/share/turtlebot3_gazebo//urdf
[5.059s] -- Up-to-date: /uolstore/home/users/sc23oy/ros2_ws/src/install/turtlebot3_gazebo/share/turtlebot3_gazebo//urdf/common_properties.urdf
[5.060s] -- Up-to-date: /uolstore/home/users/sc23oy/ros2_ws/src/install/turtlebot3_gazebo/share/turtlebot3_gazebo//urdf/turtlebot3_burger.urdf
[5.061s] -- Up-to-date: /uolstore/home/users/sc23oy/ros2_ws/src/install/turtlebot3_gazebo/share/turtlebot3_gazebo//urdf/turtlebot3_waffle.urdf
[5.062s] -- Up-to-date: /uolstore/home/users/sc23oy/ros2_ws/src/install/turtlebot3_gazebo/share/turtlebot3_gazebo//urdf/turtlebot3_waffle_pi.urdf
[5.063s] -- Up-to-date: /uolstore/home/users/sc23oy/ros2_ws/src/install/turtlebot3_gazebo/share/turtlebot3_gazebo//worlds
[5.064s] -- Up-to-date: /uolstore/home/users/sc23oy/ros2_ws/src/install/turtlebot3_gazebo/share/turtlebot3_gazebo//worlds/empty_world.world
[5.065s] -- Up-to-date: /uolstore/home/users/sc23oy/ros2_ws/src/install/turtlebot3_gazebo/share/turtlebot3_gazebo//worlds/rgb.world
[5.066s] -- Up-to-date: /uolstore/home/users/sc23oy/ros2_ws/src/install/turtlebot3_gazebo/share/turtlebot3_gazebo//worlds/turtlebot3_dqn_stage1.world
[5.066s] -- Up-to-date: /uolstore/home/users/sc23oy/ros2_ws/src/install/turtlebot3_gazebo/share/turtlebot3_gazebo//worlds/turtlebot3_dqn_stage2.world
[5.067s] -- Up-to-date: /uolstore/home/users/sc23oy/ros2_ws/src/install/turtlebot3_gazebo/share/turtlebot3_gazebo//worlds/turtlebot3_dqn_stage3.world
[5.068s] -- Up-to-date: /uolstore/home/users/sc23oy/ros2_ws/src/install/turtlebot3_gazebo/share/turtlebot3_gazebo//worlds/turtlebot3_dqn_stage4.world
[5.069s] -- Up-to-date: /uolstore/home/users/sc23oy/ros2_ws/src/install/turtlebot3_gazebo/share/turtlebot3_gazebo//worlds/turtlebot3_house.world
[5.070s] -- Up-to-date: /uolstore/home/users/sc23oy/ros2_ws/src/install/turtlebot3_gazebo/share/turtlebot3_gazebo//worlds/turtlebot3_panorama
[5.071s] -- Up-to-date: /uolstore/home/users/sc23oy/ros2_ws/src/install/turtlebot3_gazebo/share/turtlebot3_gazebo//worlds/turtlebot3_panorama/turtlebot3_panorama.world
[5.072s] -- Up-to-date: /uolstore/home/users/sc23oy/ros2_ws/src/install/turtlebot3_gazebo/share/turtlebot3_gazebo//worlds/turtlebot3_space
[5.073s] -- Up-to-date: /uolstore/home/users/sc23oy/ros2_ws/src/install/turtlebot3_gazebo/share/turtlebot3_gazebo//worlds/turtlebot3_space/turtlebot3_space.world
[5.074s] -- Up-to-date: /uolstore/home/users/sc23oy/ros2_ws/src/install/turtlebot3_gazebo/share/turtlebot3_gazebo//worlds/turtlebot3_world.world
[5.074s] -- Up-to-date: /uolstore/home/users/sc23oy/ros2_ws/src/install/turtlebot3_gazebo/share/turtlebot3_gazebo//worlds/task_world_2026.world
[5.075s] -- Up-to-date: /uolstore/home/users/sc23oy/ros2_ws/src/install/turtlebot3_gazebo/include/
[5.076s] -- Up-to-date: /uolstore/home/users/sc23oy/ros2_ws/src/install/turtlebot3_gazebo/include//turtlebot3_gazebo
[5.077s] -- Up-to-date: /uolstore/home/users/sc23oy/ros2_ws/src/install/turtlebot3_gazebo/include//turtlebot3_gazebo/turtlebot3_drive.hpp
[5.079s] -- Up-to-date: /uolstore/home/users/sc23oy/ros2_ws/src/install/turtlebot3_gazebo/share/ament_index/resource_index/package_run_dependencies/turtlebot3_gazebo
[5.079s] -- Up-to-date: /uolstore/home/users/sc23oy/ros2_ws/src/install/turtlebot3_gazebo/share/ament_index/resource_index/parent_prefix_path/turtlebot3_gazebo
[5.080s] -- Up-to-date: /uolstore/home/users/sc23oy/ros2_ws/src/install/turtlebot3_gazebo/share/turtlebot3_gazebo/environment/ament_prefix_path.sh
[5.081s] -- Up-to-date: /uolstore/home/users/sc23oy/ros2_ws/src/install/turtlebot3_gazebo/share/turtlebot3_gazebo/environment/ament_prefix_path.dsv
[5.082s] -- Up-to-date: /uolstore/home/users/sc23oy/ros2_ws/src/install/turtlebot3_gazebo/share/turtlebot3_gazebo/environment/path.sh
[5.083s] -- Up-to-date: /uolstore/home/users/sc23oy/ros2_ws/src/install/turtlebot3_gazebo/share/turtlebot3_gazebo/environment/path.dsv
[5.084s] -- Up-to-date: /uolstore/home/users/sc23oy/ros2_ws/src/install/turtlebot3_gazebo/share/turtlebot3_gazebo/local_setup.bash
[5.085s] -- Up-to-date: /uolstore/home/users/sc23oy/ros2_ws/src/install/turtlebot3_gazebo/share/turtlebot3_gazebo/local_setup.sh
[5.085s] -- Up-to-date: /uolstore/home/users/sc23oy/ros2_ws/src/install/turtlebot3_gazebo/share/turtlebot3_gazebo/local_setup.zsh
[5.086s] -- Up-to-date: /uolstore/home/users/sc23oy/ros2_ws/src/install/turtlebot3_gazebo/share/turtlebot3_gazebo/local_setup.dsv
[5.087s] -- Installing: /uolstore/home/users/sc23oy/ros2_ws/src/install/turtlebot3_gazebo/share/turtlebot3_gazebo/package.dsv
[5.094s] -- Up-to-date: /uolstore/home/users/sc23oy/ros2_ws/src/install/turtlebot3_gazebo/share/ament_index/resource_index/packages/turtlebot3_gazebo
[5.095s] -- Up-to-date: /uolstore/home/users/sc23oy/ros2_ws/src/install/turtlebot3_gazebo/share/turtlebot3_gazebo/cmake/ament_cmake_export_include_directories-extras.cmake
[5.096s] -- Up-to-date: /uolstore/home/users/sc23oy/ros2_ws/src/install/turtlebot3_gazebo/share/turtlebot3_gazebo/cmake/ament_cmake_export_dependencies-extras.cmake
[5.096s] -- Up-to-date: /uolstore/home/users/sc23oy/ros2_ws/src/install/turtlebot3_gazebo/share/turtlebot3_gazebo/cmake/turtlebot3_gazeboConfig.cmake
[5.097s] -- Up-to-date: /uolstore/home/users/sc23oy/ros2_ws/src/install/turtlebot3_gazebo/share/turtlebot3_gazebo/cmake/turtlebot3_gazeboConfig-version.cmake
[5.098s] -- Up-to-date: /uolstore/home/users/sc23oy/ros2_ws/src/install/turtlebot3_gazebo/share/turtlebot3_gazebo/package.xml
[5.152s] Invoked command in '/uolstore/home/users/sc23oy/ros2_ws/src/build/turtlebot3_gazebo' returned '0': CMAKE_PREFIX_PATH=${CMAKE_PREFIX_PATH}:/opt/ros/humble /usr/bin/cmake --install /uolstore/home/users/sc23oy/ros2_ws/src/build/turtlebot3_gazebo
