running egg_info
writing ../build/ros2_project_sc23oy/ros2_project_sc23oy.egg-info/PKG-INFO
writing dependency_links to ../build/ros2_project_sc23oy/ros2_project_sc23oy.egg-info/dependency_links.txt
writing entry points to ../build/ros2_project_sc23oy/ros2_project_sc23oy.egg-info/entry_points.txt
writing requirements to ../build/ros2_project_sc23oy/ros2_project_sc23oy.egg-info/requires.txt
writing top-level names to ../build/ros2_project_sc23oy/ros2_project_sc23oy.egg-info/top_level.txt
reading manifest file '../build/ros2_project_sc23oy/ros2_project_sc23oy.egg-info/SOURCES.txt'
writing manifest file '../build/ros2_project_sc23oy/ros2_project_sc23oy.egg-info/SOURCES.txt'
running build
running build_py
running install
running install_lib
running install_data
running install_egg_info
removing '/uolstore/home/users/sc23oy/ros2_ws/src/install/ros2_project_sc23oy/lib/python3.10/site-packages/ros2_project_sc23oy-0.0.0-py3.10.egg-info' (and everything under it)
Copying ../build/ros2_project_sc23oy/ros2_project_sc23oy.egg-info to /uolstore/home/users/sc23oy/ros2_ws/src/install/ros2_project_sc23oy/lib/python3.10/site-packages/ros2_project_sc23oy-0.0.0-py3.10.egg-info
running install_scripts
Installing first_step script to /uolstore/home/users/sc23oy/ros2_ws/src/install/ros2_project_sc23oy/lib/ros2_project_sc23oy
Installing fourth_step script to /uolstore/home/users/sc23oy/ros2_ws/src/install/ros2_project_sc23oy/lib/ros2_project_sc23oy
Installing second_step script to /uolstore/home/users/sc23oy/ros2_ws/src/install/ros2_project_sc23oy/lib/ros2_project_sc23oy
Installing third_step script to /uolstore/home/users/sc23oy/ros2_ws/src/install/ros2_project_sc23oy/lib/ros2_project_sc23oy
writing list of installed files to '/uolstore/home/users/sc23oy/ros2_ws/src/build/ros2_project_sc23oy/install.log'
